Clock: clk_IN
Sources: clk_IN 
Generated: no
Virtual: no
Propagated: no
Period: 62.500000

===========================================================================
report_clock_properties
============================================================================
Clock                   Period          Waveform
----------------------------------------------------
clk_IN               62.500000    0.000000 31.250000

===========================================================================
report_clock_latency
============================================================================
Clock clk_IN
rise -> rise
    min     max
0.000000 0.000000 source latency
0.000000         network latency _16848_/CLK
        0.000000 network latency _16848_/CLK
---------------
0.000000 0.000000 latency
        0.000000 skew

fall -> fall
    min     max
0.000000 0.000000 source latency
0.000000         network latency _16848_/CLK
        0.000000 network latency _16848_/CLK
---------------
0.000000 0.000000 latency
        0.000000 skew



===========================================================================
report_clock_min_period
============================================================================
clk_IN period_min = 412.80 fmax = 2.42
Clock: sclk_IN
Sources: sclk_IN 
Generated: no
Virtual: no
Propagated: no
Period: 2000.000000

===========================================================================
report_clock_properties
============================================================================
Clock                   Period          Waveform
----------------------------------------------------
sclk_IN             2000.000000    0.0000001000.000000

===========================================================================
report_clock_latency
============================================================================
Clock sclk_IN
rise -> rise
    min     max
0.000000 0.000000 source latency
0.000000         network latency _16856_/CLK
        0.000000 network latency _16856_/CLK
---------------
0.000000 0.000000 latency
        0.000000 skew

fall -> fall
    min     max
0.000000 0.000000 source latency
0.000000         network latency _16856_/CLK
        0.000000 network latency _16856_/CLK
---------------
0.000000 0.000000 latency
        0.000000 skew



===========================================================================
report_clock_min_period
============================================================================
sclk_IN period_min = 22.20 fmax = 45.05
