
===========================================================================
 report_power
============================================================================
======================= nom_tt_025C_3v30 Corner ===================================

Group                    Internal    Switching      Leakage        Total
                            Power        Power        Power        Power (Watts)
------------------------------------------------------------------------
Sequential           8.979757e-03 5.522598e-07 4.853877e-07 8.980795e-03  99.9%
Combinational        2.503595e-06 2.383730e-06 5.135257e-07 5.400851e-06   0.1%
Clock                0.000000e+00 0.000000e+00 0.000000e+00 0.000000e+00   0.0%
Macro                0.000000e+00 0.000000e+00 0.000000e+00 0.000000e+00   0.0%
Pad                  0.000000e+00 0.000000e+00 0.000000e+00 0.000000e+00   0.0%
------------------------------------------------------------------------
Total                8.982262e-03 2.935991e-06 9.989793e-07 8.986196e-03 100.0%
                           100.0%         0.0%         0.0%

