Clock: clk_IN
Sources: clk_IN 
Generated: no
Virtual: yes
Propagated: no
Period: 62.500000

===========================================================================
report_clock_properties
============================================================================
Clock                   Period          Waveform
----------------------------------------------------
clk_IN               62.500000    0.000000 31.250000

===========================================================================
report_clock_latency
============================================================================
Clock clk_IN
rise -> rise
    min     max
0.000000 0.000000 source latency
0.059569         network latency _16872_/CLK
        0.636115 network latency _17136_/CLK
---------------
0.059569 0.636115 latency
        0.576546 skew

fall -> fall
    min     max
0.000000 0.000000 source latency
0.059568         network latency _16872_/CLK
        0.636117 network latency _17136_/CLK
---------------
0.059568 0.636117 latency
        0.576549 skew



===========================================================================
report_clock_min_period
============================================================================
clk_IN period_min = 814.13 fmax = 1.23
Clock: sclk_IN
Sources: sclk_IN 
Generated: no
Virtual: yes
Propagated: no
Period: 2000.000000

===========================================================================
report_clock_properties
============================================================================
Clock                   Period          Waveform
----------------------------------------------------
sclk_IN             2000.000000    0.0000001000.000000

===========================================================================
report_clock_latency
============================================================================
Clock sclk_IN
rise -> rise
    min     max
0.000000 0.000000 source latency
0.002447         network latency _16962_/CLKN
        0.028364 network latency _16933_/CLK
---------------
0.002447 0.028364 latency
        0.025917 skew

fall -> fall
    min     max
0.000000 0.000000 source latency
0.002501         network latency _16962_/CLKN
        0.028308 network latency _16933_/CLK
---------------
0.002501 0.028308 latency
        0.025807 skew



===========================================================================
report_clock_min_period
============================================================================
sclk_IN period_min = 44.63 fmax = 22.41
