
===========================================================================
 report_power
============================================================================
======================= max_ss_125C_3v00 Corner ===================================

Group                    Internal    Switching      Leakage        Total
                            Power        Power        Power        Power (Watts)
------------------------------------------------------------------------
Sequential           7.803960e-03 4.876195e-07 1.827539e-06 7.806276e-03  99.9%
Combinational        1.960087e-06 2.137469e-06 3.445738e-06 7.543294e-06   0.1%
Clock                0.000000e+00 0.000000e+00 2.495726e-06 2.495726e-06   0.0%
Macro                0.000000e+00 0.000000e+00 0.000000e+00 0.000000e+00   0.0%
Pad                  0.000000e+00 0.000000e+00 0.000000e+00 0.000000e+00   0.0%
------------------------------------------------------------------------
Total                7.805920e-03 2.625088e-06 7.770332e-06 7.816316e-03 100.0%
                            99.9%         0.0%         0.1%
Writing metric power__internal__total: 0.007805920206010342
Writing metric power__switching__total: 2.625087518026703e-6
Writing metric power__leakage__total: 7.770331649226137e-6
Writing metric power__total: 0.0078163156285882

