
===========================================================================
 report_power
============================================================================
======================= min_ff_n40C_3v60 Corner ===================================

Group                    Internal    Switching      Leakage        Total
                            Power        Power        Power        Power (Watts)
------------------------------------------------------------------------
Sequential           1.074715e-02 6.591809e-07 5.738070e-07 1.074839e-02  99.9%
Combinational        3.435775e-06 2.864558e-06 6.099999e-07 6.910333e-06   0.1%
Clock                0.000000e+00 0.000000e+00 0.000000e+00 0.000000e+00   0.0%
Macro                0.000000e+00 0.000000e+00 0.000000e+00 0.000000e+00   0.0%
Pad                  0.000000e+00 0.000000e+00 0.000000e+00 0.000000e+00   0.0%
------------------------------------------------------------------------
Total                1.075059e-02 3.523739e-06 1.183861e-06 1.075530e-02 100.0%
                           100.0%         0.0%         0.0%

