Clock: clk_IN
Sources: clk_IN 
Generated: no
Virtual: yes
Propagated: no
Period: 62.500000

===========================================================================
report_clock_properties
============================================================================
Clock                   Period          Waveform
----------------------------------------------------
clk_IN               62.500000    0.000000 31.250000

===========================================================================
report_clock_latency
============================================================================
Clock clk_IN
rise -> rise
    min     max
0.000000 0.000000 source latency
3.831949         network latency _18939_/CLK
        4.105255 network latency _17682_/CLK
---------------
3.831949 4.105255 latency
        0.273306 skew

fall -> fall
    min     max
0.000000 0.000000 source latency
3.935274         network latency _18939_/CLK
        4.205173 network latency _17682_/CLK
---------------
3.935274 4.205173 latency
        0.269900 skew



===========================================================================
report_clock_min_period
============================================================================
clk_IN period_min = 27.41 fmax = 36.49
Clock: sclk_IN
Sources: sclk_IN 
Generated: no
Virtual: yes
Propagated: no
Period: 2000.000000

===========================================================================
report_clock_properties
============================================================================
Clock                   Period          Waveform
----------------------------------------------------
sclk_IN             2000.000000    0.0000001000.000000

===========================================================================
report_clock_latency
============================================================================
Clock sclk_IN
rise -> rise
    min     max
0.000000 0.000000 source latency
2.296688         network latency _16979_/CLKN
        2.994748 network latency _16927_/CLK
---------------
2.296688 2.994748 latency
        0.698060 skew

fall -> fall
    min     max
0.000000 0.000000 source latency
2.342858         network latency _16979_/CLKN
        3.027935 network latency _16927_/CLK
---------------
2.342858 3.027935 latency
        0.685077 skew



===========================================================================
report_clock_min_period
============================================================================
sclk_IN period_min = 15.35 fmax = 65.13
