
===========================================================================
 report_power
============================================================================
======================= nom_tt_025C_3v30 Corner ===================================

Group                    Internal    Switching      Leakage        Total
                            Power        Power        Power        Power (Watts)
------------------------------------------------------------------------
Sequential           9.150865e-03 4.257433e-07 4.855598e-07 9.151776e-03  61.7%
Combinational        6.722425e-06 9.366346e-06 9.272310e-07 1.701600e-05   0.1%
Clock                2.060488e-03 3.599323e-03 1.225288e-06 5.661036e-03  38.2%
Macro                0.000000e+00 0.000000e+00 0.000000e+00 0.000000e+00   0.0%
Pad                  0.000000e+00 0.000000e+00 0.000000e+00 0.000000e+00   0.0%
------------------------------------------------------------------------
Total                1.121807e-02 3.609113e-03 2.637737e-06 1.482982e-02 100.0%
                            75.6%        24.3%         0.0%

