+ analyze_power_grid -net VDD -voltage_file /foss/designs/ascon_run_deffile/runs/run11/59-openroad-irdropreport/net-VDD.csv
[INFO PSM-0040] All shapes on net VDD are connected.
########## IR report #################
Net              : VDD
Corner           : max_ss_125C_3v00
Total power      : 1.26e-02 W
Supply voltage   : 3.00e+00 V
Worstcase voltage: 2.99e+00 V
Average voltage  : 2.99e+00 V
Average IR drop  : 9.07e-03 V
Worstcase IR drop: 1.12e-02 V
Percentage drop  : 0.37 %
######################################
+ analyze_power_grid -net VSS -voltage_file /foss/designs/ascon_run_deffile/runs/run11/59-openroad-irdropreport/net-VSS.csv
[INFO PSM-0040] All shapes on net VSS are connected.
########## IR report #################
Net              : VSS
Corner           : max_ss_125C_3v00
Total power      : 1.26e-02 W
Supply voltage   : 0.00e+00 V
Worstcase voltage: 1.24e-02 V
Average voltage  : 1.02e-02 V
Average IR drop  : 1.02e-02 V
Worstcase IR drop: 1.24e-02 V
Percentage drop  : 0.41 %
######################################
