Reading timing models for corner max_ss_125C_3v00…
Reading timing library for the 'max_ss_125C_3v00' corner at '/foss/pdks/gf180mcuD/libs.ref/gf180mcu_fd_sc_mcu7t5v0/lib/gf180mcu_fd_sc_mcu7t5v0__ss_125C_3v00.lib'…
Reading OpenROAD database at '/foss/designs/ascon_run_deffile/runs/run11/56-odb-cellfrequencytables/A10_A.odb'…
Reading design constraints file at '/foss/designs/ascon_run_deffile/constraints_run2_maxtran6.sdc'…
[INFO] No information on clock propagation in input SDC file-- propagating all clocks.
[INFO] Using voltage extracted from lib (3V) for power nets and 0V for ground nets…
%OL_CREATE_REPORT irdrop.rpt
+ analyze_power_grid -net VDD -voltage_file /foss/designs/ascon_run_deffile/runs/run11/59-openroad-irdropreport/net-VDD.csv
[INFO PSM-0040] All shapes on net VDD are connected.
########## IR report #################
Net              : VDD
Corner           : max_ss_125C_3v00
Total power      : 1.26e-02 W
Supply voltage   : 3.00e+00 V
Worstcase voltage: 2.99e+00 V
Average voltage  : 2.99e+00 V
Average IR drop  : 9.07e-03 V
Worstcase IR drop: 1.12e-02 V
Percentage drop  : 0.37 %
######################################
+ analyze_power_grid -net VSS -voltage_file /foss/designs/ascon_run_deffile/runs/run11/59-openroad-irdropreport/net-VSS.csv
[INFO PSM-0040] All shapes on net VSS are connected.
########## IR report #################
Net              : VSS
Corner           : max_ss_125C_3v00
Total power      : 1.26e-02 W
Supply voltage   : 0.00e+00 V
Worstcase voltage: 1.24e-02 V
Average voltage  : 1.02e-02 V
Average IR drop  : 1.02e-02 V
Worstcase IR drop: 1.24e-02 V
Percentage drop  : 0.41 %
######################################
%OL_END_REPORT
