Reading timing models for corner min_ff_n40C_3v60…
Reading timing library for the 'min_ff_n40C_3v60' corner at '/foss/pdks/gf180mcuD/libs.ref/gf180mcu_fd_sc_mcu7t5v0/lib/gf180mcu_fd_sc_mcu7t5v0__ff_n40C_3v60.lib'…
Reading timing models for corner max_ss_125C_3v00…
Reading timing library for the 'max_ss_125C_3v00' corner at '/foss/pdks/gf180mcuD/libs.ref/gf180mcu_fd_sc_mcu7t5v0/lib/gf180mcu_fd_sc_mcu7t5v0__ss_125C_3v00.lib'…
Reading timing models for corner nom_tt_025C_3v30…
Reading timing library for the 'nom_tt_025C_3v30' corner at '/foss/pdks/gf180mcuD/libs.ref/gf180mcu_fd_sc_mcu7t5v0/lib/gf180mcu_fd_sc_mcu7t5v0__tt_025C_3v30.lib'…
Reading OpenROAD database at '/foss/designs/ascon_run_deffile/runs/run11/28-openroad-globalplacement/A10_A.odb'…
Reading design constraints file at '/foss/designs/ascon_run_deffile/constraints_run2_maxtran6.sdc'…
[INFO] No information on clock propagation in input SDC file-- propagating all clocks.
[INFO RSZ-0027] Inserted 3 gf180mcu_fd_sc_mcu7t5v0__buf_1 input buffers.
[INFO RSZ-0028] Inserted 1 gf180mcu_fd_sc_mcu7t5v0__buf_1 output buffers.
+ repair_design -verbose -max_wire_length 180 -slew_margin 35 -cap_margin 35
[WARNING RSZ-0065] max wire length less than 28858u increases wire delays.
Iteration |   Area    | Resized | Buffers | Nets repaired | Remaining
---------------------------------------------------------------------
        0 |     +0.0% |       0 |       0 |             0 |     11061
     1000 |     +0.0% |       0 |       1 |             1 |     10061
     2000 |     +0.6% |       7 |     157 |            20 |      9061
     3000 |     +1.1% |      13 |     281 |            41 |      8061
     4000 |     +1.3% |      14 |     306 |            54 |      7061
     5000 |     +2.8% |      26 |     664 |           106 |      6061
     6000 |     +4.5% |      37 |    1050 |           137 |      5061
     7000 |     +8.5% |      56 |    2039 |           351 |      4061
     8000 |    +10.2% |      57 |    2497 |           593 |      3061
     9000 |    +11.2% |      62 |    2745 |           664 |      2061
    10000 |    +13.0% |      62 |    3219 |           836 |      1061
    11000 |    +15.5% |      64 |    3497 |           850 |        61
    final |    +15.6% |      66 |    3531 |           853 |         0
---------------------------------------------------------------------
[INFO RSZ-0034] Found 142 slew violations.
[INFO RSZ-0036] Found 33 capacitance violations.
[INFO RSZ-0037] Found 842 long wires.
[INFO RSZ-0039] Resized 66 instances.
[INFO RSZ-0038] Inserted 3531 buffers in 853 nets.
[INFO RSZ-0042] Inserted 35 tie gf180mcu_fd_sc_mcu7t5v0__tiel instances.
[INFO RSZ-0042] Inserted 8 tie gf180mcu_fd_sc_mcu7t5v0__tieh instances.
[WARNING RSZ-0020] found 2 floating nets.
 VDD
 VSS
+ detailed_placement -max_displacement  500 100 
Placement Analysis
---------------------------------
total displacement      67723.0 u
average displacement        3.0 u
max displacement           25.6 u
original HPWL          839093.2 u
legalized HPWL         897307.1 u
delta HPWL                    7 %

[INFO DPL-0020] Mirrored 5310 instances
[INFO DPL-0021] HPWL before          897307.1 u
[INFO DPL-0022] HPWL after           884838.7 u
[INFO DPL-0023] HPWL delta               -1.4 %
Setting global connections for newly added cells…
[INFO] Setting global connections...
[INFO ODB-0403] 14312 connections made, 0 conflicts skipped.
Updating metrics…
Cell type report:                       Count       Area
  Endcap cell                             544    2388.38
  Tap cell                               7402   32497.74
  Tie cell                                 43     377.57
  Timing Repair Buffer                   3535   56552.74
  Inverter                                371    3284.02
  Sequential cell                        2585  193010.76
  Multi-Input combinational cell         8052  174237.41
  Total                                 22532  462348.63
Writing OpenROAD database to '/foss/designs/ascon_run_deffile/runs/run11/32-openroad-repairdesignpostgpl/A10_A.odb'…
Writing netlist to '/foss/designs/ascon_run_deffile/runs/run11/32-openroad-repairdesignpostgpl/A10_A.nl.v'…
Writing powered netlist to '/foss/designs/ascon_run_deffile/runs/run11/32-openroad-repairdesignpostgpl/A10_A.pnl.v'…
Writing layout to '/foss/designs/ascon_run_deffile/runs/run11/32-openroad-repairdesignpostgpl/A10_A.def'…
Writing timing constraints to '/foss/designs/ascon_run_deffile/runs/run11/32-openroad-repairdesignpostgpl/A10_A.sdc'…
