Reading timing models for corner min_ff_n40C_3v60…
Reading timing library for the 'min_ff_n40C_3v60' corner at '/foss/pdks/gf180mcuD/libs.ref/gf180mcu_fd_sc_mcu7t5v0/lib/gf180mcu_fd_sc_mcu7t5v0__ff_n40C_3v60.lib'…
Reading timing models for corner max_ss_125C_3v00…
Reading timing library for the 'max_ss_125C_3v00' corner at '/foss/pdks/gf180mcuD/libs.ref/gf180mcu_fd_sc_mcu7t5v0/lib/gf180mcu_fd_sc_mcu7t5v0__ss_125C_3v00.lib'…
Reading timing models for corner nom_tt_025C_3v30…
Reading timing library for the 'nom_tt_025C_3v30' corner at '/foss/pdks/gf180mcuD/libs.ref/gf180mcu_fd_sc_mcu7t5v0/lib/gf180mcu_fd_sc_mcu7t5v0__tt_025C_3v30.lib'…
Reading OpenROAD database at '/foss/designs/ascon_run_deffile/runs/run11/35-openroad-cts/A10_A.odb'…
Reading design constraints file at '/foss/designs/ascon_run_deffile/constraints_run2_maxtran6.sdc'…
[INFO] No information on clock propagation in input SDC file-- propagating all clocks.
+ repair_timing -verbose -setup -setup_margin 0.5 -max_buffer_percent 50
[INFO RSZ-0100] Repair move sequence: UnbufferMove SizeUpMove SwapPinsMove BufferMove CloneMove SplitLoadMove 
[INFO RSZ-0098] No setup violations found
+ repair_timing -verbose -hold -setup_margin 0.5 -hold_margin 0.5 -max_buffer_percent 50
[INFO RSZ-0046] Found 2540 endpoints with hold violations.
Iteration | Resized | Buffers | Cloned Gates |   Area   |   WNS   |   TNS   | Endpoint
--------------------------------------------------------------------------------------
        0 |       0 |       0 |            0 |    +0.0% |  -1.577 |  -9.256 | _16879_/D
       10 |       0 |      20 |            0 |    +0.1% |  -0.255 |  -6.582 | _17024_/D
       20 |       0 |      40 |            0 |    +0.1% |  -0.246 |  -4.095 | _16872_/D
       30 |       0 |      60 |            0 |    +0.2% |  -0.246 |  -1.910 | _16872_/D
       40 |       0 |      82 |            0 |    +0.2% |  -0.246 |  -0.595 | _16872_/D
       50 |       0 |      99 |            0 |    +0.3% |  -0.246 |  -0.486 | _16872_/D
       60 |       0 |     125 |            0 |    +0.4% |  -0.240 |  -0.240 | _16869_/D
       70 |       0 |     145 |            0 |    +0.4% |  -0.240 |  -0.240 | _16869_/D
       80 |       0 |     165 |            0 |    +0.5% |  -0.240 |  -0.240 | _16869_/D
       90 |       0 |     187 |            0 |    +0.6% |  -0.240 |  -0.240 | _16869_/D
      100 |       0 |     213 |            0 |    +0.6% |  -0.240 |  -0.240 | _16869_/D
      110 |       0 |     243 |            0 |    +0.7% |  -0.240 |  -0.240 | _16869_/D
      120 |       0 |     273 |            0 |    +0.8% |  -0.240 |  -0.240 | _16869_/D
      130 |       0 |     298 |            0 |    +0.9% |  -0.240 |  -0.240 | _16869_/D
      140 |       0 |     327 |            0 |    +1.0% |  -0.240 |  -0.240 | _16869_/D
      150 |       0 |     356 |            0 |    +1.1% |  -0.240 |  -0.240 | _16869_/D
      160 |       0 |     380 |            0 |    +1.1% |  -0.240 |  -0.240 | _16869_/D
      170 |       0 |     404 |            0 |    +1.2% |  -0.240 |  -0.240 | _16869_/D
      180 |       0 |     422 |            0 |    +1.3% |  -0.240 |  -0.240 | _16869_/D
      190 |       0 |     445 |            0 |    +1.3% |  -0.240 |  -0.240 | _16869_/D
      200 |       0 |     466 |            0 |    +1.4% |  -0.240 |  -0.240 | _16869_/D
      210 |       0 |     487 |            0 |    +1.5% |  -0.240 |  -0.240 | _16869_/D
      220 |       0 |     503 |            0 |    +1.5% |  -0.240 |  -0.240 | _16869_/D
      230 |       0 |     522 |            0 |    +1.6% |  -0.240 |  -0.240 | _16869_/D
      240 |       0 |     543 |            0 |    +1.6% |  -0.240 |  -0.240 | _16869_/D
      250 |       0 |     565 |            0 |    +1.7% |  -0.240 |  -0.240 | _16869_/D
      260 |       0 |     587 |            0 |    +1.8% |  -0.240 |  -0.240 | _16869_/D
      270 |       0 |     607 |            0 |    +1.8% |  -0.240 |  -0.240 | _16869_/D
      280 |       0 |     630 |            0 |    +1.9% |  -0.240 |  -0.240 | _16869_/D
      290 |       0 |     651 |            0 |    +1.9% |  -0.240 |  -0.240 | _16869_/D
      300 |       0 |     673 |            0 |    +2.0% |  -0.240 |  -0.240 | _16869_/D
      310 |       0 |     697 |            0 |    +2.1% |  -0.240 |  -0.240 | _16869_/D
      320 |       0 |     717 |            0 |    +2.1% |  -0.240 |  -0.240 | _16869_/D
      330 |       0 |     737 |            0 |    +2.2% |  -0.240 |  -0.240 | _16869_/D
      340 |       0 |     759 |            0 |    +2.3% |  -0.240 |  -0.240 | _16869_/D
      350 |       0 |     783 |            0 |    +2.3% |  -0.240 |  -0.240 | _16869_/D
      360 |       0 |     807 |            0 |    +2.4% |  -0.240 |  -0.240 | _16869_/D
      370 |       0 |     833 |            0 |    +2.5% |  -0.240 |  -0.240 | _16869_/D
      380 |       0 |     856 |            0 |    +2.6% |  -0.240 |  -0.240 | _16869_/D
      390 |       0 |     882 |            0 |    +2.6% |  -0.240 |  -0.240 | _16869_/D
      400 |       0 |     912 |            0 |    +2.7% |  -0.240 |  -0.240 | _16869_/D
      410 |       0 |     941 |            0 |    +2.8% |  -0.240 |  -0.240 | _16869_/D
      420 |       0 |     970 |            0 |    +2.9% |  -0.240 |  -0.240 | _16869_/D
      430 |       0 |     998 |            0 |    +3.0% |  -0.240 |  -0.240 | _16869_/D
      440 |       0 |    1026 |            0 |    +3.1% |  -0.240 |  -0.240 | _16869_/D
      450 |       0 |    1047 |            0 |    +3.1% |  -0.240 |  -0.240 | _16869_/D
      460 |       0 |    1068 |            0 |    +3.2% |  -0.240 |  -0.240 | _16869_/D
      470 |       0 |    1088 |            0 |    +3.2% |  -0.240 |  -0.240 | _16869_/D
      480 |       0 |    1109 |            0 |    +3.3% |  -0.240 |  -0.240 | _16869_/D
      490 |       0 |    1131 |            0 |    +3.4% |  -0.240 |  -0.240 | _16869_/D
      500 |       0 |    1152 |            0 |    +3.4% |  -0.240 |  -0.240 | _16869_/D
      510 |       0 |    1174 |            0 |    +3.5% |  -0.240 |  -0.240 | _16869_/D
      520 |       0 |    1195 |            0 |    +3.6% |  -0.240 |  -0.240 | _16869_/D
      530 |       0 |    1218 |            0 |    +3.6% |  -0.240 |  -0.240 | _16869_/D
      540 |       0 |    1239 |            0 |    +3.7% |  -0.240 |  -0.240 | _16869_/D
      550 |       0 |    1259 |            0 |    +3.8% |  -0.240 |  -0.240 | _16869_/D
      560 |       0 |    1279 |            0 |    +3.8% |  -0.240 |  -0.240 | _16869_/D
      570 |       0 |    1299 |            0 |    +3.9% |  -0.240 |  -0.240 | _16869_/D
      580 |       0 |    1319 |            0 |    +3.9% |  -0.240 |  -0.240 | _16869_/D
      590 |       0 |    1339 |            0 |    +4.0% |  -0.240 |  -0.240 | _16869_/D
      600 |       0 |    1361 |            0 |    +4.1% |  -0.240 |  -0.240 | _16869_/D
      610 |       0 |    1382 |            0 |    +4.1% |  -0.240 |  -0.240 | _16869_/D
      620 |       0 |    1403 |            0 |    +4.2% |  -0.240 |  -0.240 | _16869_/D
      630 |       0 |    1424 |            0 |    +4.3% |  -0.240 |  -0.240 | _16869_/D
      640 |       0 |    1446 |            0 |    +4.3% |  -0.240 |  -0.240 | _16869_/D
      650 |       0 |    1469 |            0 |    +4.4% |  -0.240 |  -0.240 | _16869_/D
      660 |       0 |    1489 |            0 |    +4.4% |  -0.240 |  -0.240 | _16869_/D
      670 |       0 |    1509 |            0 |    +4.5% |  -0.240 |  -0.240 | _16869_/D
      680 |       0 |    1533 |            0 |    +4.6% |  -0.240 |  -0.240 | _16869_/D
      690 |       0 |    1557 |            0 |    +4.6% |  -0.240 |  -0.240 | _16869_/D
      700 |       0 |    1582 |            0 |    +4.7% |  -0.240 |  -0.240 | _16869_/D
      710 |       0 |    1607 |            0 |    +4.8% |  -0.240 |  -0.240 | _16869_/D
      720 |       0 |    1629 |            0 |    +4.9% |  -0.240 |  -0.240 | _16869_/D
      730 |       0 |    1651 |            0 |    +4.9% |  -0.240 |  -0.240 | _16869_/D
      740 |       0 |    1676 |            0 |    +5.0% |  -0.240 |  -0.240 | _16869_/D
      750 |       0 |    1699 |            0 |    +5.1% |  -0.240 |  -0.240 | _16869_/D
      760 |       0 |    1721 |            0 |    +5.1% |  -0.240 |  -0.240 | _16869_/D
      770 |       0 |    1747 |            0 |    +5.2% |  -0.240 |  -0.240 | _16869_/D
      780 |       0 |    1768 |            0 |    +5.3% |  -0.240 |  -0.240 | _16869_/D
      790 |       0 |    1790 |            0 |    +5.3% |  -0.240 |  -0.240 | _16869_/D
      800 |       0 |    1811 |            0 |    +5.4% |  -0.240 |  -0.240 | _16869_/D
      810 |       0 |    1834 |            0 |    +5.5% |  -0.240 |  -0.240 | _16869_/D
      820 |       0 |    1857 |            0 |    +5.5% |  -0.240 |  -0.240 | _16869_/D
      830 |       0 |    1882 |            0 |    +5.6% |  -0.240 |  -0.240 | _16869_/D
      840 |       0 |    1908 |            0 |    +5.7% |  -0.240 |  -0.240 | _16869_/D
      850 |       0 |    1932 |            0 |    +5.8% |  -0.240 |  -0.240 | _16869_/D
      860 |       0 |    1959 |            0 |    +5.9% |  -0.240 |  -0.240 | _16869_/D
      870 |       0 |    1987 |            0 |    +5.9% |  -0.240 |  -0.240 | _16869_/D
      880 |       0 |    2016 |            0 |    +6.0% |  -0.240 |  -0.240 | _16869_/D
      890 |       0 |    2046 |            0 |    +6.1% |  -0.240 |  -0.240 | _16869_/D
      900 |       0 |    2071 |            0 |    +6.2% |  -0.240 |  -0.240 | _16869_/D
      910 |       0 |    2100 |            0 |    +6.3% |  -0.240 |  -0.240 | _16869_/D
      920 |       0 |    2126 |            0 |    +6.3% |  -0.240 |  -0.240 | _16869_/D
      930 |       0 |    2147 |            0 |    +6.4% |  -0.240 |  -0.240 | _16869_/D
      940 |       0 |    2167 |            0 |    +6.5% |  -0.240 |  -0.240 | _16869_/D
      950 |       0 |    2187 |            0 |    +6.5% |  -0.240 |  -0.240 | _16869_/D
      960 |       0 |    2209 |            0 |    +6.6% |  -0.240 |  -0.240 | _16869_/D
      970 |       0 |    2230 |            0 |    +6.7% |  -0.240 |  -0.240 | _16869_/D
      980 |       0 |    2252 |            0 |    +6.7% |  -0.240 |  -0.240 | _16869_/D
      990 |       0 |    2279 |            0 |    +6.8% |  -0.240 |  -0.240 | _16869_/D
     1000 |       0 |    2299 |            0 |    +6.9% |  -0.240 |  -0.240 | _16869_/D
     1010 |       0 |    2322 |            0 |    +6.9% |  -0.240 |  -0.240 | _16869_/D
     1020 |       0 |    2342 |            0 |    +7.0% |  -0.240 |  -0.240 | _16869_/D
     1030 |       0 |    2363 |            0 |    +7.1% |  -0.240 |  -0.240 | _16869_/D
     1040 |       0 |    2384 |            0 |    +7.1% |  -0.240 |  -0.240 | _16869_/D
     1050 |       0 |    2405 |            0 |    +7.2% |  -0.240 |  -0.240 | _16869_/D
     1060 |       0 |    2425 |            0 |    +7.2% |  -0.240 |  -0.240 | _16869_/D
     1070 |       0 |    2445 |            0 |    +7.3% |  -0.240 |  -0.240 | _16869_/D
     1080 |       0 |    2466 |            0 |    +7.4% |  -0.240 |  -0.240 | _16869_/D
     1090 |       0 |    2487 |            0 |    +7.4% |  -0.240 |  -0.240 | _16869_/D
     1100 |       0 |    2507 |            0 |    +7.5% |  -0.240 |  -0.240 | _16869_/D
     1110 |       0 |    2527 |            0 |    +7.5% |  -0.240 |  -0.240 | _16869_/D
     1120 |       0 |    2547 |            0 |    +7.6% |  -0.240 |  -0.240 | _16869_/D
     1130 |       0 |    2568 |            0 |    +7.7% |  -0.240 |  -0.240 | _16869_/D
     1140 |       0 |    2588 |            0 |    +7.7% |  -0.240 |  -0.240 | _16869_/D
     1150 |       0 |    2608 |            0 |    +7.8% |  -0.240 |  -0.240 | _16869_/D
     1160 |       0 |    2628 |            0 |    +7.8% |  -0.240 |  -0.240 | _16869_/D
     1170 |       0 |    2648 |            0 |    +7.9% |  -0.240 |  -0.240 | _16869_/D
     1180 |       0 |    2668 |            0 |    +8.0% |  -0.240 |  -0.240 | _16869_/D
     1190 |       0 |    2688 |            0 |    +8.0% |  -0.240 |  -0.240 | _16869_/D
     1200 |       0 |    2708 |            0 |    +8.1% |  -0.240 |  -0.240 | _16869_/D
     1210 |       0 |    2728 |            0 |    +8.1% |  -0.240 |  -0.240 | _16869_/D
     1220 |       0 |    2748 |            0 |    +8.2% |  -0.240 |  -0.240 | _16869_/D
     1230 |       0 |    2767 |            0 |    +8.3% |  -0.240 |  -0.240 | _16869_/D
     1240 |       0 |    2787 |            0 |    +8.3% |  -0.240 |  -0.240 | _16869_/D
     1250 |       0 |    2807 |            0 |    +8.4% |  -0.240 |  -0.240 | _16869_/D
     1260 |       0 |    2828 |            0 |    +8.4% |  -0.240 |  -0.240 | _16869_/D
     1270 |       0 |    2848 |            0 |    +8.5% |  -0.240 |  -0.240 | _16869_/D
     1280 |       0 |    2868 |            0 |    +8.6% |  -0.240 |  -0.240 | _16869_/D
     1290 |       0 |    2888 |            0 |    +8.6% |  -0.240 |  -0.240 | _16869_/D
     1300 |       0 |    2908 |            0 |    +8.7% |  -0.240 |  -0.240 | _16869_/D
     1310 |       0 |    2928 |            0 |    +8.7% |  -0.240 |  -0.240 | _16869_/D
     1320 |       0 |    2947 |            0 |    +8.8% |  -0.240 |  -0.240 | _16869_/D
     1330 |       0 |    2966 |            0 |    +8.9% |  -0.240 |  -0.240 | _16869_/D
     1340 |       0 |    2986 |            0 |    +8.9% |  -0.240 |  -0.240 | _16869_/D
     1350 |       0 |    3006 |            0 |    +9.0% |  -0.240 |  -0.240 | _16869_/D
     1360 |       0 |    3026 |            0 |    +9.0% |  -0.240 |  -0.240 | _16869_/D
     1370 |       0 |    3046 |            0 |    +9.1% |  -0.240 |  -0.240 | _16869_/D
     1380 |       0 |    3066 |            0 |    +9.2% |  -0.240 |  -0.240 | _16869_/D
     1390 |       0 |    3085 |            0 |    +9.2% |  -0.240 |  -0.240 | _16869_/D
     1400 |       0 |    3104 |            0 |    +9.3% |  -0.240 |  -0.240 | _16869_/D
     1410 |       0 |    3123 |            0 |    +9.3% |  -0.240 |  -0.240 | _16869_/D
     1420 |       0 |    3142 |            0 |    +9.4% |  -0.240 |  -0.240 | _16869_/D
     1430 |       0 |    3162 |            0 |    +9.4% |  -0.240 |  -0.240 | _16869_/D
     1440 |       0 |    3182 |            0 |    +9.5% |  -0.240 |  -0.240 | _16869_/D
     1450 |       0 |    3202 |            0 |    +9.6% |  -0.240 |  -0.240 | _16869_/D
     1460 |       0 |    3222 |            0 |    +9.6% |  -0.240 |  -0.240 | _16869_/D
     1470 |       0 |    3242 |            0 |    +9.7% |  -0.240 |  -0.240 | _16869_/D
     1480 |       0 |    3261 |            0 |    +9.7% |  -0.240 |  -0.240 | _16869_/D
     1490 |       0 |    3281 |            0 |    +9.8% |  -0.240 |  -0.240 | _16869_/D
     1500 |       0 |    3300 |            0 |    +9.9% |  -0.240 |  -0.240 | _16869_/D
     1510 |       0 |    3320 |            0 |    +9.9% |  -0.240 |  -0.240 | _16869_/D
     1520 |       0 |    3340 |            0 |   +10.0% |  -0.240 |  -0.240 | _16869_/D
     1530 |       0 |    3360 |            0 |   +10.0% |  -0.240 |  -0.240 | _16869_/D
     1540 |       0 |    3380 |            0 |   +10.1% |  -0.240 |  -0.240 | _16869_/D
     1550 |       0 |    3401 |            0 |   +10.2% |  -0.240 |  -0.240 | _16869_/D
     1560 |       0 |    3421 |            0 |   +10.2% |  -0.240 |  -0.240 | _16869_/D
     1570 |       0 |    3441 |            0 |   +10.3% |  -0.240 |  -0.240 | _16869_/D
     1580 |       0 |    3461 |            0 |   +10.3% |  -0.240 |  -0.240 | _16869_/D
     1590 |       0 |    3481 |            0 |   +10.4% |  -0.240 |  -0.240 | _16869_/D
     1600 |       0 |    3498 |            0 |   +10.4% |  -0.240 |  -0.240 | _16869_/D
     1610 |       0 |    3518 |            0 |   +10.5% |  -0.240 |  -0.240 | _16869_/D
     1620 |       0 |    3538 |            0 |   +10.6% |  -0.240 |  -0.240 | _16869_/D
     1630 |       0 |    3558 |            0 |   +10.6% |  -0.240 |  -0.240 | _16869_/D
     1640 |       0 |    3577 |            0 |   +10.7% |  -0.240 |  -0.240 | _16869_/D
     1650 |       0 |    3595 |            0 |   +10.7% |  -0.240 |  -0.240 | _16869_/D
     1660 |       0 |    3615 |            0 |   +10.8% |  -0.240 |  -0.240 | _16869_/D
     1670 |       0 |    3635 |            0 |   +10.9% |  -0.240 |  -0.240 | _16869_/D
     1680 |       0 |    3653 |            0 |   +10.9% |  -0.240 |  -0.240 | _16869_/D
     1690 |       0 |    3673 |            0 |   +11.0% |  -0.240 |  -0.240 | _16869_/D
     1700 |       0 |    3688 |            0 |   +11.0% |  -0.240 |  -0.240 | _16869_/D
     1710 |       0 |    3705 |            0 |   +11.1% |  -0.240 |  -0.240 | _16869_/D
     1720 |       0 |    3719 |            0 |   +11.1% |  -0.240 |  -0.240 | _16869_/D
     1730 |       0 |    3730 |            0 |   +11.1% |  -0.240 |  -0.240 | _16869_/D
     1740 |       0 |    3743 |            0 |   +11.2% |  -0.240 |  -0.240 | _16869_/D
     1750 |       0 |    3757 |            0 |   +11.2% |  -0.240 |  -0.240 | _16869_/D
     1760 |       0 |    3775 |            0 |   +11.3% |  -0.240 |  -0.240 | _16869_/D
     1770 |       0 |    3794 |            0 |   +11.3% |  -0.240 |  -0.240 | _16869_/D
     1780 |       0 |    3814 |            0 |   +11.4% |  -0.240 |  -0.240 | _16869_/D
     1790 |       0 |    3834 |            0 |   +11.4% |  -0.240 |  -0.240 | _16869_/D
     1800 |       0 |    3854 |            0 |   +11.5% |  -0.240 |  -0.240 | _16869_/D
     1810 |       0 |    3874 |            0 |   +11.6% |  -0.240 |  -0.240 | _16869_/D
     1820 |       0 |    3894 |            0 |   +11.6% |  -0.240 |  -0.240 | _16869_/D
     1830 |       0 |    3914 |            0 |   +11.7% |  -0.240 |  -0.240 | _16869_/D
     1840 |       0 |    3934 |            0 |   +11.7% |  -0.240 |  -0.240 | _16869_/D
     1850 |       0 |    3954 |            0 |   +11.8% |  -0.240 |  -0.240 | _16869_/D
     1860 |       0 |    3973 |            0 |   +11.9% |  -0.240 |  -0.240 | _16869_/D
     1870 |       0 |    3993 |            0 |   +11.9% |  -0.240 |  -0.240 | _16869_/D
     1880 |       0 |    4013 |            0 |   +12.0% |  -0.240 |  -0.240 | _16869_/D
     1890 |       0 |    4033 |            0 |   +12.0% |  -0.240 |  -0.240 | _16869_/D
     1900 |       0 |    4046 |            0 |   +12.1% |  -0.240 |  -0.240 | _16869_/D
     1910 |       0 |    4068 |            0 |   +12.1% |  -0.240 |  -0.240 | _16869_/D
     1920 |       0 |    4098 |            0 |   +12.2% |  -0.240 |  -0.240 | _16869_/D
     1930 |       0 |    4124 |            0 |   +12.3% |  -0.240 |  -0.240 | _16869_/D
     1940 |       0 |    4154 |            0 |   +12.4% |  -0.240 |  -0.240 | _16869_/D
     1950 |       0 |    4184 |            0 |   +12.5% |  -0.240 |  -0.240 | _16869_/D
     1960 |       0 |    4210 |            0 |   +12.6% |  -0.240 |  -0.240 | _16869_/D
     1970 |       0 |    4228 |            0 |   +12.6% |  -0.240 |  -0.240 | _16869_/D
     1980 |       0 |    4239 |            0 |   +12.7% |  -0.240 |  -0.240 | _16869_/D
     1990 |       0 |    4249 |            0 |   +12.7% |  -0.240 |  -0.240 | _16869_/D
     2000 |       0 |    4259 |            0 |   +12.7% |  -0.240 |  -0.240 | _16869_/D
     2010 |       0 |    4269 |            0 |   +12.7% |  -0.240 |  -0.240 | _16869_/D
     2020 |       0 |    4282 |            0 |   +12.8% |  -0.240 |  -0.240 | _16869_/D
     2030 |       0 |    4295 |            0 |   +12.8% |  -0.240 |  -0.240 | _16869_/D
     2040 |       0 |    4306 |            0 |   +12.9% |  -0.240 |  -0.240 | _16869_/D
     2050 |       0 |    4316 |            0 |   +12.9% |  -0.240 |  -0.240 | _16869_/D
     2060 |       0 |    4326 |            0 |   +12.9% |  -0.240 |  -0.240 | _16869_/D
     2070 |       0 |    4337 |            0 |   +13.0% |  -0.240 |  -0.240 | _16869_/D
     2080 |       0 |    4348 |            0 |   +13.0% |  -0.240 |  -0.240 | _16869_/D
     2090 |       0 |    4358 |            0 |   +13.0% |  -0.240 |  -0.240 | _16869_/D
     2100 |       0 |    4369 |            0 |   +13.0% |  -0.240 |  -0.240 | _16869_/D
     2110 |       0 |    4379 |            0 |   +13.1% |  -0.240 |  -0.240 | _16869_/D
     2120 |       0 |    4390 |            0 |   +13.1% |  -0.240 |  -0.240 | _16869_/D
     2130 |       0 |    4401 |            0 |   +13.1% |  -0.240 |  -0.240 | _16869_/D
     2140 |       0 |    4406 |            0 |   +13.2% |  -0.240 |  -0.240 | _16869_/D
     2150 |       0 |    4417 |            0 |   +13.2% |  -0.240 |  -0.240 | _16869_/D
     2160 |       0 |    4431 |            0 |   +13.2% |  -0.240 |  -0.240 | _16869_/D
     2170 |       0 |    4446 |            0 |   +13.3% |  -0.240 |  -0.240 | _16869_/D
     2180 |       0 |    4457 |            0 |   +13.3% |  -0.240 |  -0.240 | _16869_/D
     2190 |       0 |    4469 |            0 |   +13.3% |  -0.240 |  -0.240 | _16869_/D
     2200 |       0 |    4480 |            0 |   +13.4% |  -0.240 |  -0.240 | _16869_/D
     2210 |       0 |    4492 |            0 |   +13.4% |  -0.240 |  -0.240 | _16869_/D
     2220 |       0 |    4505 |            0 |   +13.5% |  -0.240 |  -0.240 | _16869_/D
     2230 |       0 |    4518 |            0 |   +13.5% |  -0.240 |  -0.240 | _16869_/D
     2240 |       0 |    4528 |            0 |   +13.5% |  -0.240 |  -0.240 | _16869_/D
     2250 |       0 |    4539 |            0 |   +13.6% |  -0.240 |  -0.240 | _16869_/D
     2260 |       0 |    4548 |            0 |   +13.6% |  -0.240 |  -0.240 | _16869_/D
     2270 |       0 |    4557 |            0 |   +13.6% |  -0.240 |  -0.240 | _16869_/D
     2280 |       0 |    4567 |            0 |   +13.6% |  -0.240 |  -0.240 | _16869_/D
     2290 |       0 |    4577 |            0 |   +13.7% |  -0.240 |  -0.240 | _16869_/D
     2300 |       0 |    4586 |            0 |   +13.7% |  -0.240 |  -0.240 | _16869_/D
     2310 |       0 |    4596 |            0 |   +13.7% |  -0.240 |  -0.240 | _16869_/D
     2320 |       0 |    4606 |            0 |   +13.8% |  -0.240 |  -0.240 | _16869_/D
     2330 |       0 |    4616 |            0 |   +13.8% |  -0.240 |  -0.240 | _16869_/D
     2340 |       0 |    4626 |            0 |   +13.8% |  -0.240 |  -0.240 | _16869_/D
     2350 |       0 |    4637 |            0 |   +13.8% |  -0.240 |  -0.240 | _16869_/D
     2360 |       0 |    4647 |            0 |   +13.9% |  -0.240 |  -0.240 | _16869_/D
     2370 |       0 |    4657 |            0 |   +13.9% |  -0.240 |  -0.240 | _16869_/D
     2380 |       0 |    4667 |            0 |   +13.9% |  -0.240 |  -0.240 | _16869_/D
     2390 |       0 |    4676 |            0 |   +14.0% |  -0.240 |  -0.240 | _16869_/D
     2400 |       0 |    4685 |            0 |   +14.0% |  -0.240 |  -0.240 | _16869_/D
     2410 |       0 |    4693 |            0 |   +14.0% |  -0.240 |  -0.240 | _16869_/D
     2420 |       0 |    4703 |            0 |   +14.0% |  -0.240 |  -0.240 | _16869_/D
     2430 |       0 |    4713 |            0 |   +14.1% |  -0.240 |  -0.240 | _16869_/D
     2440 |       0 |    4722 |            0 |   +14.1% |  -0.240 |  -0.240 | _16869_/D
     2450 |       0 |    4733 |            0 |   +14.1% |  -0.240 |  -0.240 | _16869_/D
     2460 |       0 |    4741 |            0 |   +14.2% |  -0.240 |  -0.240 | _16869_/D
     2470 |       0 |    4751 |            0 |   +14.2% |  -0.240 |  -0.240 | _16869_/D
     2480 |       0 |    4761 |            0 |   +14.2% |  -0.240 |  -0.240 | _16869_/D
     2490 |       0 |    4772 |            0 |   +14.3% |  -0.240 |  -0.240 | _16869_/D
     2500 |       0 |    4782 |            0 |   +14.3% |  -0.240 |  -0.240 | _16869_/D
     2510 |       0 |    4790 |            0 |   +14.3% |  -0.240 |  -0.240 | _16869_/D
     2520 |       0 |    4797 |            0 |   +14.3% |  -0.240 |  -0.240 | _16869_/D
     2530 |       0 |    4801 |            0 |   +14.3% |  -0.240 |  -0.240 | _16869_/D
     2540 |       0 |    4809 |            0 |   +14.4% |  -0.240 |  -0.240 | _16869_/D
     2550 |       0 |    4836 |            0 |   +14.4% |   0.083 |   0.000 | _16996_/D
     2560 |       0 |    4866 |            0 |   +14.5% |   0.084 |   0.000 | _16869_/D
     2570 |       0 |    4891 |            0 |   +14.6% |   0.084 |   0.000 | _16869_/D
     2580 |       0 |    4906 |            0 |   +14.7% |   0.084 |   0.000 | _16869_/D
     2590 |       0 |    4916 |            0 |   +14.7% |   0.084 |   0.000 | _16869_/D
     2600 |       0 |    4927 |            0 |   +14.7% |   0.084 |   0.000 | _16869_/D
     2610 |       0 |    4937 |            0 |   +14.7% |   0.084 |   0.000 | _16869_/D
     2620 |       0 |    4949 |            0 |   +14.8% |   0.448 |   0.000 | _16858_/D
     2630 |       0 |    4959 |            0 |   +14.8% |   0.448 |   0.000 | _16858_/D
     2640 |       0 |    4967 |            0 |   +14.8% |   0.448 |   0.000 | _16858_/D
     2650 |       0 |    4971 |            0 |   +14.8% |   0.448 |   0.000 | _16858_/D
     2660 |       0 |    4972 |            0 |   +14.8% |   0.448 |   0.000 | _16858_/D
     2670 |       0 |    4974 |            0 |   +14.9% |   0.448 |   0.000 | _16858_/D
     2680 |       0 |    4978 |            0 |   +14.9% |   0.448 |   0.000 | _16858_/D
     2690 |       0 |    4987 |            0 |   +14.9% |   0.448 |   0.000 | _16858_/D
     2700 |       0 |    4996 |            0 |   +14.9% |   0.448 |   0.000 | _16858_/D
     2710 |       0 |    5004 |            0 |   +14.9% |   0.448 |   0.000 | _16858_/D
     2720 |       0 |    5013 |            0 |   +15.0% |   0.448 |   0.000 | _16858_/D
     2730 |       0 |    5023 |            0 |   +15.0% |   0.448 |   0.000 | _16858_/D
     2740 |       0 |    5032 |            0 |   +15.0% |   0.493 |   0.000 | _17139_/D
    final |       0 |    5034 |            0 |   +15.0% |   0.500 |   0.000 | _18507_/D
--------------------------------------------------------------------------------------
[INFO RSZ-0032] Inserted 5034 hold buffers.
+ detailed_placement -max_displacement  500 100 
Placement Analysis
---------------------------------
total displacement      42682.9 u
average displacement        1.5 u
max displacement           21.2 u
original HPWL          947102.2 u
legalized HPWL        1000979.7 u
delta HPWL                    6 %

[INFO DPL-0020] Mirrored 9405 instances
[INFO DPL-0021] HPWL before          1000979.7 u
[INFO DPL-0022] HPWL after           976930.6 u
[INFO DPL-0023] HPWL delta               -2.4 %
Setting global connections for newly added cells…
[INFO] Setting global connections...
[INFO ODB-0403] 20136 connections made, 0 conflicts skipped.
Updating metrics…
Cell type report:                       Count       Area
  Endcap cell                             544    2388.38
  Tap cell                               7402   32497.74
  Tie cell                                 43     377.57
  Clock buffer                            393   11472.12
  Timing Repair Buffer                   8569  122856.56
  Inverter                                371    3284.02
  Clock inverter                          137    2111.78
  Sequential cell                        2585  193010.76
  Multi-Input combinational cell         8052  174237.41
  Total                                 28096  542236.35
Writing OpenROAD database to '/foss/designs/ascon_run_deffile/runs/run11/37-openroad-resizertimingpostcts/A10_A.odb'…
Writing netlist to '/foss/designs/ascon_run_deffile/runs/run11/37-openroad-resizertimingpostcts/A10_A.nl.v'…
Writing powered netlist to '/foss/designs/ascon_run_deffile/runs/run11/37-openroad-resizertimingpostcts/A10_A.pnl.v'…
Writing layout to '/foss/designs/ascon_run_deffile/runs/run11/37-openroad-resizertimingpostcts/A10_A.def'…
Writing timing constraints to '/foss/designs/ascon_run_deffile/runs/run11/37-openroad-resizertimingpostcts/A10_A.sdc'…
