Reading timing models for corner min_ff_n40C_3v60…
Reading timing library for the 'min_ff_n40C_3v60' corner at '/foss/pdks/gf180mcuD/libs.ref/gf180mcu_fd_sc_mcu7t5v0/lib/gf180mcu_fd_sc_mcu7t5v0__ff_n40C_3v60.lib'…
Reading timing models for corner max_ss_125C_3v00…
Reading timing library for the 'max_ss_125C_3v00' corner at '/foss/pdks/gf180mcuD/libs.ref/gf180mcu_fd_sc_mcu7t5v0/lib/gf180mcu_fd_sc_mcu7t5v0__ss_125C_3v00.lib'…
Reading timing models for corner nom_tt_025C_3v30…
Reading timing library for the 'nom_tt_025C_3v30' corner at '/foss/pdks/gf180mcuD/libs.ref/gf180mcu_fd_sc_mcu7t5v0/lib/gf180mcu_fd_sc_mcu7t5v0__tt_025C_3v30.lib'…
Reading OpenROAD database at '/foss/designs/ascon_run_deffile/runs/run11/34-openroad-detailedplacement/A10_A.odb'…
Reading design constraints file at '/foss/designs/ascon_run_deffile/constraints_run2_maxtran6.sdc'…
[INFO] No information on clock propagation in input SDC file-- propagating all clocks.
[INFO] Configuring cts characterization…
+ configure_cts_characterization 
[INFO] Performing clock tree synthesis…
[INFO] Looking for the following net(s): clk_IN
[INFO] Running Clock Tree Synthesis…
+ clock_tree_synthesis -buf_list gf180mcu_fd_sc_mcu7t5v0__clkbuf_2 gf180mcu_fd_sc_mcu7t5v0__clkbuf_4 -root_buf gf180mcu_fd_sc_mcu7t5v0__clkbuf_4 -apply_ndr none
[INFO CTS-0050] Root buffer is gf180mcu_fd_sc_mcu7t5v0__clkbuf_4.
[INFO CTS-0051] Sink buffer is gf180mcu_fd_sc_mcu7t5v0__clkbuf_4.
[INFO CTS-0052] The following clock buffers will be used for CTS:
                    gf180mcu_fd_sc_mcu7t5v0__clkbuf_2
                    gf180mcu_fd_sc_mcu7t5v0__clkbuf_4
[INFO CTS-0049] Characterization buffer is gf180mcu_fd_sc_mcu7t5v0__clkbuf_4.
[INFO CTS-0007] Net "clk_IN" found for clock "clk_IN".
[INFO CTS-0010]  Clock net "clk_IN" has 2456 sinks.
[INFO CTS-0007] Net "sclk_IN" found for clock "sclk_IN".
[INFO CTS-0010]  Clock net "sclk_IN" has 129 sinks.
[INFO CTS-0008] TritonCTS found 2 clock nets.
[INFO CTS-0097] Characterization used 2 buffer(s) types.
[INFO CTS-0201] 0 blockages from hard placement blockages and placed macros will be used.
[INFO CTS-0027] Generating H-Tree topology for net clk_IN.
[INFO CTS-0028]  Total number of sinks: 2456.
[INFO CTS-0030]  Number of static layers: 0.
[INFO CTS-0020]  Wire segment unit: 39200  dbu (19 um).
[INFO CTS-0023]  Original sink region: [(99290, 192080), (2062650, 2112880)].
[INFO CTS-0024]  Normalized sink region: [(2.53291, 4.9), (52.6186, 53.9)].
[INFO CTS-0025]     Width:  50.0857.
[INFO CTS-0026]     Height: 49.0000.
 Level 1
    Direction: Horizontal
    Sinks per sub-region: 1228
    Sub-region size: 25.0429 X 49.0000
[INFO CTS-0034]     Segment length (rounded): 12.
 Level 2
    Direction: Vertical
    Sinks per sub-region: 614
    Sub-region size: 25.0429 X 24.5000
[INFO CTS-0034]     Segment length (rounded): 12.
 Level 3
    Direction: Horizontal
    Sinks per sub-region: 307
    Sub-region size: 12.5214 X 24.5000
[INFO CTS-0034]     Segment length (rounded): 6.
 Level 4
    Direction: Vertical
    Sinks per sub-region: 154
    Sub-region size: 12.5214 X 12.2500
[INFO CTS-0034]     Segment length (rounded): 6.
 Level 5
    Direction: Horizontal
    Sinks per sub-region: 77
    Sub-region size: 6.2607 X 12.2500
[INFO CTS-0034]     Segment length (rounded): 4.
 Level 6
    Direction: Vertical
    Sinks per sub-region: 39
    Sub-region size: 6.2607 X 6.1250
[INFO CTS-0034]     Segment length (rounded): 4.
 Level 7
    Direction: Horizontal
    Sinks per sub-region: 20
    Sub-region size: 3.1304 X 6.1250
[INFO CTS-0034]     Segment length (rounded): 1.
 Level 8
    Direction: Vertical
    Sinks per sub-region: 10
    Sub-region size: 3.1304 X 3.0625
[INFO CTS-0034]     Segment length (rounded): 1.
[INFO CTS-0032]  Stop criterion found. Max number of sinks is 15.
[INFO CTS-0035]  Number of sinks covered: 2456.
[INFO CTS-0201] 0 blockages from hard placement blockages and placed macros will be used.
[INFO CTS-0027] Generating H-Tree topology for net sclk_IN.
[INFO CTS-0028]  Total number of sinks: 129.
[INFO CTS-0030]  Number of static layers: 0.
[INFO CTS-0020]  Wire segment unit: 39200  dbu (19 um).
[INFO CTS-0023]  Original sink region: [(47785, 192080), (2007430, 1948240)].
[INFO CTS-0024]  Normalized sink region: [(1.21901, 4.9), (51.2099, 49.7)].
[INFO CTS-0025]     Width:  49.9909.
[INFO CTS-0026]     Height: 44.8000.
 Level 1
    Direction: Horizontal
    Sinks per sub-region: 65
    Sub-region size: 24.9955 X 44.8000
[INFO CTS-0034]     Segment length (rounded): 12.
 Level 2
    Direction: Vertical
    Sinks per sub-region: 33
    Sub-region size: 24.9955 X 22.4000
[INFO CTS-0034]     Segment length (rounded): 12.
 Level 3
    Direction: Horizontal
    Sinks per sub-region: 17
    Sub-region size: 12.4977 X 22.4000
[INFO CTS-0034]     Segment length (rounded): 6.
 Level 4
    Direction: Vertical
    Sinks per sub-region: 9
    Sub-region size: 12.4977 X 11.2000
[INFO CTS-0034]     Segment length (rounded): 6.
[INFO CTS-0032]  Stop criterion found. Max number of sinks is 15.
[INFO CTS-0035]  Number of sinks covered: 129.
[INFO CTS-0018]     Created 325 clock buffers.
[INFO CTS-0012]     Minimum number of buffers in the clock path: 4.
[INFO CTS-0013]     Maximum number of buffers in the clock path: 4.
[INFO CTS-0015]     Created 325 clock nets.
[INFO CTS-0016]     Fanout distribution for the current clock = 4:2, 5:6, 6:16, 7:36, 8:30, 9:43, 10:47, 11:21, 12:19, 13:18, 14:6, 15:4, 16:4, 17:1, 18:2, 19:1..
[INFO CTS-0017]     Max level of the clock tree: 8.
[INFO CTS-0018]     Created 21 clock buffers.
[INFO CTS-0012]     Minimum number of buffers in the clock path: 3.
[INFO CTS-0013]     Maximum number of buffers in the clock path: 3.
[INFO CTS-0015]     Created 21 clock nets.
[INFO CTS-0016]     Fanout distribution for the current clock = 4:1, 5:3, 6:2, 7:1, 8:3, 9:1, 10:2, 11:2, 16:1..
[INFO CTS-0017]     Max level of the clock tree: 4.
[INFO CTS-0098] Clock net "clk_IN"
[INFO CTS-0099]  Sinks 2628
[INFO CTS-0100]  Leaf buffers 0
[INFO CTS-0101]  Average sink wire length 1666.42 um
[INFO CTS-0102]  Path depth 4 - 4
[INFO CTS-0207]  Dummy loads inserted 172
[INFO CTS-0098] Clock net "sclk_IN"
[INFO CTS-0099]  Sinks 141
[INFO CTS-0100]  Leaf buffers 0
[INFO CTS-0101]  Average sink wire length 1438.73 um
[INFO CTS-0102]  Path depth 3 - 3
[INFO CTS-0207]  Dummy loads inserted 12
[INFO] Repairing long wires on clock nets…
[INFO RSZ-0058] Using max wire length 28858um.
Setting global connections for newly added cells…
[INFO] Setting global connections...
[INFO ODB-0403] 2120 connections made, 0 conflicts skipped.
Updating metrics…
Cell type report:                       Count       Area
  Endcap cell                             544    2388.38
  Tap cell                               7402   32497.74
  Tie cell                                 43     377.57
  Clock buffer                            393   11472.12
  Timing Repair Buffer                   3535   56552.74
  Inverter                                371    3284.02
  Clock inverter                          137    2111.78
  Sequential cell                        2585  193010.76
  Multi-Input combinational cell         8052  174237.41
  Total                                 23062  475932.53
Writing OpenROAD database to '/foss/designs/ascon_run_deffile/runs/run11/35-openroad-cts/A10_A.odb'…
Writing netlist to '/foss/designs/ascon_run_deffile/runs/run11/35-openroad-cts/A10_A.nl.v'…
Writing powered netlist to '/foss/designs/ascon_run_deffile/runs/run11/35-openroad-cts/A10_A.pnl.v'…
Writing layout to '/foss/designs/ascon_run_deffile/runs/run11/35-openroad-cts/A10_A.def'…
Writing timing constraints to '/foss/designs/ascon_run_deffile/runs/run11/35-openroad-cts/A10_A.sdc'…
[INFO] Legalizing…
+ detailed_placement -max_displacement  500 100 
Placement Analysis
---------------------------------
total displacement       4909.9 u
average displacement        0.2 u
max displacement           50.3 u
original HPWL          926136.6 u
legalized HPWL         941212.3 u
delta HPWL                    2 %

[INFO DPL-0020] Mirrored 5529 instances
[INFO DPL-0021] HPWL before          941212.3 u
[INFO DPL-0022] HPWL after           927438.7 u
[INFO DPL-0023] HPWL delta               -1.5 %
Setting global connections for newly added cells…
[INFO] Setting global connections...
[INFO ODB-0403] 0 connections made, 0 conflicts skipped.
Updating metrics…
Cell type report:                       Count       Area
  Endcap cell                             544    2388.38
  Tap cell                               7402   32497.74
  Tie cell                                 43     377.57
  Clock buffer                            393   11472.12
  Timing Repair Buffer                   3535   56552.74
  Inverter                                371    3284.02
  Clock inverter                          137    2111.78
  Sequential cell                        2585  193010.76
  Multi-Input combinational cell         8052  174237.41
  Total                                 23062  475932.53
Writing OpenROAD database to '/foss/designs/ascon_run_deffile/runs/run11/35-openroad-cts/A10_A.odb'…
Writing netlist to '/foss/designs/ascon_run_deffile/runs/run11/35-openroad-cts/A10_A.nl.v'…
Writing powered netlist to '/foss/designs/ascon_run_deffile/runs/run11/35-openroad-cts/A10_A.pnl.v'…
Writing layout to '/foss/designs/ascon_run_deffile/runs/run11/35-openroad-cts/A10_A.def'…
Writing timing constraints to '/foss/designs/ascon_run_deffile/runs/run11/35-openroad-cts/A10_A.sdc'…
%OL_CREATE_REPORT cts.rpt
Total number of Clock Roots: 2.
Total number of Buffers Inserted: 346.
Total number of Clock Subnets: 346.
Total number of Sinks: 2585.
Cells used:
  gf180mcu_fd_sc_mcu7t5v0__clkbuf_4: 346
Dummys used:
  gf180mcu_fd_sc_mcu7t5v0__clkbuf_2: 46
  gf180mcu_fd_sc_mcu7t5v0__clkbuf_4: 1
  gf180mcu_fd_sc_mcu7t5v0__clkinv_2: 40
  gf180mcu_fd_sc_mcu7t5v0__clkinv_4: 1
  gf180mcu_fd_sc_mcu7t5v0__inv_2: 46
  gf180mcu_fd_sc_mcu7t5v0__inv_3: 32
  gf180mcu_fd_sc_mcu7t5v0__inv_4: 18
%OL_END_REPORT
