
===========================================================================
report_checks -unconstrained
===========================================================================
======================= max_ss_125C_3v00 Corner ===================================

Startpoint: _16858_ (rising edge-triggered flip-flop clocked by clk_IN)
Endpoint: _19184_ (recovery check against rising-edge clock clk_IN)
Path Group: asynchronous
Path Type: max

Fanout         Cap        Slew       Delay        Time   Description
---------------------------------------------------------------------------------------------
                                  0.000000    0.000000   clock clk_IN (rise edge)
                                  0.000000    0.000000   clock source latency
     1    0.017126    0.000000    0.000000    0.000000 ^ clk_IN (in)
                                                         clk_IN (net)
                      0.005352    0.002189    0.002189 ^ clkbuf_0_clk_IN/I (gf180mcu_fd_sc_mcu7t5v0__clkbuf_4)
     4    0.036401    0.517930    0.741809    0.743998 ^ clkbuf_0_clk_IN/Z (gf180mcu_fd_sc_mcu7t5v0__clkbuf_4)
                                                         clknet_0_clk_IN (net)
                      0.517931    0.001485    0.745483 ^ clkbuf_2_0_0_clk_IN/I (gf180mcu_fd_sc_mcu7t5v0__clkbuf_4)
    16    0.103765    1.203817    1.308795    2.054279 ^ clkbuf_2_0_0_clk_IN/Z (gf180mcu_fd_sc_mcu7t5v0__clkbuf_4)
                                                         clknet_2_0_0_clk_IN (net)
                      1.203857    0.003896    2.058174 ^ clkbuf_6_1_0_clk_IN/I (gf180mcu_fd_sc_mcu7t5v0__clkbuf_4)
     4    0.023040    0.407595    0.954779    3.012953 ^ clkbuf_6_1_0_clk_IN/Z (gf180mcu_fd_sc_mcu7t5v0__clkbuf_4)
                                                         clknet_6_1_0_clk_IN (net)
                      0.407595    0.000548    3.013502 ^ clkbuf_8_4__f_clk_IN/I (gf180mcu_fd_sc_mcu7t5v0__clkbuf_4)
    13    0.046502    0.617565    0.920746    3.934248 ^ clkbuf_8_4__f_clk_IN/Z (gf180mcu_fd_sc_mcu7t5v0__clkbuf_4)
                                                         clknet_8_4__leaf_clk_IN (net)
                      0.617565    0.000210    3.934457 ^ _16858_/CLK (gf180mcu_fd_sc_mcu7t5v0__dffrnq_4)
     8    0.074966    1.115624    3.699063    7.633520 ^ _16858_/Q (gf180mcu_fd_sc_mcu7t5v0__dffrnq_4)
                                                         u_core.rst_n_clk (net)
                      1.115624    0.000298    7.633818 ^ wire3500/I (gf180mcu_fd_sc_mcu7t5v0__buf_8)
    18    0.146671    0.885909    0.977672    8.611490 ^ wire3500/Z (gf180mcu_fd_sc_mcu7t5v0__buf_8)
                                                         net3500 (net)
                      0.885909    0.000847    8.612338 ^ max_length3499/I (gf180mcu_fd_sc_mcu7t5v0__clkbuf_8)
    16    0.130150    0.814373    1.129095    9.741433 ^ max_length3499/Z (gf180mcu_fd_sc_mcu7t5v0__clkbuf_8)
                                                         net3499 (net)
                      0.814374    0.001259    9.742692 ^ max_length3498/I (gf180mcu_fd_sc_mcu7t5v0__clkbuf_8)
    17    0.137155    0.849342    1.135126   10.877818 ^ max_length3498/Z (gf180mcu_fd_sc_mcu7t5v0__clkbuf_8)
                                                         net3498 (net)
                      0.849344    0.002144   10.879962 ^ max_length3497/I (gf180mcu_fd_sc_mcu7t5v0__buf_8)
    23    0.176808    1.042679    1.034857   11.914819 ^ max_length3497/Z (gf180mcu_fd_sc_mcu7t5v0__buf_8)
                                                         net3497 (net)
                      1.042739    0.004370   11.919188 ^ wire3496/I (gf180mcu_fd_sc_mcu7t5v0__buf_4)
    13    0.100625    1.165864    1.130004   13.049192 ^ wire3496/Z (gf180mcu_fd_sc_mcu7t5v0__buf_4)
                                                         net3496 (net)
                      1.165878    0.002252   13.051445 ^ max_length3495/I (gf180mcu_fd_sc_mcu7t5v0__buf_4)
    10    0.076329    0.911404    0.995847   14.047292 ^ max_length3495/Z (gf180mcu_fd_sc_mcu7t5v0__buf_4)
                                                         net3495 (net)
                      0.911404    0.000338   14.047630 ^ max_length3494/I (gf180mcu_fd_sc_mcu7t5v0__buf_4)
    14    0.108391    1.247226    1.160434   15.208065 ^ max_length3494/Z (gf180mcu_fd_sc_mcu7t5v0__buf_4)
                                                         net3494 (net)
                      1.247246    0.002787   15.210852 ^ wire3493/I (gf180mcu_fd_sc_mcu7t5v0__buf_4)
    14    0.105949    1.222464    1.189257   16.400108 ^ wire3493/Z (gf180mcu_fd_sc_mcu7t5v0__buf_4)
                                                         net3493 (net)
                      1.222483    0.002672   16.402781 ^ wire3478/I (gf180mcu_fd_sc_mcu7t5v0__buf_2)
     7    0.054648    1.258252    1.250749   17.653528 ^ wire3478/Z (gf180mcu_fd_sc_mcu7t5v0__buf_2)
                                                         net3478 (net)
                      1.258252    0.001165   17.654694 ^ max_length3477/I (gf180mcu_fd_sc_mcu7t5v0__buf_4)
     9    0.072960    0.876904    0.985464   18.640158 ^ max_length3477/Z (gf180mcu_fd_sc_mcu7t5v0__buf_4)
                                                         net3477 (net)
                      0.876904    0.000307   18.640465 ^ max_length3476/I (gf180mcu_fd_sc_mcu7t5v0__clkbuf_8)
    15    0.117206    0.749300    1.087164   19.727631 ^ max_length3476/Z (gf180mcu_fd_sc_mcu7t5v0__clkbuf_8)
                                                         net3476 (net)
                      0.749303    0.002430   19.730061 ^ wire3474/I (gf180mcu_fd_sc_mcu7t5v0__clkbuf_8)
    15    0.117039    0.746782    1.057119   20.787178 ^ wire3474/Z (gf180mcu_fd_sc_mcu7t5v0__clkbuf_8)
                                                         net3474 (net)
                      0.746786    0.002723   20.789902 ^ max_length3472/I (gf180mcu_fd_sc_mcu7t5v0__buf_4)
    10    0.078799    0.934791    0.953667   21.743568 ^ max_length3472/Z (gf180mcu_fd_sc_mcu7t5v0__buf_4)
                                                         net3472 (net)
                      0.934796    0.001242   21.744810 ^ max_length3471/I (gf180mcu_fd_sc_mcu7t5v0__clkbuf_8)
    15    0.115598    0.741775    1.095241   22.840052 ^ max_length3471/Z (gf180mcu_fd_sc_mcu7t5v0__clkbuf_8)
                                                         net3471 (net)
                      0.741776    0.001643   22.841696 ^ max_length3470/I (gf180mcu_fd_sc_mcu7t5v0__clkbuf_8)
    17    0.128602    0.805504    1.092037   23.933733 ^ max_length3470/Z (gf180mcu_fd_sc_mcu7t5v0__clkbuf_8)
                                                         net3470 (net)
                      0.805505    0.001002   23.934734 ^ max_length3469/I (gf180mcu_fd_sc_mcu7t5v0__buf_4)
    10    0.076591    0.911729    0.947663   24.882397 ^ max_length3469/Z (gf180mcu_fd_sc_mcu7t5v0__buf_4)
                                                         net3469 (net)
                      0.911739    0.001684   24.884081 ^ max_length3468/I (gf180mcu_fd_sc_mcu7t5v0__buf_4)
     8    0.061498    0.754277    0.868548   25.752628 ^ max_length3468/Z (gf180mcu_fd_sc_mcu7t5v0__buf_4)
                                                         net3468 (net)
                      0.754277    0.000510   25.753139 ^ max_length3467/I (gf180mcu_fd_sc_mcu7t5v0__buf_4)
     9    0.077787    0.924388    0.948736   26.701876 ^ max_length3467/Z (gf180mcu_fd_sc_mcu7t5v0__buf_4)
                                                         net3467 (net)
                      0.924388    0.000663   26.702538 ^ max_length3466/I (gf180mcu_fd_sc_mcu7t5v0__buf_8)
    20    0.148148    0.893020    0.956639   27.659178 ^ max_length3466/Z (gf180mcu_fd_sc_mcu7t5v0__buf_8)
                                                         net3466 (net)
                      0.893020    0.000785   27.659962 ^ _19184_/RN (gf180mcu_fd_sc_mcu7t5v0__dffrnq_1)
                                             27.659962   data arrival time

                                 62.500000   62.500000   clock clk_IN (rise edge)
                                  0.000000   62.500000   clock source latency
     1    0.017126    0.000000    0.000000   62.500000 ^ clk_IN (in)
                                                         clk_IN (net)
                      0.005352    0.002188   62.502190 ^ clkbuf_0_clk_IN/I (gf180mcu_fd_sc_mcu7t5v0__clkbuf_4)
     4    0.036401    0.517930    0.741807   63.243996 ^ clkbuf_0_clk_IN/Z (gf180mcu_fd_sc_mcu7t5v0__clkbuf_4)
                                                         clknet_0_clk_IN (net)
                      0.517931    0.001542   63.245537 ^ clkbuf_2_3_0_clk_IN/I (gf180mcu_fd_sc_mcu7t5v0__clkbuf_4)
    16    0.104926    1.215955    1.316465   64.562004 ^ clkbuf_2_3_0_clk_IN/Z (gf180mcu_fd_sc_mcu7t5v0__clkbuf_4)
                                                         clknet_2_3_0_clk_IN (net)
                      1.215964    0.001819   64.563820 ^ clkbuf_6_62_0_clk_IN/I (gf180mcu_fd_sc_mcu7t5v0__clkbuf_4)
     4    0.022745    0.405225    0.955744   65.519569 ^ clkbuf_6_62_0_clk_IN/Z (gf180mcu_fd_sc_mcu7t5v0__clkbuf_4)
                                                         clknet_6_62_0_clk_IN (net)
                      0.405225    0.000220   65.519791 ^ clkbuf_8_251__f_clk_IN/I (gf180mcu_fd_sc_mcu7t5v0__clkbuf_4)
     7    0.024690    0.418634    0.768267   66.288055 ^ clkbuf_8_251__f_clk_IN/Z (gf180mcu_fd_sc_mcu7t5v0__clkbuf_4)
                                                         clknet_8_251__leaf_clk_IN (net)
                      0.418634    0.000071   66.288124 ^ _19184_/CLK (gf180mcu_fd_sc_mcu7t5v0__dffrnq_1)
                                 -0.500000   65.788124   clock uncertainty
                                  0.000000   65.788124   clock reconvergence pessimism
                                  0.771134   66.559258   library recovery time
                                             66.559258   data required time
---------------------------------------------------------------------------------------------
                                             66.559258   data required time
                                            -27.659962   data arrival time
---------------------------------------------------------------------------------------------
                                             38.899300   slack (MET)


Startpoint: _18581_ (rising edge-triggered flip-flop clocked by clk_IN)
Endpoint: _18976_ (rising edge-triggered flip-flop clocked by clk_IN)
Path Group: clk_IN
Path Type: max

Fanout         Cap        Slew       Delay        Time   Description
---------------------------------------------------------------------------------------------
                                  0.000000    0.000000   clock clk_IN (rise edge)
                                  0.000000    0.000000   clock source latency
     1    0.017126    0.000000    0.000000    0.000000 ^ clk_IN (in)
                                                         clk_IN (net)
                      0.005352    0.002189    0.002189 ^ clkbuf_0_clk_IN/I (gf180mcu_fd_sc_mcu7t5v0__clkbuf_4)
     4    0.036401    0.517930    0.741809    0.743998 ^ clkbuf_0_clk_IN/Z (gf180mcu_fd_sc_mcu7t5v0__clkbuf_4)
                                                         clknet_0_clk_IN (net)
                      0.517931    0.001485    0.745483 ^ clkbuf_2_0_0_clk_IN/I (gf180mcu_fd_sc_mcu7t5v0__clkbuf_4)
    16    0.103765    1.203817    1.308795    2.054279 ^ clkbuf_2_0_0_clk_IN/Z (gf180mcu_fd_sc_mcu7t5v0__clkbuf_4)
                                                         clknet_2_0_0_clk_IN (net)
                      1.203848    0.003469    2.057748 ^ clkbuf_6_3_0_clk_IN/I (gf180mcu_fd_sc_mcu7t5v0__clkbuf_4)
     4    0.022929    0.406622    0.954075    3.011823 ^ clkbuf_6_3_0_clk_IN/Z (gf180mcu_fd_sc_mcu7t5v0__clkbuf_4)
                                                         clknet_6_3_0_clk_IN (net)
                      0.406622    0.000231    3.012055 ^ clkbuf_8_14__f_clk_IN/I (gf180mcu_fd_sc_mcu7t5v0__clkbuf_4)
     9    0.042782    0.578857    0.895348    3.907403 ^ clkbuf_8_14__f_clk_IN/Z (gf180mcu_fd_sc_mcu7t5v0__clkbuf_4)
                                                         clknet_8_14__leaf_clk_IN (net)
                      0.578857    0.000268    3.907670 ^ _18581_/CLK (gf180mcu_fd_sc_mcu7t5v0__dffrnq_1)
    11    0.078154    3.587487    4.601493    8.509164 ^ _18581_/Q (gf180mcu_fd_sc_mcu7t5v0__dffrnq_1)
                                                         u_core.u_master.u_slave.u_core.st[3] (net)
                      3.587487    0.000861    8.510024 ^ _08429_/I (gf180mcu_fd_sc_mcu7t5v0__clkinv_1)
     3    0.026386    1.736172    1.408780    9.918804 v _08429_/ZN (gf180mcu_fd_sc_mcu7t5v0__clkinv_1)
                                                         _04413_ (net)
                      1.736172    0.000031    9.918835 v _08722_/A1 (gf180mcu_fd_sc_mcu7t5v0__nand2_1)
     1    0.009186    0.849823    0.908730   10.827565 ^ _08722_/ZN (gf180mcu_fd_sc_mcu7t5v0__nand2_1)
                                                         _04704_ (net)
                      0.849823    0.000014   10.827579 ^ _08765_/A1 (gf180mcu_fd_sc_mcu7t5v0__or3_4)
     7    0.039758    0.556963    0.866106   11.693686 ^ _08765_/Z (gf180mcu_fd_sc_mcu7t5v0__or3_4)
                                                         _04734_ (net)
                      0.556963    0.000052   11.693738 ^ max_length1017/I (gf180mcu_fd_sc_mcu7t5v0__buf_2)
     5    0.026130    0.659338    0.793052   12.486790 ^ max_length1017/Z (gf180mcu_fd_sc_mcu7t5v0__buf_2)
                                                         net1017 (net)
                      0.659339    0.000846   12.487636 ^ wire992/I (gf180mcu_fd_sc_mcu7t5v0__buf_2)
    11    0.054584    1.256723    1.163932   13.651567 ^ wire992/Z (gf180mcu_fd_sc_mcu7t5v0__buf_2)
                                                         net992 (net)
                      1.256729    0.001521   13.653089 ^ wire991/I (gf180mcu_fd_sc_mcu7t5v0__buf_3)
    13    0.066327    1.063324    1.245788   14.898877 ^ wire991/Z (gf180mcu_fd_sc_mcu7t5v0__buf_3)
                                                         net991 (net)
                      1.063332    0.001541   14.900418 ^ wire974/I (gf180mcu_fd_sc_mcu7t5v0__clkbuf_2)
     7    0.032882    0.815473    1.139227   16.039644 ^ wire974/Z (gf180mcu_fd_sc_mcu7t5v0__clkbuf_2)
                                                         net974 (net)
                      0.815473    0.000808   16.040453 ^ max_length973/I (gf180mcu_fd_sc_mcu7t5v0__clkbuf_1)
     1    0.005255    0.381002    0.675604   16.716057 ^ max_length973/Z (gf180mcu_fd_sc_mcu7t5v0__clkbuf_1)
                                                         net973 (net)
                      0.381002    0.000236   16.716293 ^ wire968/I (gf180mcu_fd_sc_mcu7t5v0__clkbuf_1)
     4    0.019394    0.951910    0.952037   17.668329 ^ wire968/Z (gf180mcu_fd_sc_mcu7t5v0__clkbuf_1)
                                                         net968 (net)
                      0.951910    0.000902   17.669231 ^ wire967/I (gf180mcu_fd_sc_mcu7t5v0__clkbuf_1)
     3    0.013054    0.690840    0.897911   18.567142 ^ wire967/Z (gf180mcu_fd_sc_mcu7t5v0__clkbuf_1)
                                                         net967 (net)
                      0.690840    0.000174   18.567318 ^ wire965/I (gf180mcu_fd_sc_mcu7t5v0__buf_1)
     6    0.026144    1.254561    1.192785   19.760101 ^ wire965/Z (gf180mcu_fd_sc_mcu7t5v0__buf_1)
                                                         net965 (net)
                      1.254561    0.000663   19.760765 ^ wire964/I (gf180mcu_fd_sc_mcu7t5v0__buf_1)
     5    0.024864    1.203461    1.240627   21.001392 ^ wire964/Z (gf180mcu_fd_sc_mcu7t5v0__buf_1)
                                                         net964 (net)
                      1.203461    0.000719   21.002111 ^ wire963/I (gf180mcu_fd_sc_mcu7t5v0__clkbuf_1)
     3    0.015579    0.797706    1.001490   22.003601 ^ wire963/Z (gf180mcu_fd_sc_mcu7t5v0__clkbuf_1)
                                                         net963 (net)
                      0.797706    0.000503   22.004105 ^ wire962/I (gf180mcu_fd_sc_mcu7t5v0__buf_2)
     8    0.041028    0.972494    1.015962   23.020067 ^ wire962/Z (gf180mcu_fd_sc_mcu7t5v0__buf_2)
                                                         net962 (net)
                      0.972494    0.000666   23.020733 ^ max_length961/I (gf180mcu_fd_sc_mcu7t5v0__buf_4)
    16    0.084832    0.999269    1.021776   24.042509 ^ max_length961/Z (gf180mcu_fd_sc_mcu7t5v0__buf_4)
                                                         net961 (net)
                      0.999288    0.002380   24.044889 ^ _08766_/I (gf180mcu_fd_sc_mcu7t5v0__inv_4)
     2    0.011328    0.277385    0.195042   24.239931 v _08766_/ZN (gf180mcu_fd_sc_mcu7t5v0__inv_4)
                                                         _00359_ (net)
                      0.277385    0.000274   24.240206 v max_length543/I (gf180mcu_fd_sc_mcu7t5v0__buf_2)
     5    0.036233    0.504745    0.815980   25.056185 v max_length543/Z (gf180mcu_fd_sc_mcu7t5v0__buf_2)
                                                         net543 (net)
                      0.504752    0.001068   25.057253 v wire542/I (gf180mcu_fd_sc_mcu7t5v0__buf_2)
     7    0.046307    0.603185    0.966187   26.023439 v wire542/Z (gf180mcu_fd_sc_mcu7t5v0__buf_2)
                                                         net542 (net)
                      0.603190    0.000952   26.024393 v max_length541/I (gf180mcu_fd_sc_mcu7t5v0__buf_2)
     6    0.040007    0.542891    0.952831   26.977222 v max_length541/Z (gf180mcu_fd_sc_mcu7t5v0__buf_2)
                                                         net541 (net)
                      0.542902    0.001389   26.978613 v wire539/I (gf180mcu_fd_sc_mcu7t5v0__clkbuf_2)
     6    0.028656    0.632292    1.005578   27.984190 v wire539/Z (gf180mcu_fd_sc_mcu7t5v0__clkbuf_2)
                                                         net539 (net)
                      0.632292    0.000629   27.984819 v max_length538/I (gf180mcu_fd_sc_mcu7t5v0__buf_2)
     5    0.035228    0.497477    0.928052   28.912870 v max_length538/Z (gf180mcu_fd_sc_mcu7t5v0__buf_2)
                                                         net538 (net)
                      0.497482    0.000988   28.913858 v wire537/I (gf180mcu_fd_sc_mcu7t5v0__clkbuf_1)
     2    0.009640    0.464304    0.750985   29.664845 v wire537/Z (gf180mcu_fd_sc_mcu7t5v0__clkbuf_1)
                                                         net537 (net)
                      0.464304    0.000263   29.665106 v wire536/I (gf180mcu_fd_sc_mcu7t5v0__clkbuf_1)
     3    0.015362    0.652885    0.865580   30.530687 v wire536/Z (gf180mcu_fd_sc_mcu7t5v0__clkbuf_1)
                                                         net536 (net)
                      0.652885    0.000515   30.531202 v wire534/I (gf180mcu_fd_sc_mcu7t5v0__clkbuf_2)
     5    0.031704    0.683752    1.075119   31.606319 v wire534/Z (gf180mcu_fd_sc_mcu7t5v0__clkbuf_2)
                                                         net534 (net)
                      0.683755    0.000757   31.607077 v max_length533/I (gf180mcu_fd_sc_mcu7t5v0__buf_2)
     3    0.021955    0.369526    0.846285   32.453362 v max_length533/Z (gf180mcu_fd_sc_mcu7t5v0__buf_2)
                                                         net533 (net)
                      0.369532    0.000995   32.454357 v max_length532/I (gf180mcu_fd_sc_mcu7t5v0__buf_2)
     8    0.051152    0.650931    0.954913   33.409267 v max_length532/Z (gf180mcu_fd_sc_mcu7t5v0__buf_2)
                                                         net532 (net)
                      0.650939    0.001297   33.410564 v wire531/I (gf180mcu_fd_sc_mcu7t5v0__buf_3)
     9    0.066414    0.628811    1.139615   34.550182 v wire531/Z (gf180mcu_fd_sc_mcu7t5v0__buf_3)
                                                         net531 (net)
                      0.628829    0.001833   34.552013 v _12810_/A1 (gf180mcu_fd_sc_mcu7t5v0__nand2_1)
     2    0.008495    0.676674    0.570644   35.122658 ^ _12810_/ZN (gf180mcu_fd_sc_mcu7t5v0__nand2_1)
                                                         _08041_ (net)
                      0.676674    0.000014   35.122673 ^ max_length157/I (gf180mcu_fd_sc_mcu7t5v0__clkbuf_2)
     5    0.025647    0.663319    0.966324   36.088997 ^ max_length157/Z (gf180mcu_fd_sc_mcu7t5v0__clkbuf_2)
                                                         net157 (net)
                      0.663319    0.000540   36.089535 ^ wire156/I (gf180mcu_fd_sc_mcu7t5v0__clkbuf_1)
     2    0.011165    0.610656    0.803155   36.892693 ^ wire156/Z (gf180mcu_fd_sc_mcu7t5v0__clkbuf_1)
                                                         net156 (net)
                      0.610656    0.000352   36.893044 ^ _12839_/B1 (gf180mcu_fd_sc_mcu7t5v0__aoi22_1)
     1    0.004257    0.817956    0.518000   37.411041 v _12839_/ZN (gf180mcu_fd_sc_mcu7t5v0__aoi22_1)
                                                         _08067_ (net)
                      0.817956    0.000004   37.411045 v _12840_/A2 (gf180mcu_fd_sc_mcu7t5v0__nor2_1)
     1    0.003133    0.661443    0.629296   38.040340 ^ _12840_/ZN (gf180mcu_fd_sc_mcu7t5v0__nor2_1)
                                                         _00754_ (net)
                      0.661443    0.000014   38.040356 ^ _18976_/D (gf180mcu_fd_sc_mcu7t5v0__dffrnq_1)
                                             38.040356   data arrival time

                                 62.500000   62.500000   clock clk_IN (rise edge)
                                  0.000000   62.500000   clock source latency
     1    0.017126    0.000000    0.000000   62.500000 ^ clk_IN (in)
                                                         clk_IN (net)
                      0.005352    0.002188   62.502190 ^ clkbuf_0_clk_IN/I (gf180mcu_fd_sc_mcu7t5v0__clkbuf_4)
     4    0.036401    0.517930    0.741807   63.243996 ^ clkbuf_0_clk_IN/Z (gf180mcu_fd_sc_mcu7t5v0__clkbuf_4)
                                                         clknet_0_clk_IN (net)
                      0.517931    0.001485   63.245483 ^ clkbuf_2_0_0_clk_IN/I (gf180mcu_fd_sc_mcu7t5v0__clkbuf_4)
    16    0.103765    1.203817    1.308798   64.554283 ^ clkbuf_2_0_0_clk_IN/Z (gf180mcu_fd_sc_mcu7t5v0__clkbuf_4)
                                                         clknet_2_0_0_clk_IN (net)
                      1.203817    0.001080   64.555359 ^ clkbuf_6_14_0_clk_IN/I (gf180mcu_fd_sc_mcu7t5v0__clkbuf_4)
     4    0.022867    0.406051    0.953612   65.508972 ^ clkbuf_6_14_0_clk_IN/Z (gf180mcu_fd_sc_mcu7t5v0__clkbuf_4)
                                                         clknet_6_14_0_clk_IN (net)
                      0.406051    0.000277   65.509247 ^ clkbuf_8_57__f_clk_IN/I (gf180mcu_fd_sc_mcu7t5v0__clkbuf_4)
    10    0.035948    0.514274    0.847223   66.356476 ^ clkbuf_8_57__f_clk_IN/Z (gf180mcu_fd_sc_mcu7t5v0__clkbuf_4)
                                                         clknet_8_57__leaf_clk_IN (net)
                      0.514274    0.000099   66.356575 ^ _18976_/CLK (gf180mcu_fd_sc_mcu7t5v0__dffrnq_1)
                                 -0.500000   65.856567   clock uncertainty
                                  0.000000   65.856567   clock reconvergence pessimism
                                 -0.979762   64.876808   library setup time
                                             64.876808   data required time
---------------------------------------------------------------------------------------------
                                             64.876808   data required time
                                            -38.040356   data arrival time
---------------------------------------------------------------------------------------------
                                             26.836454   slack (MET)


Startpoint: _17138_ (rising edge-triggered flip-flop clocked by clk_IN)
Endpoint: _16941_ (rising edge-triggered flip-flop clocked by sclk_IN)
Path Group: sclk_IN
Path Type: max

Fanout         Cap        Slew       Delay        Time   Description
---------------------------------------------------------------------------------------------
                               1937.500000 1937.500000   clock clk_IN (rise edge)
                                  0.000000 1937.500000   clock source latency
     1    0.017126    0.000000    0.000000 1937.500000 ^ clk_IN (in)
                                                         clk_IN (net)
                      0.005352    0.002274 1937.502319 ^ clkbuf_0_clk_IN/I (gf180mcu_fd_sc_mcu7t5v0__clkbuf_4)
     4    0.036401    0.517930    0.741693 1938.244019 ^ clkbuf_0_clk_IN/Z (gf180mcu_fd_sc_mcu7t5v0__clkbuf_4)
                                                         clknet_0_clk_IN (net)
                      0.517931    0.001592 1938.245605 ^ clkbuf_2_3_0_clk_IN/I (gf180mcu_fd_sc_mcu7t5v0__clkbuf_4)
    16    0.104926    1.215955    1.316494 1939.562134 ^ clkbuf_2_3_0_clk_IN/Z (gf180mcu_fd_sc_mcu7t5v0__clkbuf_4)
                                                         clknet_2_3_0_clk_IN (net)
                      1.215987    0.003411 1939.565552 ^ clkbuf_6_53_0_clk_IN/I (gf180mcu_fd_sc_mcu7t5v0__clkbuf_4)
     4    0.022997    0.407495    0.957471 1940.522949 ^ clkbuf_6_53_0_clk_IN/Z (gf180mcu_fd_sc_mcu7t5v0__clkbuf_4)
                                                         clknet_6_53_0_clk_IN (net)
                      0.407495    0.000455 1940.523438 ^ clkbuf_8_212__f_clk_IN/I (gf180mcu_fd_sc_mcu7t5v0__clkbuf_4)
    14    0.055414    0.708458    0.976343 1941.499756 ^ clkbuf_8_212__f_clk_IN/Z (gf180mcu_fd_sc_mcu7t5v0__clkbuf_4)
                                                         clknet_8_212__leaf_clk_IN (net)
                      0.708458    0.000455 1941.500244 ^ _17138_/CLK (gf180mcu_fd_sc_mcu7t5v0__dffrnq_1)
     2    0.009371    0.678356    2.871502 1944.371704 ^ _17138_/Q (gf180mcu_fd_sc_mcu7t5v0__dffrnq_1)
                                                         u_core.rd_data_clk[24] (net)
                      0.678356    0.000000 1944.371704 ^ _14147_/A1 (gf180mcu_fd_sc_mcu7t5v0__nor2_1)
     1    0.004403    0.348609    0.329464 1944.701172 v _14147_/ZN (gf180mcu_fd_sc_mcu7t5v0__nor2_1)
                                                         _03057_ (net)
                      0.348609    0.000000 1944.701172 v _14150_/A2 (gf180mcu_fd_sc_mcu7t5v0__oai31_1)
     1    0.003111    1.469841    1.145281 1945.846436 ^ _14150_/ZN (gf180mcu_fd_sc_mcu7t5v0__oai31_1)
                                                         _01224_ (net)
                      1.469841    0.000000 1945.846436 ^ _16941_/D (gf180mcu_fd_sc_mcu7t5v0__dffrnq_1)
                                           1945.846436   data arrival time

                               2000.000000 2000.000000   clock sclk_IN (rise edge)
                                  0.000000 2000.000000   clock source latency
     1    0.014070    0.000000    0.000000 2000.000000 ^ sclk_IN (in)
                                                         sclk_IN (net)
                      0.003022    0.001137 2000.001221 ^ clkbuf_0_sclk_IN/I (gf180mcu_fd_sc_mcu7t5v0__clkbuf_4)
     4    0.033902    0.493871    0.723503 2000.724731 ^ clkbuf_0_sclk_IN/Z (gf180mcu_fd_sc_mcu7t5v0__clkbuf_4)
                                                         clknet_0_sclk_IN (net)
                      0.493872    0.001137 2000.725830 ^ clkbuf_2_3_0_sclk_IN/I (gf180mcu_fd_sc_mcu7t5v0__clkbuf_4)
     4    0.029136    0.449697    0.823093 2001.548950 ^ clkbuf_2_3_0_sclk_IN/Z (gf180mcu_fd_sc_mcu7t5v0__clkbuf_4)
                                                         clknet_2_3_0_sclk_IN (net)
                      0.449697    0.001364 2001.550293 ^ clkbuf_4_15__f_sclk_IN/I (gf180mcu_fd_sc_mcu7t5v0__clkbuf_4)
     6    0.028078    0.439461    0.803084 2002.353394 ^ clkbuf_4_15__f_sclk_IN/Z (gf180mcu_fd_sc_mcu7t5v0__clkbuf_4)
                                                         clknet_4_15__leaf_sclk_IN (net)
                      0.439461    0.001137 2002.354492 ^ _16941_/CLK (gf180mcu_fd_sc_mcu7t5v0__dffrnq_1)
                                 -0.500000 2001.854492   clock uncertainty
                                  0.000000 2001.854492   clock reconvergence pessimism
                                 -1.139791 2000.714722   library setup time
                                           2000.714722   data required time
---------------------------------------------------------------------------------------------
                                           2000.714722   data required time
                                           -1945.846436   data arrival time
---------------------------------------------------------------------------------------------
                                             54.868217   slack (MET)




===========================================================================
report_checks --slack_max -0.01
============================================================================
======================= max_ss_125C_3v00 Corner ===================================

No paths found.


===========================================================================
 report_check_types -max_slew -max_cap -max_fanout -violators
============================================================================
======================= max_ss_125C_3v00 Corner ===================================



===========================================================================
report_parasitic_annotation -report_unannotated
============================================================================
Found 185 unannotated drivers.
 miso_IN
 clkload0/ZN
 clkload1/ZN
 clkload10/Z
 clkload100/Z
 clkload101/ZN
 clkload102/Z
 clkload103/ZN
 clkload104/ZN
 clkload105/Z
 clkload106/Z
 clkload107/ZN
 clkload108/ZN
 clkload109/ZN
 clkload11/ZN
 clkload110/ZN
 clkload111/ZN
 clkload112/ZN
 clkload113/Z
 clkload114/Z
 clkload115/Z
 clkload116/Z
 clkload117/ZN
 clkload118/ZN
 clkload119/Z
 clkload12/ZN
 clkload120/ZN
 clkload121/ZN
 clkload122/Z
 clkload123/ZN
 clkload124/ZN
 clkload125/ZN
 clkload126/ZN
 clkload127/ZN
 clkload128/ZN
 clkload129/ZN
 clkload13/ZN
 clkload130/Z
 clkload131/Z
 clkload132/ZN
 clkload133/ZN
 clkload134/ZN
 clkload135/Z
 clkload136/ZN
 clkload137/Z
 clkload138/ZN
 clkload139/ZN
 clkload14/ZN
 clkload140/ZN
 clkload141/ZN
 clkload142/Z
 clkload143/ZN
 clkload144/ZN
 clkload145/ZN
 clkload146/Z
 clkload147/Z
 clkload148/ZN
 clkload149/ZN
 clkload15/Z
 clkload150/ZN
 clkload151/Z
 clkload152/Z
 clkload153/ZN
 clkload154/Z
 clkload155/ZN
 clkload156/ZN
 clkload157/ZN
 clkload158/ZN
 clkload159/ZN
 clkload16/ZN
 clkload160/ZN
 clkload161/ZN
 clkload162/Z
 clkload163/ZN
 clkload164/Z
 clkload165/ZN
 clkload166/ZN
 clkload167/ZN
 clkload168/Z
 clkload169/Z
 clkload17/ZN
 clkload170/ZN
 clkload171/ZN
 clkload172/ZN
 clkload173/ZN
 clkload174/ZN
 clkload175/ZN
 clkload176/ZN
 clkload177/ZN
 clkload178/ZN
 clkload179/ZN
 clkload18/ZN
 clkload180/Z
 clkload181/Z
 clkload182/ZN
 clkload183/Z
 clkload19/ZN
 clkload2/ZN
 clkload20/ZN
 clkload21/ZN
 clkload22/ZN
 clkload23/ZN
 clkload24/ZN
 clkload25/ZN
 clkload26/Z
 clkload27/Z
 clkload28/ZN
 clkload29/ZN
 clkload3/ZN
 clkload30/ZN
 clkload31/ZN
 clkload32/ZN
 clkload33/ZN
 clkload34/ZN
 clkload35/ZN
 clkload36/ZN
 clkload37/ZN
 clkload38/Z
 clkload39/Z
 clkload4/ZN
 clkload40/ZN
 clkload41/ZN
 clkload42/ZN
 clkload43/ZN
 clkload44/ZN
 clkload45/ZN
 clkload46/ZN
 clkload47/ZN
 clkload48/ZN
 clkload49/Z
 clkload5/ZN
 clkload50/ZN
 clkload51/Z
 clkload52/ZN
 clkload53/ZN
 clkload54/Z
 clkload55/ZN
 clkload56/ZN
 clkload57/ZN
 clkload58/ZN
 clkload59/ZN
 clkload6/ZN
 clkload60/ZN
 clkload61/ZN
 clkload62/ZN
 clkload63/Z
 clkload64/Z
 clkload65/ZN
 clkload66/Z
 clkload67/ZN
 clkload68/ZN
 clkload69/ZN
 clkload7/Z
 clkload70/ZN
 clkload71/ZN
 clkload72/ZN
 clkload73/Z
 clkload74/Z
 clkload75/ZN
 clkload76/Z
 clkload77/Z
 clkload78/Z
 clkload79/ZN
 clkload8/ZN
 clkload80/ZN
 clkload81/Z
 clkload82/ZN
 clkload83/ZN
 clkload84/Z
 clkload85/ZN
 clkload86/ZN
 clkload87/ZN
 clkload88/ZN
 clkload89/ZN
 clkload9/ZN
 clkload90/ZN
 clkload91/ZN
 clkload92/ZN
 clkload93/ZN
 clkload94/ZN
 clkload95/ZN
 clkload96/ZN
 clkload97/ZN
 clkload98/ZN
 clkload99/ZN
Found 0 partially unannotated drivers.

===========================================================================
max slew violation count 0
Writing metric design__max_slew_violation__count__corner:max_ss_125C_3v00: 0
max fanout violation count 0
Writing metric design__max_fanout_violation__count__corner:max_ss_125C_3v00: 0
max cap violation count 0
Writing metric design__max_cap_violation__count__corner:max_ss_125C_3v00: 0
============================================================================

===========================================================================
check_setup -verbose -unconstrained_endpoints -multiple_clock -no_clock -no_input_delay -loops -generated_clocks
===========================================================================
Warning: There are 2 input ports missing set_input_delay.
  miso_IN
  rst_n_IN
