
===========================================================================
 report_power
============================================================================
======================= max_ss_125C_3v00 Corner ===================================

Group                    Internal    Switching      Leakage        Total
                            Power        Power        Power        Power (Watts)
------------------------------------------------------------------------
Sequential           7.687261e-03 4.814718e-07 1.827861e-06 7.689571e-03  69.6%
Combinational        3.060891e-06 3.310852e-06 4.836035e-06 1.120778e-05   0.1%
Clock                1.572032e-03 1.767032e-03 2.726687e-06 3.341791e-03  30.3%
Macro                0.000000e+00 0.000000e+00 0.000000e+00 0.000000e+00   0.0%
Pad                  0.000000e+00 0.000000e+00 0.000000e+00 0.000000e+00   0.0%
------------------------------------------------------------------------
Total                9.262347e-03 1.770824e-03 9.390862e-06 1.104256e-02 100.0%
                            83.9%        16.0%         0.1%
Writing metric power__internal__total: 0.009262346662580967
Writing metric power__switching__total: 0.0017708243103697896
Writing metric power__leakage__total: 9.390862032887526e-6
Writing metric power__total: 0.011042561382055283

