
===========================================================================
report_checks -unconstrained
===========================================================================
======================= max_ss_125C_3v00 Corner ===================================

Startpoint: _16858_ (rising edge-triggered flip-flop clocked by clk_IN)
Endpoint: _19184_ (recovery check against rising-edge clock clk_IN)
Path Group: asynchronous
Path Type: max

Fanout         Cap        Slew       Delay        Time   Description
---------------------------------------------------------------------------------------------
                                  0.000000    0.000000   clock clk_IN (rise edge)
                                  0.000000    0.000000   clock source latency
     1    0.017126    0.000000    0.000000    0.000000 ^ clk_IN (in)
                                                         clk_IN (net)
                      0.005352    0.002189    0.002189 ^ clkbuf_0_clk_IN/I (gf180mcu_fd_sc_mcu7t5v0__clkbuf_4)
     4    0.036401    0.517930    0.741809    0.743998 ^ clkbuf_0_clk_IN/Z (gf180mcu_fd_sc_mcu7t5v0__clkbuf_4)
                                                         clknet_0_clk_IN (net)
                      0.517931    0.001485    0.745483 ^ clkbuf_2_0_0_clk_IN/I (gf180mcu_fd_sc_mcu7t5v0__clkbuf_4)
    16    0.103765    1.203817    1.308795    2.054279 ^ clkbuf_2_0_0_clk_IN/Z (gf180mcu_fd_sc_mcu7t5v0__clkbuf_4)
                                                         clknet_2_0_0_clk_IN (net)
                      1.203857    0.003896    2.058174 ^ clkbuf_6_1_0_clk_IN/I (gf180mcu_fd_sc_mcu7t5v0__clkbuf_4)
     4    0.023040    0.407595    0.954779    3.012953 ^ clkbuf_6_1_0_clk_IN/Z (gf180mcu_fd_sc_mcu7t5v0__clkbuf_4)
                                                         clknet_6_1_0_clk_IN (net)
                      0.407595    0.000548    3.013502 ^ clkbuf_8_4__f_clk_IN/I (gf180mcu_fd_sc_mcu7t5v0__clkbuf_4)
    13    0.046367    0.616187    0.919900    3.933401 ^ clkbuf_8_4__f_clk_IN/Z (gf180mcu_fd_sc_mcu7t5v0__clkbuf_4)
                                                         clknet_8_4__leaf_clk_IN (net)
                      0.616187    0.000200    3.933602 ^ _16858_/CLK (gf180mcu_fd_sc_mcu7t5v0__dffrnq_4)
     2    0.007548    0.417815    3.123682    7.057284 ^ _16858_/Q (gf180mcu_fd_sc_mcu7t5v0__dffrnq_4)
                                                         u_core.rst_n_clk (net)
                      0.417815    0.000051    7.057335 ^ hold4060/I (gf180mcu_fd_sc_mcu7t5v0__clkbuf_1)
     7    0.063846    2.922239    2.063603    9.120938 ^ hold4060/Z (gf180mcu_fd_sc_mcu7t5v0__clkbuf_1)
                                                         net4060 (net)
                      2.922239    0.000424    9.121362 ^ wire3500/I (gf180mcu_fd_sc_mcu7t5v0__buf_8)
    18    0.146671    0.896160    1.074261   10.195622 ^ wire3500/Z (gf180mcu_fd_sc_mcu7t5v0__buf_8)
                                                         net3500 (net)
                      0.896160    0.000847   10.196469 ^ max_length3499/I (gf180mcu_fd_sc_mcu7t5v0__clkbuf_8)
    16    0.130150    0.814478    1.131436   11.327906 ^ max_length3499/Z (gf180mcu_fd_sc_mcu7t5v0__clkbuf_8)
                                                         net3499 (net)
                      0.814478    0.001259   11.329165 ^ max_length3498/I (gf180mcu_fd_sc_mcu7t5v0__clkbuf_8)
    17    0.137155    0.849343    1.135150   12.464315 ^ max_length3498/Z (gf180mcu_fd_sc_mcu7t5v0__clkbuf_8)
                                                         net3498 (net)
                      0.849345    0.002144   12.466459 ^ max_length3497/I (gf180mcu_fd_sc_mcu7t5v0__buf_8)
    23    0.176838    1.042830    1.034938   13.501398 ^ max_length3497/Z (gf180mcu_fd_sc_mcu7t5v0__buf_8)
                                                         net3497 (net)
                      1.042883    0.004142   13.505540 ^ wire3496/I (gf180mcu_fd_sc_mcu7t5v0__buf_4)
    13    0.100625    1.165865    1.130023   14.635564 ^ wire3496/Z (gf180mcu_fd_sc_mcu7t5v0__buf_4)
                                                         net3496 (net)
                      1.165878    0.002252   14.637815 ^ max_length3495/I (gf180mcu_fd_sc_mcu7t5v0__buf_4)
    10    0.076329    0.911404    0.995846   15.633662 ^ max_length3495/Z (gf180mcu_fd_sc_mcu7t5v0__buf_4)
                                                         net3495 (net)
                      0.911404    0.000338   15.634000 ^ max_length3494/I (gf180mcu_fd_sc_mcu7t5v0__buf_4)
    14    0.108391    1.247226    1.160435   16.794436 ^ max_length3494/Z (gf180mcu_fd_sc_mcu7t5v0__buf_4)
                                                         net3494 (net)
                      1.247246    0.002787   16.797222 ^ wire3493/I (gf180mcu_fd_sc_mcu7t5v0__buf_4)
    14    0.105949    1.222464    1.189257   17.986479 ^ wire3493/Z (gf180mcu_fd_sc_mcu7t5v0__buf_4)
                                                         net3493 (net)
                      1.222483    0.002672   17.989151 ^ wire3478/I (gf180mcu_fd_sc_mcu7t5v0__buf_2)
     7    0.054648    1.258252    1.250749   19.239899 ^ wire3478/Z (gf180mcu_fd_sc_mcu7t5v0__buf_2)
                                                         net3478 (net)
                      1.258252    0.001165   19.241064 ^ max_length3477/I (gf180mcu_fd_sc_mcu7t5v0__buf_4)
     9    0.072960    0.876904    0.985464   20.226528 ^ max_length3477/Z (gf180mcu_fd_sc_mcu7t5v0__buf_4)
                                                         net3477 (net)
                      0.876904    0.000307   20.226835 ^ max_length3476/I (gf180mcu_fd_sc_mcu7t5v0__clkbuf_8)
    15    0.117206    0.749300    1.087164   21.313999 ^ max_length3476/Z (gf180mcu_fd_sc_mcu7t5v0__clkbuf_8)
                                                         net3476 (net)
                      0.749303    0.002430   21.316431 ^ wire3474/I (gf180mcu_fd_sc_mcu7t5v0__clkbuf_8)
    15    0.117024    0.746740    1.057128   22.373558 ^ wire3474/Z (gf180mcu_fd_sc_mcu7t5v0__clkbuf_8)
                                                         net3474 (net)
                      0.746744    0.002640   22.376198 ^ max_length3472/I (gf180mcu_fd_sc_mcu7t5v0__buf_4)
    10    0.078638    0.933094    0.952658   23.328856 ^ max_length3472/Z (gf180mcu_fd_sc_mcu7t5v0__buf_4)
                                                         net3472 (net)
                      0.933100    0.001240   23.330095 ^ max_length3471/I (gf180mcu_fd_sc_mcu7t5v0__clkbuf_8)
    15    0.115598    0.741756    1.094854   24.424950 ^ max_length3471/Z (gf180mcu_fd_sc_mcu7t5v0__clkbuf_8)
                                                         net3471 (net)
                      0.741758    0.001643   24.426594 ^ max_length3470/I (gf180mcu_fd_sc_mcu7t5v0__clkbuf_8)
    17    0.128602    0.805509    1.092040   25.518633 ^ max_length3470/Z (gf180mcu_fd_sc_mcu7t5v0__clkbuf_8)
                                                         net3470 (net)
                      0.805509    0.001002   25.519634 ^ max_length3469/I (gf180mcu_fd_sc_mcu7t5v0__buf_4)
    10    0.076591    0.911730    0.947663   26.467299 ^ max_length3469/Z (gf180mcu_fd_sc_mcu7t5v0__buf_4)
                                                         net3469 (net)
                      0.911740    0.001684   26.468983 ^ max_length3468/I (gf180mcu_fd_sc_mcu7t5v0__buf_4)
     8    0.061498    0.754297    0.868576   27.337559 ^ max_length3468/Z (gf180mcu_fd_sc_mcu7t5v0__buf_4)
                                                         net3468 (net)
                      0.754297    0.000487   27.338045 ^ max_length3467/I (gf180mcu_fd_sc_mcu7t5v0__buf_4)
     9    0.077626    0.922690    0.947733   28.285778 ^ max_length3467/Z (gf180mcu_fd_sc_mcu7t5v0__buf_4)
                                                         net3467 (net)
                      0.922690    0.000663   28.286440 ^ max_length3466/I (gf180mcu_fd_sc_mcu7t5v0__buf_8)
    20    0.148148    0.893008    0.956403   29.242844 ^ max_length3466/Z (gf180mcu_fd_sc_mcu7t5v0__buf_8)
                                                         net3466 (net)
                      0.893008    0.000785   29.243629 ^ _19184_/RN (gf180mcu_fd_sc_mcu7t5v0__dffrnq_1)
                                             29.243629   data arrival time

                                 62.500000   62.500000   clock clk_IN (rise edge)
                                  0.000000   62.500000   clock source latency
     1    0.017126    0.000000    0.000000   62.500000 ^ clk_IN (in)
                                                         clk_IN (net)
                      0.005352    0.002188   62.502190 ^ clkbuf_0_clk_IN/I (gf180mcu_fd_sc_mcu7t5v0__clkbuf_4)
     4    0.036401    0.517930    0.741807   63.243996 ^ clkbuf_0_clk_IN/Z (gf180mcu_fd_sc_mcu7t5v0__clkbuf_4)
                                                         clknet_0_clk_IN (net)
                      0.517931    0.001542   63.245537 ^ clkbuf_2_3_0_clk_IN/I (gf180mcu_fd_sc_mcu7t5v0__clkbuf_4)
    16    0.104926    1.215955    1.316465   64.562004 ^ clkbuf_2_3_0_clk_IN/Z (gf180mcu_fd_sc_mcu7t5v0__clkbuf_4)
                                                         clknet_2_3_0_clk_IN (net)
                      1.215964    0.001819   64.563820 ^ clkbuf_6_62_0_clk_IN/I (gf180mcu_fd_sc_mcu7t5v0__clkbuf_4)
     4    0.022745    0.405225    0.955744   65.519569 ^ clkbuf_6_62_0_clk_IN/Z (gf180mcu_fd_sc_mcu7t5v0__clkbuf_4)
                                                         clknet_6_62_0_clk_IN (net)
                      0.405225    0.000220   65.519791 ^ clkbuf_8_251__f_clk_IN/I (gf180mcu_fd_sc_mcu7t5v0__clkbuf_4)
     7    0.024690    0.418634    0.768267   66.288055 ^ clkbuf_8_251__f_clk_IN/Z (gf180mcu_fd_sc_mcu7t5v0__clkbuf_4)
                                                         clknet_8_251__leaf_clk_IN (net)
                      0.418634    0.000071   66.288124 ^ _19184_/CLK (gf180mcu_fd_sc_mcu7t5v0__dffrnq_1)
                                 -0.500000   65.788124   clock uncertainty
                                  0.000000   65.788124   clock reconvergence pessimism
                                  0.771134   66.559258   library recovery time
                                             66.559258   data required time
---------------------------------------------------------------------------------------------
                                             66.559258   data required time
                                            -29.243629   data arrival time
---------------------------------------------------------------------------------------------
                                             37.315624   slack (MET)


Startpoint: _18581_ (rising edge-triggered flip-flop clocked by clk_IN)
Endpoint: _18976_ (rising edge-triggered flip-flop clocked by clk_IN)
Path Group: clk_IN
Path Type: max

Fanout         Cap        Slew       Delay        Time   Description
---------------------------------------------------------------------------------------------
                                  0.000000    0.000000   clock clk_IN (rise edge)
                                  0.000000    0.000000   clock source latency
     1    0.017126    0.000000    0.000000    0.000000 ^ clk_IN (in)
                                                         clk_IN (net)
                      0.005352    0.002189    0.002189 ^ clkbuf_0_clk_IN/I (gf180mcu_fd_sc_mcu7t5v0__clkbuf_4)
     4    0.036401    0.517930    0.741809    0.743998 ^ clkbuf_0_clk_IN/Z (gf180mcu_fd_sc_mcu7t5v0__clkbuf_4)
                                                         clknet_0_clk_IN (net)
                      0.517931    0.001485    0.745483 ^ clkbuf_2_0_0_clk_IN/I (gf180mcu_fd_sc_mcu7t5v0__clkbuf_4)
    16    0.103765    1.203817    1.308795    2.054279 ^ clkbuf_2_0_0_clk_IN/Z (gf180mcu_fd_sc_mcu7t5v0__clkbuf_4)
                                                         clknet_2_0_0_clk_IN (net)
                      1.203848    0.003469    2.057748 ^ clkbuf_6_3_0_clk_IN/I (gf180mcu_fd_sc_mcu7t5v0__clkbuf_4)
     4    0.022929    0.406622    0.954075    3.011823 ^ clkbuf_6_3_0_clk_IN/Z (gf180mcu_fd_sc_mcu7t5v0__clkbuf_4)
                                                         clknet_6_3_0_clk_IN (net)
                      0.406622    0.000231    3.012055 ^ clkbuf_8_14__f_clk_IN/I (gf180mcu_fd_sc_mcu7t5v0__clkbuf_4)
     9    0.042782    0.578857    0.895348    3.907403 ^ clkbuf_8_14__f_clk_IN/Z (gf180mcu_fd_sc_mcu7t5v0__clkbuf_4)
                                                         clknet_8_14__leaf_clk_IN (net)
                      0.578857    0.000268    3.907670 ^ _18581_/CLK (gf180mcu_fd_sc_mcu7t5v0__dffrnq_1)
    11    0.078154    3.587487    4.601493    8.509164 ^ _18581_/Q (gf180mcu_fd_sc_mcu7t5v0__dffrnq_1)
                                                         u_core.u_master.u_slave.u_core.st[3] (net)
                      3.587487    0.000861    8.510024 ^ _08429_/I (gf180mcu_fd_sc_mcu7t5v0__clkinv_1)
     3    0.026386    1.736172    1.408780    9.918804 v _08429_/ZN (gf180mcu_fd_sc_mcu7t5v0__clkinv_1)
                                                         _04413_ (net)
                      1.736172    0.000031    9.918835 v _08722_/A1 (gf180mcu_fd_sc_mcu7t5v0__nand2_1)
     1    0.009186    0.849823    0.908730   10.827565 ^ _08722_/ZN (gf180mcu_fd_sc_mcu7t5v0__nand2_1)
                                                         _04704_ (net)
                      0.849823    0.000014   10.827579 ^ _08765_/A1 (gf180mcu_fd_sc_mcu7t5v0__or3_4)
     7    0.039771    0.557076    0.866193   11.693772 ^ _08765_/Z (gf180mcu_fd_sc_mcu7t5v0__or3_4)
                                                         _04734_ (net)
                      0.557076    0.000052   11.693825 ^ max_length1017/I (gf180mcu_fd_sc_mcu7t5v0__buf_2)
     5    0.026130    0.659339    0.793069   12.486894 ^ max_length1017/Z (gf180mcu_fd_sc_mcu7t5v0__buf_2)
                                                         net1017 (net)
                      0.659340    0.000846   12.487740 ^ wire992/I (gf180mcu_fd_sc_mcu7t5v0__buf_2)
    11    0.054584    1.256723    1.163932   13.651671 ^ wire992/Z (gf180mcu_fd_sc_mcu7t5v0__buf_2)
                                                         net992 (net)
                      1.256729    0.001521   13.653193 ^ wire991/I (gf180mcu_fd_sc_mcu7t5v0__buf_3)
    13    0.066430    1.064767    1.246664   14.899857 ^ wire991/Z (gf180mcu_fd_sc_mcu7t5v0__buf_3)
                                                         net991 (net)
                      1.064774    0.001495   14.901352 ^ wire974/I (gf180mcu_fd_sc_mcu7t5v0__clkbuf_2)
     7    0.032952    0.816907    1.140402   16.041754 ^ wire974/Z (gf180mcu_fd_sc_mcu7t5v0__clkbuf_2)
                                                         net974 (net)
                      0.816908    0.000842   16.042595 ^ max_length973/I (gf180mcu_fd_sc_mcu7t5v0__clkbuf_1)
     1    0.005382    0.385990    0.679105   16.721701 ^ max_length973/Z (gf180mcu_fd_sc_mcu7t5v0__clkbuf_1)
                                                         net973 (net)
                      0.385990    0.000250   16.721951 ^ wire968/I (gf180mcu_fd_sc_mcu7t5v0__clkbuf_1)
     4    0.019457    0.954566    0.954866   17.676817 ^ wire968/Z (gf180mcu_fd_sc_mcu7t5v0__clkbuf_1)
                                                         net968 (net)
                      0.954566    0.000886   17.677704 ^ wire967/I (gf180mcu_fd_sc_mcu7t5v0__clkbuf_1)
     3    0.012990    0.688222    0.896767   18.574471 ^ wire967/Z (gf180mcu_fd_sc_mcu7t5v0__clkbuf_1)
                                                         net967 (net)
                      0.688222    0.000174   18.574644 ^ wire965/I (gf180mcu_fd_sc_mcu7t5v0__buf_1)
     6    0.026352    1.263270    1.197604   19.772249 ^ wire965/Z (gf180mcu_fd_sc_mcu7t5v0__buf_1)
                                                         net965 (net)
                      1.263270    0.000684   19.772932 ^ wire964/I (gf180mcu_fd_sc_mcu7t5v0__buf_1)
     5    0.024917    1.205749    1.242471   21.015404 ^ wire964/Z (gf180mcu_fd_sc_mcu7t5v0__buf_1)
                                                         net964 (net)
                      1.205749    0.000652   21.016056 ^ wire963/I (gf180mcu_fd_sc_mcu7t5v0__clkbuf_1)
     3    0.015637    0.800118    1.003295   22.019350 ^ wire963/Z (gf180mcu_fd_sc_mcu7t5v0__clkbuf_1)
                                                         net963 (net)
                      0.800118    0.000497   22.019848 ^ wire962/I (gf180mcu_fd_sc_mcu7t5v0__buf_2)
     8    0.041042    0.972794    1.016494   23.036341 ^ wire962/Z (gf180mcu_fd_sc_mcu7t5v0__buf_2)
                                                         net962 (net)
                      0.972794    0.000666   23.037008 ^ max_length961/I (gf180mcu_fd_sc_mcu7t5v0__buf_4)
    16    0.084976    1.000710    1.022588   24.059595 ^ max_length961/Z (gf180mcu_fd_sc_mcu7t5v0__buf_4)
                                                         net961 (net)
                      1.000732    0.002606   24.062202 ^ _08766_/I (gf180mcu_fd_sc_mcu7t5v0__inv_4)
     2    0.011328    0.277618    0.195087   24.257288 v _08766_/ZN (gf180mcu_fd_sc_mcu7t5v0__inv_4)
                                                         _00359_ (net)
                      0.277618    0.000274   24.257563 v max_length543/I (gf180mcu_fd_sc_mcu7t5v0__buf_2)
     5    0.036217    0.504594    0.815948   25.073511 v max_length543/Z (gf180mcu_fd_sc_mcu7t5v0__buf_2)
                                                         net543 (net)
                      0.504601    0.001053   25.074564 v wire542/I (gf180mcu_fd_sc_mcu7t5v0__buf_2)
     7    0.046307    0.603185    0.966136   26.040699 v wire542/Z (gf180mcu_fd_sc_mcu7t5v0__buf_2)
                                                         net542 (net)
                      0.603190    0.000952   26.041651 v max_length541/I (gf180mcu_fd_sc_mcu7t5v0__buf_2)
     6    0.039977    0.542602    0.952621   26.994272 v max_length541/Z (gf180mcu_fd_sc_mcu7t5v0__buf_2)
                                                         net541 (net)
                      0.542613    0.001377   26.995649 v wire539/I (gf180mcu_fd_sc_mcu7t5v0__clkbuf_2)
     6    0.028719    0.633337    1.006187   28.001837 v wire539/Z (gf180mcu_fd_sc_mcu7t5v0__clkbuf_2)
                                                         net539 (net)
                      0.633337    0.000631   28.002466 v max_length538/I (gf180mcu_fd_sc_mcu7t5v0__buf_2)
     5    0.035248    0.497684    0.928548   28.931015 v max_length538/Z (gf180mcu_fd_sc_mcu7t5v0__buf_2)
                                                         net538 (net)
                      0.497689    0.000977   28.931992 v wire537/I (gf180mcu_fd_sc_mcu7t5v0__clkbuf_1)
     2    0.009593    0.462811    0.749973   29.681965 v wire537/Z (gf180mcu_fd_sc_mcu7t5v0__clkbuf_1)
                                                         net537 (net)
                      0.462811    0.000249   29.682213 v wire536/I (gf180mcu_fd_sc_mcu7t5v0__clkbuf_1)
     3    0.015362    0.652884    0.865072   30.547285 v wire536/Z (gf180mcu_fd_sc_mcu7t5v0__clkbuf_1)
                                                         net536 (net)
                      0.652884    0.000515   30.547800 v wire534/I (gf180mcu_fd_sc_mcu7t5v0__clkbuf_2)
     5    0.031704    0.683752    1.075115   31.622915 v wire534/Z (gf180mcu_fd_sc_mcu7t5v0__clkbuf_2)
                                                         net534 (net)
                      0.683755    0.000757   31.623672 v max_length533/I (gf180mcu_fd_sc_mcu7t5v0__buf_2)
     3    0.021955    0.369526    0.846285   32.469955 v max_length533/Z (gf180mcu_fd_sc_mcu7t5v0__buf_2)
                                                         net533 (net)
                      0.369532    0.000995   32.470951 v max_length532/I (gf180mcu_fd_sc_mcu7t5v0__buf_2)
     8    0.051270    0.652102    0.955723   33.426674 v max_length532/Z (gf180mcu_fd_sc_mcu7t5v0__buf_2)
                                                         net532 (net)
                      0.652110    0.001329   33.428001 v wire531/I (gf180mcu_fd_sc_mcu7t5v0__buf_3)
     9    0.066396    0.628709    1.139984   34.567986 v wire531/Z (gf180mcu_fd_sc_mcu7t5v0__buf_3)
                                                         net531 (net)
                      0.628725    0.001727   34.569714 v _12810_/A1 (gf180mcu_fd_sc_mcu7t5v0__nand2_1)
     2    0.008495    0.676832    0.570612   35.140324 ^ _12810_/ZN (gf180mcu_fd_sc_mcu7t5v0__nand2_1)
                                                         _08041_ (net)
                      0.676832    0.000014   35.140339 ^ max_length157/I (gf180mcu_fd_sc_mcu7t5v0__clkbuf_2)
     5    0.025647    0.663322    0.966356   36.106697 ^ max_length157/Z (gf180mcu_fd_sc_mcu7t5v0__clkbuf_2)
                                                         net157 (net)
                      0.663322    0.000540   36.107235 ^ wire156/I (gf180mcu_fd_sc_mcu7t5v0__clkbuf_1)
     2    0.011165    0.610656    0.803155   36.910389 ^ wire156/Z (gf180mcu_fd_sc_mcu7t5v0__clkbuf_1)
                                                         net156 (net)
                      0.610656    0.000352   36.910744 ^ _12839_/B1 (gf180mcu_fd_sc_mcu7t5v0__aoi22_1)
     1    0.004257    0.817956    0.518000   37.428741 v _12839_/ZN (gf180mcu_fd_sc_mcu7t5v0__aoi22_1)
                                                         _08067_ (net)
                      0.817956    0.000004   37.428745 v _12840_/A2 (gf180mcu_fd_sc_mcu7t5v0__nor2_1)
     1    0.003133    0.661443    0.629296   38.058041 ^ _12840_/ZN (gf180mcu_fd_sc_mcu7t5v0__nor2_1)
                                                         _00754_ (net)
                      0.661443    0.000014   38.058056 ^ _18976_/D (gf180mcu_fd_sc_mcu7t5v0__dffrnq_1)
                                             38.058056   data arrival time

                                 62.500000   62.500000   clock clk_IN (rise edge)
                                  0.000000   62.500000   clock source latency
     1    0.017126    0.000000    0.000000   62.500000 ^ clk_IN (in)
                                                         clk_IN (net)
                      0.005352    0.002188   62.502190 ^ clkbuf_0_clk_IN/I (gf180mcu_fd_sc_mcu7t5v0__clkbuf_4)
     4    0.036401    0.517930    0.741807   63.243996 ^ clkbuf_0_clk_IN/Z (gf180mcu_fd_sc_mcu7t5v0__clkbuf_4)
                                                         clknet_0_clk_IN (net)
                      0.517931    0.001485   63.245483 ^ clkbuf_2_0_0_clk_IN/I (gf180mcu_fd_sc_mcu7t5v0__clkbuf_4)
    16    0.103765    1.203817    1.308798   64.554283 ^ clkbuf_2_0_0_clk_IN/Z (gf180mcu_fd_sc_mcu7t5v0__clkbuf_4)
                                                         clknet_2_0_0_clk_IN (net)
                      1.203817    0.001080   64.555359 ^ clkbuf_6_14_0_clk_IN/I (gf180mcu_fd_sc_mcu7t5v0__clkbuf_4)
     4    0.022867    0.406051    0.953612   65.508972 ^ clkbuf_6_14_0_clk_IN/Z (gf180mcu_fd_sc_mcu7t5v0__clkbuf_4)
                                                         clknet_6_14_0_clk_IN (net)
                      0.406051    0.000277   65.509247 ^ clkbuf_8_57__f_clk_IN/I (gf180mcu_fd_sc_mcu7t5v0__clkbuf_4)
    10    0.035948    0.514274    0.847223   66.356476 ^ clkbuf_8_57__f_clk_IN/Z (gf180mcu_fd_sc_mcu7t5v0__clkbuf_4)
                                                         clknet_8_57__leaf_clk_IN (net)
                      0.514274    0.000099   66.356575 ^ _18976_/CLK (gf180mcu_fd_sc_mcu7t5v0__dffrnq_1)
                                 -0.500000   65.856567   clock uncertainty
                                  0.000000   65.856567   clock reconvergence pessimism
                                 -0.979762   64.876808   library setup time
                                             64.876808   data required time
---------------------------------------------------------------------------------------------
                                             64.876808   data required time
                                            -38.058056   data arrival time
---------------------------------------------------------------------------------------------
                                             26.818754   slack (MET)


Startpoint: _17140_ (rising edge-triggered flip-flop clocked by clk_IN)
Endpoint: _16943_ (rising edge-triggered flip-flop clocked by sclk_IN)
Path Group: sclk_IN
Path Type: max

Fanout         Cap        Slew       Delay        Time   Description
---------------------------------------------------------------------------------------------
                               1937.500000 1937.500000   clock clk_IN (rise edge)
                                  0.000000 1937.500000   clock source latency
     1    0.017126    0.000000    0.000000 1937.500000 ^ clk_IN (in)
                                                         clk_IN (net)
                      0.005352    0.002274 1937.502319 ^ clkbuf_0_clk_IN/I (gf180mcu_fd_sc_mcu7t5v0__clkbuf_4)
     4    0.036401    0.517930    0.741693 1938.244019 ^ clkbuf_0_clk_IN/Z (gf180mcu_fd_sc_mcu7t5v0__clkbuf_4)
                                                         clknet_0_clk_IN (net)
                      0.517931    0.001364 1938.245361 ^ clkbuf_2_1_0_clk_IN/I (gf180mcu_fd_sc_mcu7t5v0__clkbuf_4)
    16    0.103795    1.204108    1.308990 1939.554321 ^ clkbuf_2_1_0_clk_IN/Z (gf180mcu_fd_sc_mcu7t5v0__clkbuf_4)
                                                         clknet_2_1_0_clk_IN (net)
                      1.204142    0.003638 1939.557983 ^ clkbuf_6_29_0_clk_IN/I (gf180mcu_fd_sc_mcu7t5v0__clkbuf_4)
     4    0.023063    0.407841    0.954969 1940.512939 ^ clkbuf_6_29_0_clk_IN/Z (gf180mcu_fd_sc_mcu7t5v0__clkbuf_4)
                                                         clknet_6_29_0_clk_IN (net)
                      0.407841    0.000227 1940.513184 ^ clkbuf_8_116__f_clk_IN/I (gf180mcu_fd_sc_mcu7t5v0__clkbuf_4)
    14    0.049885    0.652086    0.942009 1941.455200 ^ clkbuf_8_116__f_clk_IN/Z (gf180mcu_fd_sc_mcu7t5v0__clkbuf_4)
                                                         clknet_8_116__leaf_clk_IN (net)
                      0.652086    0.000227 1941.455444 ^ _17140_/CLK (gf180mcu_fd_sc_mcu7t5v0__dffrnq_1)
     2    0.008337    0.635938    2.826710 1944.282104 ^ _17140_/Q (gf180mcu_fd_sc_mcu7t5v0__dffrnq_1)
                                                         u_core.rd_data_clk[26] (net)
                      0.635938    0.000000 1944.282104 ^ _14155_/A1 (gf180mcu_fd_sc_mcu7t5v0__nor2_1)
     1    0.004577    0.368251    0.329237 1944.611328 v _14155_/ZN (gf180mcu_fd_sc_mcu7t5v0__nor2_1)
                                                         _03063_ (net)
                      0.368251    0.000000 1944.611328 v _14158_/A2 (gf180mcu_fd_sc_mcu7t5v0__oai31_1)
     1    0.003708    1.559432    1.200078 1945.811401 ^ _14158_/ZN (gf180mcu_fd_sc_mcu7t5v0__oai31_1)
                                                         _01226_ (net)
                      1.559432    0.000227 1945.811646 ^ hold5399/I (gf180mcu_fd_sc_mcu7t5v0__clkbuf_1)
     1    0.003047    0.316923    0.708951 1946.520630 ^ hold5399/Z (gf180mcu_fd_sc_mcu7t5v0__clkbuf_1)
                                                         net5399 (net)
                      0.316923    0.000000 1946.520630 ^ _16943_/D (gf180mcu_fd_sc_mcu7t5v0__dffrnq_1)
                                           1946.520630   data arrival time

                               2000.000000 2000.000000   clock sclk_IN (rise edge)
                                  0.000000 2000.000000   clock source latency
     1    0.014070    0.000000    0.000000 2000.000000 ^ sclk_IN (in)
                                                         sclk_IN (net)
                      0.003022    0.001137 2000.001221 ^ clkbuf_0_sclk_IN/I (gf180mcu_fd_sc_mcu7t5v0__clkbuf_4)
     4    0.033902    0.493871    0.723503 2000.724731 ^ clkbuf_0_sclk_IN/Z (gf180mcu_fd_sc_mcu7t5v0__clkbuf_4)
                                                         clknet_0_sclk_IN (net)
                      0.493872    0.001137 2000.725830 ^ clkbuf_2_3_0_sclk_IN/I (gf180mcu_fd_sc_mcu7t5v0__clkbuf_4)
     4    0.029136    0.449697    0.823093 2001.548950 ^ clkbuf_2_3_0_sclk_IN/Z (gf180mcu_fd_sc_mcu7t5v0__clkbuf_4)
                                                         clknet_2_3_0_sclk_IN (net)
                      0.449697    0.001137 2001.550049 ^ clkbuf_4_13__f_sclk_IN/I (gf180mcu_fd_sc_mcu7t5v0__clkbuf_4)
     6    0.023538    0.396998    0.771706 2002.321777 ^ clkbuf_4_13__f_sclk_IN/Z (gf180mcu_fd_sc_mcu7t5v0__clkbuf_4)
                                                         clknet_4_13__leaf_sclk_IN (net)
                      0.396998    0.001137 2002.322876 ^ _16943_/CLK (gf180mcu_fd_sc_mcu7t5v0__dffrnq_1)
                                 -0.500000 2001.822876   clock uncertainty
                                  0.000000 2001.822876   clock reconvergence pessimism
                                 -0.940916 2000.882080   library setup time
                                           2000.882080   data required time
---------------------------------------------------------------------------------------------
                                           2000.882080   data required time
                                           -1946.520630   data arrival time
---------------------------------------------------------------------------------------------
                                             54.361374   slack (MET)




===========================================================================
report_checks --slack_max -0.01
============================================================================
======================= max_ss_125C_3v00 Corner ===================================

No paths found.


===========================================================================
 report_check_types -max_slew -max_cap -max_fanout -violators
============================================================================
======================= max_ss_125C_3v00 Corner ===================================



===========================================================================
report_parasitic_annotation -report_unannotated
============================================================================
Found 185 unannotated drivers.
 miso_IN
 clkload0/ZN
 clkload1/ZN
 clkload10/Z
 clkload100/Z
 clkload101/ZN
 clkload102/Z
 clkload103/ZN
 clkload104/ZN
 clkload105/Z
 clkload106/Z
 clkload107/ZN
 clkload108/ZN
 clkload109/ZN
 clkload11/ZN
 clkload110/ZN
 clkload111/ZN
 clkload112/ZN
 clkload113/Z
 clkload114/Z
 clkload115/Z
 clkload116/Z
 clkload117/ZN
 clkload118/ZN
 clkload119/Z
 clkload12/ZN
 clkload120/ZN
 clkload121/ZN
 clkload122/Z
 clkload123/ZN
 clkload124/ZN
 clkload125/ZN
 clkload126/ZN
 clkload127/ZN
 clkload128/ZN
 clkload129/ZN
 clkload13/ZN
 clkload130/Z
 clkload131/Z
 clkload132/ZN
 clkload133/ZN
 clkload134/ZN
 clkload135/Z
 clkload136/ZN
 clkload137/Z
 clkload138/ZN
 clkload139/ZN
 clkload14/ZN
 clkload140/ZN
 clkload141/ZN
 clkload142/Z
 clkload143/ZN
 clkload144/ZN
 clkload145/ZN
 clkload146/Z
 clkload147/Z
 clkload148/ZN
 clkload149/ZN
 clkload15/Z
 clkload150/ZN
 clkload151/Z
 clkload152/Z
 clkload153/ZN
 clkload154/Z
 clkload155/ZN
 clkload156/ZN
 clkload157/ZN
 clkload158/ZN
 clkload159/ZN
 clkload16/ZN
 clkload160/ZN
 clkload161/ZN
 clkload162/Z
 clkload163/ZN
 clkload164/Z
 clkload165/ZN
 clkload166/ZN
 clkload167/ZN
 clkload168/Z
 clkload169/Z
 clkload17/ZN
 clkload170/ZN
 clkload171/ZN
 clkload172/ZN
 clkload173/ZN
 clkload174/ZN
 clkload175/ZN
 clkload176/ZN
 clkload177/ZN
 clkload178/ZN
 clkload179/ZN
 clkload18/ZN
 clkload180/Z
 clkload181/Z
 clkload182/ZN
 clkload183/Z
 clkload19/ZN
 clkload2/ZN
 clkload20/ZN
 clkload21/ZN
 clkload22/ZN
 clkload23/ZN
 clkload24/ZN
 clkload25/ZN
 clkload26/Z
 clkload27/Z
 clkload28/ZN
 clkload29/ZN
 clkload3/ZN
 clkload30/ZN
 clkload31/ZN
 clkload32/ZN
 clkload33/ZN
 clkload34/ZN
 clkload35/ZN
 clkload36/ZN
 clkload37/ZN
 clkload38/Z
 clkload39/Z
 clkload4/ZN
 clkload40/ZN
 clkload41/ZN
 clkload42/ZN
 clkload43/ZN
 clkload44/ZN
 clkload45/ZN
 clkload46/ZN
 clkload47/ZN
 clkload48/ZN
 clkload49/Z
 clkload5/ZN
 clkload50/ZN
 clkload51/Z
 clkload52/ZN
 clkload53/ZN
 clkload54/Z
 clkload55/ZN
 clkload56/ZN
 clkload57/ZN
 clkload58/ZN
 clkload59/ZN
 clkload6/ZN
 clkload60/ZN
 clkload61/ZN
 clkload62/ZN
 clkload63/Z
 clkload64/Z
 clkload65/ZN
 clkload66/Z
 clkload67/ZN
 clkload68/ZN
 clkload69/ZN
 clkload7/Z
 clkload70/ZN
 clkload71/ZN
 clkload72/ZN
 clkload73/Z
 clkload74/Z
 clkload75/ZN
 clkload76/Z
 clkload77/Z
 clkload78/Z
 clkload79/ZN
 clkload8/ZN
 clkload80/ZN
 clkload81/Z
 clkload82/ZN
 clkload83/ZN
 clkload84/Z
 clkload85/ZN
 clkload86/ZN
 clkload87/ZN
 clkload88/ZN
 clkload89/ZN
 clkload9/ZN
 clkload90/ZN
 clkload91/ZN
 clkload92/ZN
 clkload93/ZN
 clkload94/ZN
 clkload95/ZN
 clkload96/ZN
 clkload97/ZN
 clkload98/ZN
 clkload99/ZN
Found 0 partially unannotated drivers.

===========================================================================
max slew violation count 0
Writing metric design__max_slew_violation__count__corner:max_ss_125C_3v00: 0
max fanout violation count 0
Writing metric design__max_fanout_violation__count__corner:max_ss_125C_3v00: 0
max cap violation count 0
Writing metric design__max_cap_violation__count__corner:max_ss_125C_3v00: 0
============================================================================

===========================================================================
check_setup -verbose -unconstrained_endpoints -multiple_clock -no_clock -no_input_delay -loops -generated_clocks
===========================================================================
Warning: There are 2 input ports missing set_input_delay.
  miso_IN
  rst_n_IN
