Clock: clk_IN
Sources: clk_IN 
Generated: no
Virtual: yes
Propagated: no
Period: 62.500000

===========================================================================
report_clock_properties
============================================================================
Clock                   Period          Waveform
----------------------------------------------------
clk_IN               62.500000    0.000000 31.250000

===========================================================================
report_clock_latency
============================================================================
Clock clk_IN
rise -> rise
    min     max
0.000000 0.000000 source latency
3.777308         network latency _17671_/CLK
        4.067400 network latency _19044_/CLK
---------------
3.777308 4.067400 latency
        0.290091 skew

fall -> fall
    min     max
0.000000 0.000000 source latency
3.895344         network latency _17671_/CLK
        4.176567 network latency _19044_/CLK
---------------
3.895344 4.176567 latency
        0.281222 skew



===========================================================================
report_clock_min_period
============================================================================
clk_IN period_min = 35.68 fmax = 28.03
Clock: sclk_IN
Sources: sclk_IN 
Generated: no
Virtual: yes
Propagated: no
Period: 2000.000000

===========================================================================
report_clock_properties
============================================================================
Clock                   Period          Waveform
----------------------------------------------------
sclk_IN             2000.000000    0.0000001000.000000

===========================================================================
report_clock_latency
============================================================================
Clock sclk_IN
rise -> rise
    min     max
0.000000 0.000000 source latency
2.322844         network latency _16944_/CLK
        2.536107 network latency _16920_/CLK
---------------
2.322844 2.536107 latency
        0.213263 skew

fall -> fall
    min     max
0.000000 0.000000 source latency
2.403795         network latency _16944_/CLK
        2.611387 network latency _16919_/CLK
---------------
2.403795 2.611387 latency
        0.207592 skew



===========================================================================
report_clock_min_period
============================================================================
sclk_IN period_min = 20.17 fmax = 49.57
