
===========================================================================
 report_power
============================================================================
======================= max_ss_125C_3v00 Corner ===================================

Group                    Internal    Switching      Leakage        Total
                            Power        Power        Power        Power (Watts)
------------------------------------------------------------------------
Sequential           7.687203e-03 2.512827e-07 1.827861e-06 7.689282e-03  69.6%
Combinational        5.407010e-06 4.393646e-06 6.756029e-06 1.655669e-05   0.1%
Clock                1.571999e-03 1.766861e-03 2.726687e-06 3.341587e-03  30.2%
Macro                0.000000e+00 0.000000e+00 0.000000e+00 0.000000e+00   0.0%
Pad                  0.000000e+00 0.000000e+00 0.000000e+00 0.000000e+00   0.0%
------------------------------------------------------------------------
Total                9.264604e-03 1.771506e-03 1.130862e-05 1.104742e-02 100.0%
                            83.9%        16.0%         0.1%
Writing metric power__internal__total: 0.009264604188501835
Writing metric power__switching__total: 0.0017715058056637645
Writing metric power__leakage__total: 1.1308617104077712e-5
Writing metric power__total: 0.011047419160604477

