Reading timing models for corner max_ss_125C_3v00…
Reading timing library for the 'max_ss_125C_3v00' corner at '/foss/pdks/gf180mcuD/libs.ref/gf180mcu_fd_sc_mcu7t5v0/lib/gf180mcu_fd_sc_mcu7t5v0__ss_125C_3v00.lib'…
Reading technology LEF file at '/foss/pdks/gf180mcuD/libs.ref/gf180mcu_fd_sc_mcu7t5v0/techlef/gf180mcu_fd_sc_mcu7t5v0__max.tlef'…
[INFO ODB-0388] unsupported LEF58_EOLENCLOSURE property for layer Via1 :"
  	EOLENCLOSURE 0.34 0.06 ;"
[INFO ODB-0388] unsupported LEF58_EOLENCLOSURE property for layer Via2 :" EOLENCLOSURE 0.34 0.06 ; "
[INFO ODB-0388] unsupported LEF58_EOLENCLOSURE property for layer Via3 :" EOLENCLOSURE 0.34 0.06 ; "
[INFO ODB-0388] unsupported LEF58_EOLENCLOSURE property for layer Via4 :" EOLENCLOSURE 0.34 0.06 ; "
[INFO ODB-0227] LEF file: /foss/pdks/gf180mcuD/libs.ref/gf180mcu_fd_sc_mcu7t5v0/techlef/gf180mcu_fd_sc_mcu7t5v0__max.tlef, created 15 layers, 56 vias
Reading cell LEF file at '/foss/pdks/gf180mcuD/libs.ref/gf180mcu_fd_sc_mcu7t5v0/lef/gf180mcu_fd_sc_mcu7t5v0.lef'…
[WARNING ODB-0220] WARNING (LEFPARS-2008): NOWIREEXTENSIONATPIN statement is obsolete in version 5.6 or later.
The NOWIREEXTENSIONATPIN statement will be ignored. See file /foss/pdks/gf180mcuD/libs.ref/gf180mcu_fd_sc_mcu7t5v0/lef/gf180mcu_fd_sc_mcu7t5v0.lef at line 2.

[INFO ODB-0227] LEF file: /foss/pdks/gf180mcuD/libs.ref/gf180mcu_fd_sc_mcu7t5v0/lef/gf180mcu_fd_sc_mcu7t5v0.lef, created 229 library cells
[INFO ODB-0127] Reading DEF file: /foss/designs/ascon_run_deffile/runs/run11/13-openroad-floorplan/A10_A.def
[INFO ODB-0128] Design: A10_A
[INFO ODB-0130]     Created 48 pins.
[INFO ODB-0131]     Created 11051 components and 85603 component-terminals.
[INFO ODB-0132]     Created 2 special nets and 44204 connections.
[INFO ODB-0133]     Created 11057 nets and 41399 connections.
[INFO ODB-0134] Finished DEF file: /foss/designs/ascon_run_deffile/runs/run11/13-openroad-floorplan/A10_A.def
%OL_CREATE_REPORT tlef_values.rpt
 time 1ns
 capacitance 1pF
 resistance 1ohm
 voltage 1v
 current 1mA
 power 1uW
 distance 1um
== Technology LEF Values ==
=== Routing Layers ===
Name                Direction           Res/Unit Distance   Cap/Unit Distance   
Metal1              HORIZONTAL          4.521739e-01        9.062000e-06        
Metal2              VERTICAL            3.714286e-01        1.103200e-05        
Metal3              HORIZONTAL          3.714286e-01        1.103200e-05        
Metal4              VERTICAL            3.714286e-01        1.103200e-05        
Metal5              HORIZONTAL          1.590909e-01        1.733600e-05        
=== Vias ===
Name                Cut Resistance      
CON                 0.000000e+00        
Via1                1.500000e+01        
Via2                1.500000e+01        
Via3                1.500000e+01        
Via4                1.500000e+01        
%OL_END_REPORT
%OL_CREATE_REPORT layer_values_after.rpt
 time 1ns
 capacitance 1pF
 resistance 1ohm
 voltage 1v
 current 1mA
 power 1uW
 distance 1um
== Layer Values (After Set RC) ==
=== Routing Layers ===
Name                Direction           Res/Unit Distance   Cap/Unit Distance   
Metal1              HORIZONTAL          4.521739e-01        9.062000e-06        
Metal2              VERTICAL            3.714286e-01        1.103200e-05        
Metal3              HORIZONTAL          3.714286e-01        1.103200e-05        
Metal4              VERTICAL            3.714286e-01        1.103200e-05        
Metal5              HORIZONTAL          1.590909e-01        1.733600e-05        
=== Vias ===
Name                Cut Resistance      
CON                 0.000000e+00        
Via1                1.500000e+01        
Via2                1.500000e+01        
Via3                1.500000e+01        
Via4                1.500000e+01        
%OL_END_REPORT
%OL_CREATE_REPORT resizer_values_after.rpt
 time 1ns
 capacitance 1pF
 resistance 1ohm
 voltage 1v
 current 1mA
 power 1uW
 distance 1um
== Resizer RC Values (After Set RC) ==
=== Corner max_ss_125C_3v00 ===
==== Estimation RC Values ====
Name                Direction           Res/Unit Distance   Cap/Unit Distance   
Signal              Avg                 3.183442e-01        1.260800e-05        
Clock               Avg                 3.183442e-01        1.260800e-05        
==== Rt. Layer RC Values ====
Name                Direction           Res/Unit Distance   Cap/Unit Distance   
Metal1              HORIZONTAL          0.000000e+00        0.000000e+00        
Metal2              VERTICAL            0.000000e+00        0.000000e+00        
Metal3              HORIZONTAL          0.000000e+00        0.000000e+00        
Metal4              VERTICAL            0.000000e+00        0.000000e+00        
Metal5              HORIZONTAL          0.000000e+00        0.000000e+00        
==== Via R Values ====
Name                Res/Unit Distance   
CON                 0.000000e+00        
Via1                0.000000e+00        
Via2                0.000000e+00        
Via3                0.000000e+00        
Via4                0.000000e+00        
%OL_END_REPORT
