 time 1ns
 capacitance 1pF
 resistance 1ohm
 voltage 1v
 current 1mA
 power 1uW
 distance 1um
== Technology LEF Values ==
=== Routing Layers ===
Name                Direction           Res/Unit Distance   Cap/Unit Distance   
Metal1              HORIZONTAL          4.521739e-01        9.062000e-06        
Metal2              VERTICAL            3.714286e-01        1.103200e-05        
Metal3              HORIZONTAL          3.714286e-01        1.103200e-05        
Metal4              VERTICAL            3.714286e-01        1.103200e-05        
Metal5              HORIZONTAL          1.590909e-01        1.733600e-05        
=== Vias ===
Name                Cut Resistance      
CON                 0.000000e+00        
Via1                1.500000e+01        
Via2                1.500000e+01        
Via3                1.500000e+01        
Via4                1.500000e+01        
