Reading timing models for corner max_ss_125C_3v00…
Reading timing library for the 'max_ss_125C_3v00' corner at '/foss/pdks/gf180mcuD/libs.ref/gf180mcu_fd_sc_mcu7t5v0/lib/gf180mcu_fd_sc_mcu7t5v0__ss_125C_3v00.lib'…
Reading technology LEF file at '/foss/pdks/gf180mcuD/libs.ref/gf180mcu_fd_sc_mcu7t5v0/techlef/gf180mcu_fd_sc_mcu7t5v0__max.tlef'…
[INFO ODB-0388] unsupported LEF58_EOLENCLOSURE property for layer Via1 :"
  	EOLENCLOSURE 0.34 0.06 ;"
[INFO ODB-0388] unsupported LEF58_EOLENCLOSURE property for layer Via2 :" EOLENCLOSURE 0.34 0.06 ; "
[INFO ODB-0388] unsupported LEF58_EOLENCLOSURE property for layer Via3 :" EOLENCLOSURE 0.34 0.06 ; "
[INFO ODB-0388] unsupported LEF58_EOLENCLOSURE property for layer Via4 :" EOLENCLOSURE 0.34 0.06 ; "
[INFO ODB-0227] LEF file: /foss/pdks/gf180mcuD/libs.ref/gf180mcu_fd_sc_mcu7t5v0/techlef/gf180mcu_fd_sc_mcu7t5v0__max.tlef, created 15 layers, 56 vias
Reading cell LEF file at '/foss/pdks/gf180mcuD/libs.ref/gf180mcu_fd_sc_mcu7t5v0/lef/gf180mcu_fd_sc_mcu7t5v0.lef'…
[WARNING ODB-0220] WARNING (LEFPARS-2008): NOWIREEXTENSIONATPIN statement is obsolete in version 5.6 or later.
The NOWIREEXTENSIONATPIN statement will be ignored. See file /foss/pdks/gf180mcuD/libs.ref/gf180mcu_fd_sc_mcu7t5v0/lef/gf180mcu_fd_sc_mcu7t5v0.lef at line 2.

[INFO ODB-0227] LEF file: /foss/pdks/gf180mcuD/libs.ref/gf180mcu_fd_sc_mcu7t5v0/lef/gf180mcu_fd_sc_mcu7t5v0.lef, created 229 library cells
Reading top-level netlist at '/foss/designs/ascon_run_deffile/runs/run11/06-yosys-synthesis/A10_A.nl.v'…
Linking design 'A10_A' from netlist…
Reading design constraints file at '/foss/designs/ascon_run_deffile/constraints_run2_maxtran6.sdc'…
[INFO] No information on clock propagation in input SDC file-- propagating all clocks.
Using site height: 3.92 and site width: 0.56…
[INFO] Using absolute sizing for the floorplan.
[INFO] Using the set CORE_AREA; ignoring core margin parameters
+ initialize_floorplan -site GF018hv5v_mcu_sc7 -die_area 0.0 0.0 1110.0 1110.0 -core_area 20.0 20.0 1090.0 1090.0
[WARNING IFP-0028] Core area lower left (20.000, 20.000) snapped to (20.160, 23.520).
[INFO IFP-0001] Added 272 rows of 1910 site GF018hv5v_mcu_sc7.
[INFO IFP-0100] Die BBox:  (  0.000  0.000 ) ( 1110.000 1110.000 ) um
[INFO IFP-0101] Core BBox: ( 20.160 23.520 ) ( 1089.760 1089.760 ) um
[INFO IFP-0102] Core area:                      1140450.304 um^2
[INFO IFP-0103] Total instances area:            369570.701 um^2
[INFO IFP-0104] Effective utilization:                0.324
[INFO IFP-0105] Number of instances:                  11051
[INFO IFP-0030] Inserted 0 tiecells using gf180mcu_fd_sc_mcu7t5v0__tiel/ZN.
[INFO IFP-0030] Inserted 0 tiecells using gf180mcu_fd_sc_mcu7t5v0__tieh/Z.
[INFO] Extracting DIE_AREA and CORE_AREA from the floorplan
[INFO] Floorplanned on a die area of 0.0 0.0 1110.0 1110.0 (µm).
[INFO] Floorplanned on a core area of 20.16 23.52 1089.76 1089.76 (µm).
Writing metric design__die__bbox: 0.0 0.0 1110.0 1110.0
Writing metric design__core__bbox: 20.16 23.52 1089.76 1089.76
Setting global connections for newly added cells…
[INFO] Setting global connections...
[INFO ODB-0403] 0 connections made, 0 conflicts skipped.
Updating metrics…
Cell type report:                       Count       Area
  Tie cell                                 43     377.57
  Inverter                                371    3257.68
  Sequential cell                        2585  192944.91
  Multi-Input combinational cell         8052  172990.54
  Total                                 11051  369570.70
Writing OpenROAD database to '/foss/designs/ascon_run_deffile/runs/run11/13-openroad-floorplan/A10_A.odb'…
Writing netlist to '/foss/designs/ascon_run_deffile/runs/run11/13-openroad-floorplan/A10_A.nl.v'…
Writing powered netlist to '/foss/designs/ascon_run_deffile/runs/run11/13-openroad-floorplan/A10_A.pnl.v'…
Writing layout to '/foss/designs/ascon_run_deffile/runs/run11/13-openroad-floorplan/A10_A.def'…
Writing timing constraints to '/foss/designs/ascon_run_deffile/runs/run11/13-openroad-floorplan/A10_A.sdc'…
