Using 12 threads…
Using a tile size of (500 µm)²…
Reading /foss/designs/ascon_run_deffile/runs/run11/60-magic-streamout/A10_A.magic.gds ..
Reading /foss/designs/ascon_run_deffile/runs/run11/61-klayout-streamout/A10_A.klayout.gds ..
--- Running XOR for layer 0/0 ---
"input" in: xor.drc:109
    Polygons (raw): 74586 (flat)  84 (hierarchical)
    Elapsed: 0.010s  Memory: 503.00M
"input" in: xor.drc:109
    Polygons (raw): 74586 (flat)  84 (hierarchical)
    Elapsed: 0.000s  Memory: 503.00M
"^" in: xor.drc:109
    Polygons (raw): 0 (flat)  0 (hierarchical)
    Elapsed: 1.200s  Memory: 555.00M
XOR differences: 0
"output" in: xor.drc:86
    Polygons (raw): 0 (flat)  0 (hierarchical)
    Elapsed: 0.010s  Memory: 546.00M
--- Running XOR for layer 112/1 ---
"input" in: xor.drc:109
    Polygons (raw): 74585 (flat)  83 (hierarchical)
    Elapsed: 0.000s  Memory: 546.00M
"input" in: xor.drc:109
    Polygons (raw): 74585 (flat)  83 (hierarchical)
    Elapsed: 0.000s  Memory: 546.00M
"^" in: xor.drc:109
    Polygons (raw): 0 (flat)  0 (hierarchical)
    Elapsed: 1.370s  Memory: 583.00M
XOR differences: 0
"output" in: xor.drc:86
    Polygons (raw): 0 (flat)  0 (hierarchical)
    Elapsed: 0.010s  Memory: 583.00M
--- Running XOR for layer 115/5 ---
"input" in: xor.drc:109
    Polygons (raw): 155 (flat)  1 (hierarchical)
    Elapsed: 0.000s  Memory: 583.00M
"input" in: xor.drc:109
    Polygons (raw): 155 (flat)  1 (hierarchical)
    Elapsed: 0.000s  Memory: 583.00M
"^" in: xor.drc:109
    Polygons (raw): 0 (flat)  0 (hierarchical)
    Elapsed: 0.130s  Memory: 583.00M
XOR differences: 0
"output" in: xor.drc:86
    Polygons (raw): 0 (flat)  0 (hierarchical)
    Elapsed: 0.000s  Memory: 583.00M
--- Running XOR for layer 204/0 ---
"input" in: xor.drc:109
    Polygons (raw): 74585 (flat)  83 (hierarchical)
    Elapsed: 0.000s  Memory: 583.00M
"input" in: xor.drc:109
    Polygons (raw): 74585 (flat)  83 (hierarchical)
    Elapsed: 0.000s  Memory: 583.00M
"^" in: xor.drc:109
    Polygons (raw): 0 (flat)  0 (hierarchical)
    Elapsed: 1.660s  Memory: 584.00M
XOR differences: 0
"output" in: xor.drc:86
    Polygons (raw): 0 (flat)  0 (hierarchical)
    Elapsed: 0.000s  Memory: 584.00M
--- Running XOR for layer 204/10 ---
"input" in: xor.drc:109
    Polygons (raw): 0 (flat)  0 (hierarchical)
    Elapsed: 0.000s  Memory: 584.00M
"input" in: xor.drc:109
    Polygons (raw): 0 (flat)  0 (hierarchical)
    Elapsed: 0.000s  Memory: 584.00M
"^" in: xor.drc:109
    Polygons (raw): 0 (flat)  0 (hierarchical)
    Elapsed: 0.320s  Memory: 584.00M
XOR differences: 0
"output" in: xor.drc:86
    Polygons (raw): 0 (flat)  0 (hierarchical)
    Elapsed: 0.000s  Memory: 584.00M
--- Running XOR for layer 21/0 ---
"input" in: xor.drc:109
    Polygons (raw): 74585 (flat)  83 (hierarchical)
    Elapsed: 0.000s  Memory: 584.00M
"input" in: xor.drc:109
    Polygons (raw): 74585 (flat)  83 (hierarchical)
    Elapsed: 0.010s  Memory: 584.00M
"^" in: xor.drc:109
    Polygons (raw): 0 (flat)  0 (hierarchical)
    Elapsed: 1.620s  Memory: 603.00M
XOR differences: 0
"output" in: xor.drc:86
    Polygons (raw): 0 (flat)  0 (hierarchical)
    Elapsed: 0.000s  Memory: 603.00M
--- Running XOR for layer 21/10 ---
"input" in: xor.drc:109
    Polygons (raw): 0 (flat)  0 (hierarchical)
    Elapsed: 0.000s  Memory: 603.00M
"input" in: xor.drc:109
    Polygons (raw): 0 (flat)  0 (hierarchical)
    Elapsed: 0.000s  Memory: 603.00M
"^" in: xor.drc:109
    Polygons (raw): 0 (flat)  0 (hierarchical)
    Elapsed: 0.320s  Memory: 603.00M
XOR differences: 0
"output" in: xor.drc:86
    Polygons (raw): 0 (flat)  0 (hierarchical)
    Elapsed: 0.000s  Memory: 603.00M
--- Running XOR for layer 22/0 ---
"input" in: xor.drc:109
    Polygons (raw): 185696 (flat)  245 (hierarchical)
    Elapsed: 0.000s  Memory: 603.00M
"input" in: xor.drc:109
    Polygons (raw): 185696 (flat)  245 (hierarchical)
    Elapsed: 0.000s  Memory: 603.00M
"^" in: xor.drc:109
    Polygons (raw): 0 (flat)  0 (hierarchical)
    Elapsed: 2.170s  Memory: 607.00M
XOR differences: 0
"output" in: xor.drc:86
    Polygons (raw): 0 (flat)  0 (hierarchical)
    Elapsed: 0.010s  Memory: 607.00M
--- Running XOR for layer 30/0 ---
"input" in: xor.drc:109
    Polygons (raw): 197427 (flat)  392 (hierarchical)
    Elapsed: 0.000s  Memory: 607.00M
"input" in: xor.drc:109
    Polygons (raw): 197427 (flat)  392 (hierarchical)
    Elapsed: 0.000s  Memory: 607.00M
"^" in: xor.drc:109
    Polygons (raw): 0 (flat)  0 (hierarchical)
    Elapsed: 2.590s  Memory: 618.00M
XOR differences: 0
"output" in: xor.drc:86
    Polygons (raw): 0 (flat)  0 (hierarchical)
    Elapsed: 0.010s  Memory: 618.00M
--- Running XOR for layer 31/0 ---
"input" in: xor.drc:109
    Polygons (raw): 82531 (flat)  85 (hierarchical)
    Elapsed: 0.000s  Memory: 618.00M
"input" in: xor.drc:109
    Polygons (raw): 82531 (flat)  85 (hierarchical)
    Elapsed: 0.000s  Memory: 618.00M
"^" in: xor.drc:109
    Polygons (raw): 0 (flat)  0 (hierarchical)
    Elapsed: 1.360s  Memory: 629.00M
XOR differences: 0
"output" in: xor.drc:86
    Polygons (raw): 0 (flat)  0 (hierarchical)
    Elapsed: 0.000s  Memory: 629.00M
--- Running XOR for layer 32/0 ---
"input" in: xor.drc:109
    Polygons (raw): 74585 (flat)  83 (hierarchical)
    Elapsed: 0.000s  Memory: 629.00M
"input" in: xor.drc:109
    Polygons (raw): 74585 (flat)  83 (hierarchical)
    Elapsed: 0.000s  Memory: 629.00M
"^" in: xor.drc:109
    Polygons (raw): 0 (flat)  0 (hierarchical)
    Elapsed: 1.490s  Memory: 646.00M
XOR differences: 0
"output" in: xor.drc:86
    Polygons (raw): 0 (flat)  0 (hierarchical)
    Elapsed: 0.010s  Memory: 630.00M
--- Running XOR for layer 33/0 ---
"input" in: xor.drc:109
    Polygons (raw): 982796 (flat)  2001 (hierarchical)
    Elapsed: 0.000s  Memory: 630.00M
"input" in: xor.drc:109
    Polygons (raw): 982796 (flat)  2001 (hierarchical)
    Elapsed: 0.000s  Memory: 630.00M
"^" in: xor.drc:109
    Polygons (raw): 0 (flat)  0 (hierarchical)
    Elapsed: 7.400s  Memory: 634.00M
XOR differences: 0
"output" in: xor.drc:86
    Polygons (raw): 0 (flat)  0 (hierarchical)
    Elapsed: 0.010s  Memory: 634.00M
--- Running XOR for layer 34/0 ---
"input" in: xor.drc:109
    Polygons (raw): 429482 (flat)  61413 (hierarchical)
    Elapsed: 0.000s  Memory: 634.00M
"input" in: xor.drc:109
    Polygons (raw): 432485 (flat)  880 (hierarchical)
    Elapsed: 0.000s  Memory: 634.00M
"^" in: xor.drc:109
    Polygons (raw): 0 (flat)  0 (hierarchical)
    Elapsed: 8.430s  Memory: 893.00M
XOR differences: 0
"output" in: xor.drc:86
    Polygons (raw): 0 (flat)  0 (hierarchical)
    Elapsed: 0.010s  Memory: 893.00M
--- Running XOR for layer 34/10 ---
"input" in: xor.drc:109
    Polygons (raw): 0 (flat)  0 (hierarchical)
    Elapsed: 0.000s  Memory: 893.00M
"input" in: xor.drc:109
    Polygons (raw): 0 (flat)  0 (hierarchical)
    Elapsed: 0.000s  Memory: 893.00M
"^" in: xor.drc:109
    Polygons (raw): 0 (flat)  0 (hierarchical)
    Elapsed: 0.550s  Memory: 893.00M
XOR differences: 0
"output" in: xor.drc:86
    Polygons (raw): 0 (flat)  0 (hierarchical)
    Elapsed: 0.010s  Memory: 893.00M
--- Running XOR for layer 35/0 ---
"input" in: xor.drc:109
    Polygons (raw): 69545 (flat)  69545 (hierarchical)
    Elapsed: 0.000s  Memory: 893.00M
"input" in: xor.drc:109
    Polygons (raw): 69545 (flat)  5 (hierarchical)
    Elapsed: 0.000s  Memory: 893.00M
"^" in: xor.drc:109
    Polygons (raw): 0 (flat)  0 (hierarchical)
    Elapsed: 0.790s  Memory: 893.00M
XOR differences: 0
"output" in: xor.drc:86
    Polygons (raw): 0 (flat)  0 (hierarchical)
    Elapsed: 0.000s  Memory: 893.00M
--- Running XOR for layer 36/0 ---
"input" in: xor.drc:109
    Polygons (raw): 54972 (flat)  54972 (hierarchical)
    Elapsed: 0.000s  Memory: 893.00M
"input" in: xor.drc:109
    Polygons (raw): 216457 (flat)  95352 (hierarchical)
    Elapsed: 0.000s  Memory: 893.00M
"^" in: xor.drc:109
    Polygons (raw): 0 (flat)  0 (hierarchical)
    Elapsed: 2.800s  Memory: 898.00M
XOR differences: 0
"output" in: xor.drc:86
    Polygons (raw): 0 (flat)  0 (hierarchical)
    Elapsed: 0.010s  Memory: 851.00M
--- Running XOR for layer 36/10 ---
"input" in: xor.drc:109
    Polygons (raw): 60 (flat)  60 (hierarchical)
    Elapsed: 0.000s  Memory: 851.00M
"input" in: xor.drc:109
    Polygons (raw): 60 (flat)  60 (hierarchical)
    Elapsed: 0.000s  Memory: 851.00M
"^" in: xor.drc:109
    Polygons (raw): 0 (flat)  0 (hierarchical)
    Elapsed: 0.020s  Memory: 851.00M
XOR differences: 0
"output" in: xor.drc:86
    Polygons (raw): 0 (flat)  0 (hierarchical)
    Elapsed: 0.000s  Memory: 851.00M
--- Running XOR for layer 38/0 ---
"input" in: xor.drc:109
    Polygons (raw): 63578 (flat)  63578 (hierarchical)
    Elapsed: 0.000s  Memory: 851.00M
"input" in: xor.drc:109
    Polygons (raw): 63578 (flat)  5 (hierarchical)
    Elapsed: 0.000s  Memory: 851.00M
"^" in: xor.drc:109
    Polygons (raw): 0 (flat)  0 (hierarchical)
    Elapsed: 0.760s  Memory: 853.00M
XOR differences: 0
"output" in: xor.drc:86
    Polygons (raw): 0 (flat)  0 (hierarchical)
    Elapsed: 0.000s  Memory: 853.00M
--- Running XOR for layer 40/0 ---
"input" in: xor.drc:109
    Polygons (raw): 12573 (flat)  12573 (hierarchical)
    Elapsed: 0.000s  Memory: 853.00M
"input" in: xor.drc:109
    Polygons (raw): 12573 (flat)  4 (hierarchical)
    Elapsed: 0.000s  Memory: 853.00M
"^" in: xor.drc:109
    Polygons (raw): 0 (flat)  0 (hierarchical)
    Elapsed: 0.270s  Memory: 853.00M
XOR differences: 0
"output" in: xor.drc:86
    Polygons (raw): 0 (flat)  0 (hierarchical)
    Elapsed: 0.000s  Memory: 853.00M
--- Running XOR for layer 41/0 ---
"input" in: xor.drc:109
    Polygons (raw): 5261 (flat)  5261 (hierarchical)
    Elapsed: 0.000s  Memory: 853.00M
"input" in: xor.drc:109
    Polygons (raw): 5261 (flat)  80 (hierarchical)
    Elapsed: 0.000s  Memory: 853.00M
"^" in: xor.drc:109
    Polygons (raw): 0 (flat)  0 (hierarchical)
    Elapsed: 0.210s  Memory: 853.00M
XOR differences: 0
"output" in: xor.drc:86
    Polygons (raw): 0 (flat)  0 (hierarchical)
    Elapsed: 0.000s  Memory: 853.00M
--- Running XOR for layer 42/0 ---
"input" in: xor.drc:109
    Polygons (raw): 27395 (flat)  27395 (hierarchical)
    Elapsed: 0.000s  Memory: 853.00M
"input" in: xor.drc:109
    Polygons (raw): 102081 (flat)  37947 (hierarchical)
    Elapsed: 0.000s  Memory: 853.00M
"^" in: xor.drc:109
    Polygons (raw): 0 (flat)  0 (hierarchical)
    Elapsed: 0.780s  Memory: 855.00M
XOR differences: 0
"output" in: xor.drc:86
    Polygons (raw): 0 (flat)  0 (hierarchical)
    Elapsed: 0.000s  Memory: 855.00M
--- Running XOR for layer 46/0 ---
"input" in: xor.drc:109
    Polygons (raw): 1508 (flat)  1508 (hierarchical)
    Elapsed: 0.000s  Memory: 855.00M
"input" in: xor.drc:109
    Polygons (raw): 8848 (flat)  1731 (hierarchical)
    Elapsed: 0.000s  Memory: 855.00M
"^" in: xor.drc:109
    Polygons (raw): 0 (flat)  0 (hierarchical)
    Elapsed: 0.300s  Memory: 855.00M
XOR differences: 0
"output" in: xor.drc:86
    Polygons (raw): 0 (flat)  0 (hierarchical)
    Elapsed: 0.000s  Memory: 855.00M
--- Running XOR for layer 55/0 ---
"input" in: xor.drc:109
    Polygons (raw): 74585 (flat)  83 (hierarchical)
    Elapsed: 0.000s  Memory: 855.00M
"input" in: xor.drc:109
    Polygons (raw): 74585 (flat)  83 (hierarchical)
    Elapsed: 0.000s  Memory: 855.00M
"^" in: xor.drc:109
    Polygons (raw): 0 (flat)  0 (hierarchical)
    Elapsed: 1.610s  Memory: 863.00M
XOR differences: 0
"output" in: xor.drc:86
    Polygons (raw): 0 (flat)  0 (hierarchical)
    Elapsed: 0.000s  Memory: 863.00M
--- Running XOR for layer 63/63 ---
"input" in: xor.drc:109
    Polygons (raw): 0 (flat)  0 (hierarchical)
    Elapsed: 0.000s  Memory: 863.00M
"input" in: xor.drc:109
    Polygons (raw): 0 (flat)  0 (hierarchical)
    Elapsed: 0.000s  Memory: 863.00M
"^" in: xor.drc:109
    Polygons (raw): 0 (flat)  0 (hierarchical)
    Elapsed: 0.600s  Memory: 863.00M
XOR differences: 0
"output" in: xor.drc:86
    Polygons (raw): 0 (flat)  0 (hierarchical)
    Elapsed: 0.000s  Memory: 863.00M
--- Running XOR for layer 81/0 ---
"input" in: xor.drc:109
    Polygons (raw): 122 (flat)  122 (hierarchical)
    Elapsed: 0.000s  Memory: 863.00M
"input" in: xor.drc:109
    Polygons (raw): 688 (flat)  136 (hierarchical)
    Elapsed: 0.000s  Memory: 863.00M
"^" in: xor.drc:109
    Polygons (raw): 0 (flat)  0 (hierarchical)
    Elapsed: 0.340s  Memory: 863.00M
XOR differences: 0
"output" in: xor.drc:86
    Polygons (raw): 0 (flat)  0 (hierarchical)
    Elapsed: 0.000s  Memory: 863.00M
---
Total XOR differences: 0
Writing report database: /foss/designs/ascon_run_deffile/runs/run11/65-klayout-xor/xor.xml ..
Total elapsed: 40.210s  Memory: 863.00M
/foss/designs/ascon_run_deffile/runs/run11/60-magic-streamout/A10_A.magic.gds
/foss/designs/ascon_run_deffile/runs/run11/61-klayout-streamout/A10_A.klayout.gds
%OL_METRIC_I design__xor_difference__count 0
