┏━━━━━━━━━━━━━━━━━━━━━━┳━━━━━━━━━━┳━━━━━━━━━━┳━━━━━━━━━━┳━━━━━━━━━━┳━━━━━━━━━━━┳━━━━━━━━━━┳━━━━━━━━━━━┳━━━━━━━━━━┳━━━━━━━━━━━┳━━━━━━━━━━┳━━━━━━━━━━━┳━━━━━━━━━━┓
┃                      ┃ Hold     ┃ Reg to   ┃          ┃          ┃ of which  ┃ Setup    ┃           ┃          ┃           ┃ of which ┃           ┃          ┃
┃                      ┃ Worst    ┃ Reg      ┃          ┃ Hold Vio ┃ reg to    ┃ Worst    ┃ Reg to    ┃ Setup    ┃ Setup Vio ┃ reg to   ┃ Max Cap   ┃ Max Slew ┃
┃ Corner/Group         ┃ Slack    ┃ Paths    ┃ Hold TNS ┃ Count    ┃ reg       ┃ Slack    ┃ Reg Paths ┃ TNS      ┃ Count     ┃ reg      ┃ Violatio… ┃ Violati… ┃
┡━━━━━━━━━━━━━━━━━━━━━━╇━━━━━━━━━━╇━━━━━━━━━━╇━━━━━━━━━━╇━━━━━━━━━━╇━━━━━━━━━━━╇━━━━━━━━━━╇━━━━━━━━━━━╇━━━━━━━━━━╇━━━━━━━━━━━╇━━━━━━━━━━╇━━━━━━━━━━━╇━━━━━━━━━━┩
│ Overall              │ 0.1957   │ 0.1957   │ 0.0000   │ 0        │ 0         │ 7.8811   │ 7.8811    │ 0.0000   │ 0         │ 0        │ 0         │ 61       │
│ nom_tt_025C_3v30     │ 0.5545   │ 0.7522   │ 0.0000   │ 0        │ 0         │ 35.0949  │ 35.0949   │ 0.0000   │ 0         │ 0        │ 0         │ 0        │
│ max_ss_125C_3v00     │ 1.0182   │ 2.0140   │ 0.0000   │ 0        │ 0         │ 7.8811   │ 7.8811    │ 0.0000   │ 0         │ 0        │ 0         │ 61       │
│ min_ff_n40C_3v60     │ 0.1957   │ 0.1957   │ 0.0000   │ 0        │ 0         │ 46.5327  │ 46.5327   │ 0.0000   │ 0         │ 0        │ 0         │ 0        │
└──────────────────────┴──────────┴──────────┴──────────┴──────────┴───────────┴──────────┴───────────┴──────────┴───────────┴──────────┴───────────┴──────────┘
