Reading timing models for corner max_ss_125C_3v00…
Reading timing library for the 'max_ss_125C_3v00' corner at '/foss/pdks/gf180mcuD/libs.ref/gf180mcu_fd_sc_mcu7t5v0/lib/gf180mcu_fd_sc_mcu7t5v0__ss_125C_3v00.lib'…
Reading OpenROAD database at '/foss/designs/ascon_run_deffile/runs/run11/19-openroad-tapendcapinsertion/A10_A.odb'…
Reading design constraints file at '/foss/designs/ascon_run_deffile/constraints_run2_maxtran6.sdc'…
[INFO] No information on clock propagation in input SDC file-- propagating all clocks.
[INFO] Setting global connections...
[INFO ODB-0403] 0 connections made, 0 conflicts skipped.
[INFO PDN-9010] stitch: VSS - 6 bridges, 325 via stacks
[INFO PDN-9010] stitch: VDD - 6 bridges, 350 via stacks
+ pdngen 
[INFO PDN-0001] Inserting grid: stdcell_grid
Setting global connections for newly added cells…
[INFO] Setting global connections...
[INFO ODB-0403] 0 connections made, 0 conflicts skipped.
Updating metrics…
Cell type report:                       Count       Area
  Endcap cell                             544    2388.38
  Tap cell                               7402   32497.74
  Tie cell                                 43     377.57
  Inverter                                371    3257.68
  Sequential cell                        2585  192944.91
  Multi-Input combinational cell         8052  172990.54
  Total                                 18997  404456.82
Writing OpenROAD database to '/foss/designs/ascon_run_deffile/runs/run11/21-openroad-generatepdn/A10_A.odb'…
Writing netlist to '/foss/designs/ascon_run_deffile/runs/run11/21-openroad-generatepdn/A10_A.nl.v'…
Writing powered netlist to '/foss/designs/ascon_run_deffile/runs/run11/21-openroad-generatepdn/A10_A.pnl.v'…
Writing layout to '/foss/designs/ascon_run_deffile/runs/run11/21-openroad-generatepdn/A10_A.def'…
Writing timing constraints to '/foss/designs/ascon_run_deffile/runs/run11/21-openroad-generatepdn/A10_A.sdc'…
[INFO PSM-0040] All shapes on net VDD are connected.
[INFO PSM-0040] All shapes on net VSS are connected.
