┏━━━━━━━━━━━━━━━━━━━━━━┳━━━━━━━━━━┳━━━━━━━━━━┳━━━━━━━━━━┳━━━━━━━━━━┳━━━━━━━━━━━┳━━━━━━━━━━┳━━━━━━━━━━━┳━━━━━━━━━━┳━━━━━━━━━━━┳━━━━━━━━━━┳━━━━━━━━━━━┳━━━━━━━━━━┓
┃                      ┃ Hold     ┃ Reg to   ┃          ┃          ┃ of which  ┃ Setup    ┃           ┃          ┃           ┃ of which ┃           ┃          ┃
┃                      ┃ Worst    ┃ Reg      ┃          ┃ Hold Vio ┃ reg to    ┃ Worst    ┃ Reg to    ┃ Setup    ┃ Setup Vio ┃ reg to   ┃ Max Cap   ┃ Max Slew ┃
┃ Corner/Group         ┃ Slack    ┃ Paths    ┃ Hold TNS ┃ Count    ┃ reg       ┃ Slack    ┃ Reg Paths ┃ TNS      ┃ Count     ┃ reg      ┃ Violatio… ┃ Violati… ┃
┡━━━━━━━━━━━━━━━━━━━━━━╇━━━━━━━━━━╇━━━━━━━━━━╇━━━━━━━━━━╇━━━━━━━━━━╇━━━━━━━━━━━╇━━━━━━━━━━╇━━━━━━━━━━━╇━━━━━━━━━━╇━━━━━━━━━━━╇━━━━━━━━━━╇━━━━━━━━━━━╇━━━━━━━━━━┩
│ Overall              │ -0.0375  │ -0.0375  │ -0.2038  │ 6        │ 6         │ -739.96… │ -739.9612 │ -188931… │ 8899      │ 8899     │ 54        │ 11723    │
│ nom_tt_025C_3v30     │ 0.2364   │ 0.3247   │ 0.0000   │ 0        │ 0         │ -350.29… │ -350.2991 │ -872917… │ 2948      │ 2948     │ 45        │ 9128     │
│ max_ss_125C_3v00     │ 0.4852   │ 1.1820   │ 0.0000   │ 0        │ 0         │ -739.96… │ -739.9612 │ -188931… │ 3497      │ 3497     │ 54        │ 11723    │
│ min_ff_n40C_3v60     │ -0.0375  │ -0.0375  │ -0.2038  │ 6        │ 6         │ -192.99… │ -192.9939 │ -473581… │ 2454      │ 2454     │ 46        │ 8052     │
└──────────────────────┴──────────┴──────────┴──────────┴──────────┴───────────┴──────────┴───────────┴──────────┴───────────┴──────────┴───────────┴──────────┘
