Reading timing models for corner max_ss_125C_3v00…
Reading timing library for the 'max_ss_125C_3v00' corner at '/foss/pdks/gf180mcuD/libs.ref/gf180mcu_fd_sc_mcu7t5v0/lib/gf180mcu_fd_sc_mcu7t5v0__ss_125C_3v00.lib'…
Reading OpenROAD database at '/foss/designs/ascon_run_deffile/runs/run11/51-odb-reportdisconnectedpins/A10_A.odb'…
Reading design constraints file at '/foss/designs/ascon_run_deffile/constraints_run2_maxtran6.sdc'…
[INFO] No information on clock propagation in input SDC file-- propagating all clocks.
gf180mcu_fd_sc_mcu7t5v0__fillcap_* gf180mcu_fd_sc_mcu7t5v0__fill_*
[INFO DPL-0001] Placed 46330 filler instances.
Setting global connections for newly added cells…
[INFO] Setting global connections...
[INFO ODB-0403] 185320 connections made, 0 conflicts skipped.
Updating metrics…
Cell type report:                       Count       Area
  Endcap cell                             544    2388.38
  Fill cell                             46330  597480.76
  Tap cell                               7402   32497.74
  Antenna cell                            155     680.51
  Tie cell                                 43     377.57
  Clock buffer                            393   11472.12
  Timing Repair Buffer                   8573  122909.25
  Inverter                                371    3284.02
  Clock inverter                          137    2111.78
  Sequential cell                        2585  193010.76
  Multi-Input combinational cell         8052  174237.41
  Total                                 74585 1140450.30
Writing OpenROAD database to '/foss/designs/ascon_run_deffile/runs/run11/55-openroad-fillinsertion/A10_A.odb'…
Writing netlist to '/foss/designs/ascon_run_deffile/runs/run11/55-openroad-fillinsertion/A10_A.nl.v'…
Writing powered netlist to '/foss/designs/ascon_run_deffile/runs/run11/55-openroad-fillinsertion/A10_A.pnl.v'…
Writing layout to '/foss/designs/ascon_run_deffile/runs/run11/55-openroad-fillinsertion/A10_A.def'…
Writing timing constraints to '/foss/designs/ascon_run_deffile/runs/run11/55-openroad-fillinsertion/A10_A.sdc'…
