Clock: clk_IN
Sources: clk_IN 
Generated: no
Virtual: yes
Propagated: no
Period: 62.500000

===========================================================================
report_clock_properties
============================================================================
Clock                   Period          Waveform
----------------------------------------------------
clk_IN               62.500000    0.000000 31.250000

===========================================================================
report_clock_latency
============================================================================
Clock clk_IN
rise -> rise
    min     max
0.000000 0.000000 source latency
4.013576         network latency _18047_/CLK
        4.317523 network latency _17704_/CLK
---------------
4.013576 4.317523 latency
        0.303947 skew

fall -> fall
    min     max
0.000000 0.000000 source latency
4.147069         network latency _18047_/CLK
        4.442900 network latency _17704_/CLK
---------------
4.147069 4.442900 latency
        0.295831 skew



===========================================================================
report_clock_min_period
============================================================================
clk_IN period_min = 35.72 fmax = 27.99
Clock: sclk_IN
Sources: sclk_IN 
Generated: no
Virtual: yes
Propagated: no
Period: 2000.000000

===========================================================================
report_clock_properties
============================================================================
Clock                   Period          Waveform
----------------------------------------------------
sclk_IN             2000.000000    0.0000001000.000000

===========================================================================
report_clock_latency
============================================================================
Clock sclk_IN
rise -> rise
    min     max
0.000000 0.000000 source latency
2.453425         network latency _16944_/CLK
        2.775384 network latency _16920_/CLK
---------------
2.453425 2.775384 latency
        0.321959 skew

fall -> fall
    min     max
0.000000 0.000000 source latency
2.539309         network latency _16944_/CLK
        2.848083 network latency _16919_/CLK
---------------
2.539309 2.848083 latency
        0.308773 skew



===========================================================================
report_clock_min_period
============================================================================
sclk_IN period_min = 20.23 fmax = 49.42
