
===========================================================================
 report_power
============================================================================
======================= max_ss_125C_3v00 Corner ===================================

Group                    Internal    Switching      Leakage        Total
                            Power        Power        Power        Power (Watts)
------------------------------------------------------------------------
Sequential           7.686722e-03 2.558062e-07 1.827861e-06 7.688805e-03  69.4%
Combinational        5.405799e-06 4.456727e-06 6.757569e-06 1.662010e-05   0.2%
Clock                1.575649e-03 1.790164e-03 2.783499e-06 3.368596e-03  30.4%
Macro                0.000000e+00 0.000000e+00 0.000000e+00 0.000000e+00   0.0%
Pad                  0.000000e+00 0.000000e+00 0.000000e+00 0.000000e+00   0.0%
------------------------------------------------------------------------
Total                9.267803e-03 1.794876e-03 1.136697e-05 1.107405e-02 100.0%
                            83.7%        16.2%         0.1%
Writing metric power__internal__total: 0.009267803281545639
Writing metric power__switching__total: 0.0017948757158592343
Writing metric power__leakage__total: 1.1366967555659357e-5
Writing metric power__total: 0.011074045673012733

