Clock: clk_IN
Sources: clk_IN 
Generated: no
Virtual: yes
Propagated: no
Period: 62.500000

===========================================================================
report_clock_properties
============================================================================
Clock                   Period          Waveform
----------------------------------------------------
clk_IN               62.500000    0.000000 31.250000

===========================================================================
report_clock_latency
============================================================================
Clock clk_IN
rise -> rise
    min     max
0.000000 0.000000 source latency
7.690922         network latency _18939_/CLK
        8.238264 network latency _17682_/CLK
---------------
7.690922 8.238264 latency
        0.547343 skew

fall -> fall
    min     max
0.000000 0.000000 source latency
7.930790         network latency _17070_/CLK
        8.472202 network latency _17682_/CLK
---------------
7.930790 8.472202 latency
        0.541412 skew



===========================================================================
report_clock_min_period
============================================================================
clk_IN period_min = 54.62 fmax = 18.31
Clock: sclk_IN
Sources: sclk_IN 
Generated: no
Virtual: yes
Propagated: no
Period: 2000.000000

===========================================================================
report_clock_properties
============================================================================
Clock                   Period          Waveform
----------------------------------------------------
sclk_IN             2000.000000    0.0000001000.000000

===========================================================================
report_clock_latency
============================================================================
Clock sclk_IN
rise -> rise
    min     max
0.000000 0.000000 source latency
4.602701         network latency _16979_/CLKN
        6.067202 network latency _16927_/CLK
---------------
4.602701 6.067202 latency
        1.464501 skew

fall -> fall
    min     max
0.000000 0.000000 source latency
4.713343         network latency _16979_/CLKN
        6.134087 network latency _16927_/CLK
---------------
4.713343 6.134087 latency
        1.420744 skew



===========================================================================
report_clock_min_period
============================================================================
sclk_IN period_min = 30.71 fmax = 32.56
