
===========================================================================
 report_power
============================================================================
======================= max_ss_125C_3v00 Corner ===================================

Group                    Internal    Switching      Leakage        Total
                            Power        Power        Power        Power (Watts)
------------------------------------------------------------------------
Sequential           7.752797e-03 3.670493e-07 1.827861e-06 7.754992e-03  61.5%
Combinational        5.561352e-06 8.218533e-06 6.757560e-06 2.053745e-05   0.2%
Clock                1.656724e-03 3.160894e-03 1.848878e-05 4.836107e-03  38.3%
Macro                0.000000e+00 0.000000e+00 0.000000e+00 0.000000e+00   0.0%
Pad                  0.000000e+00 0.000000e+00 0.000000e+00 0.000000e+00   0.0%
------------------------------------------------------------------------
Total                9.415080e-03 3.169480e-03 2.707756e-05 1.261164e-02 100.0%
                            74.7%        25.1%         0.2%

