[WARNING ORD-0039] .openroad ignored with -python
[WARNING] Bterm VSS is declared as a 'GROUND' pin. It will be ignored.
[WARNING] Bterm VDD is declared as a 'POWER' pin. It will be ignored.
[INFO ODB-0388] unsupported LEF58_EOLENCLOSURE property for layer Via1 :"
  	EOLENCLOSURE 0.34 0.06 ;"
[INFO ODB-0388] unsupported LEF58_EOLENCLOSURE property for layer Via2 :" EOLENCLOSURE 0.34 0.06 ; "
[INFO ODB-0388] unsupported LEF58_EOLENCLOSURE property for layer Via3 :" EOLENCLOSURE 0.34 0.06 ; "
[INFO ODB-0388] unsupported LEF58_EOLENCLOSURE property for layer Via4 :" EOLENCLOSURE 0.34 0.06 ; "
[INFO ODB-0227] LEF file: /foss/pdks/gf180mcuD/libs.ref/gf180mcu_fd_sc_mcu7t5v0/techlef/gf180mcu_fd_sc_mcu7t5v0__max.tlef, created 15 layers, 56 vias
[WARNING ODB-0220] WARNING (LEFPARS-2008): NOWIREEXTENSIONATPIN statement is obsolete in version 5.6 or later.
The NOWIREEXTENSIONATPIN statement will be ignored. See file /foss/pdks/gf180mcuD/libs.ref/gf180mcu_fd_sc_mcu7t5v0/lef/gf180mcu_fd_sc_mcu7t5v0.lef at line 2.

[INFO ODB-0227] LEF file: /foss/pdks/gf180mcuD/libs.ref/gf180mcu_fd_sc_mcu7t5v0/lef/gf180mcu_fd_sc_mcu7t5v0.lef, created 229 library cells
[INFO ODB-0127] Reading DEF file: /foss/designs/ascon_run_deffile/A10_A.def
[INFO ODB-0128] Design: A10_A
[INFO ODB-0130]     Created 50 pins.
[INFO ODB-0134] Finished DEF file: /foss/designs/ascon_run_deffile/A10_A.def
[INFO ODB-0388] unsupported LEF58_EOLENCLOSURE property for layer Via1 :"
  	EOLENCLOSURE 0.34 0.06 ;"
[INFO ODB-0388] unsupported LEF58_EOLENCLOSURE property for layer Via2 :" EOLENCLOSURE 0.34 0.06 ; "
[INFO ODB-0388] unsupported LEF58_EOLENCLOSURE property for layer Via3 :" EOLENCLOSURE 0.34 0.06 ; "
[INFO ODB-0388] unsupported LEF58_EOLENCLOSURE property for layer Via4 :" EOLENCLOSURE 0.34 0.06 ; "
[INFO ODB-0227] LEF file: /foss/pdks/gf180mcuD/libs.ref/gf180mcu_fd_sc_mcu7t5v0/techlef/gf180mcu_fd_sc_mcu7t5v0__max.tlef, created 15 layers, 56 vias
[WARNING ODB-0220] WARNING (LEFPARS-2008): NOWIREEXTENSIONATPIN statement is obsolete in version 5.6 or later.
The NOWIREEXTENSIONATPIN statement will be ignored. See file /foss/pdks/gf180mcuD/libs.ref/gf180mcu_fd_sc_mcu7t5v0/lef/gf180mcu_fd_sc_mcu7t5v0.lef at line 2.

[INFO ODB-0227] LEF file: /foss/pdks/gf180mcuD/libs.ref/gf180mcu_fd_sc_mcu7t5v0/lef/gf180mcu_fd_sc_mcu7t5v0.lef, created 229 library cells
[INFO ODB-0127] Reading DEF file: /foss/designs/ascon_run_deffile/A10_A.def
[INFO ODB-0128] Design: A10_A
[INFO ODB-0130]     Created 50 pins.
[INFO ODB-0134] Finished DEF file: /foss/designs/ascon_run_deffile/A10_A.def
Using manufacturing grid: 10 Using dbu per mircons: 2000
Found 48 block terminals in existing database...
Found 50 template_bterms…
[WARNING] VDD not found in template layout, but found in design layout.
[WARNING] VSS not found in template layout, but found in design layout.
Wrote pin clk_CS at layer Metal2 at (0, 552520, 2000, 553280, 'FIRM')...
Wrote pin clk_IE at layer Metal2 at (0, 536470, 2000, 537230, 'FIRM')...
Wrote pin clk_IN at layer Metal2 at (0, 417520, 2000, 418280, 'FIRM')...
Wrote pin clk_OE at layer Metal2 at (0, 418980, 2000, 419740, 'FIRM')...
Wrote pin clk_OUT at layer Metal2 at (0, 420440, 2000, 421200, 'FIRM')...
Wrote pin clk_PD at layer Metal2 at (0, 538580, 2000, 539340, 'FIRM')...
Wrote pin clk_PU at layer Metal2 at (0, 547310, 2000, 548070, 'FIRM')...
Wrote pin clk_SL at layer Metal2 at (0, 421900, 2000, 422660, 'FIRM')...
Wrote pin cs_n_CS at layer Metal2 at (0, 1352520, 2000, 1353280, 'FIRM')...
Wrote pin cs_n_IE at layer Metal2 at (0, 1336470, 2000, 1337230, 'FIRM')...
Wrote pin cs_n_IN at layer Metal2 at (0, 1217520, 2000, 1218280, 'FIRM')...
Wrote pin cs_n_OE at layer Metal2 at (0, 1218980, 2000, 1219740, 'FIRM')...
Wrote pin cs_n_OUT at layer Metal2 at (0, 1220440, 2000, 1221200, 'FIRM')...
Wrote pin cs_n_PD at layer Metal2 at (0, 1338580, 2000, 1339340, 'FIRM')...
Wrote pin cs_n_PU at layer Metal2 at (0, 1347310, 2000, 1348070, 'FIRM')...
Wrote pin cs_n_SL at layer Metal2 at (0, 1221900, 2000, 1222660, 'FIRM')...
Wrote pin miso_CS at layer Metal2 at (0, 1552520, 2000, 1553280, 'FIRM')...
Wrote pin miso_IE at layer Metal2 at (0, 1536470, 2000, 1537230, 'FIRM')...
Wrote pin miso_IN at layer Metal2 at (0, 1417520, 2000, 1418280, 'FIRM')...
Wrote pin miso_OE at layer Metal2 at (0, 1418980, 2000, 1419740, 'FIRM')...
Wrote pin miso_OUT at layer Metal2 at (0, 1420440, 2000, 1421200, 'FIRM')...
Wrote pin miso_PD at layer Metal2 at (0, 1538580, 2000, 1539340, 'FIRM')...
Wrote pin miso_PU at layer Metal2 at (0, 1547310, 2000, 1548070, 'FIRM')...
Wrote pin miso_SL at layer Metal2 at (0, 1421900, 2000, 1422660, 'FIRM')...
Wrote pin mosi_CS at layer Metal2 at (0, 1152520, 2000, 1153280, 'FIRM')...
Wrote pin mosi_IE at layer Metal2 at (0, 1136470, 2000, 1137230, 'FIRM')...
Wrote pin mosi_IN at layer Metal2 at (0, 1017520, 2000, 1018280, 'FIRM')...
Wrote pin mosi_OE at layer Metal2 at (0, 1018980, 2000, 1019740, 'FIRM')...
Wrote pin mosi_OUT at layer Metal2 at (0, 1020440, 2000, 1021200, 'FIRM')...
Wrote pin mosi_PD at layer Metal2 at (0, 1138580, 2000, 1139340, 'FIRM')...
Wrote pin mosi_PU at layer Metal2 at (0, 1147310, 2000, 1148070, 'FIRM')...
Wrote pin mosi_SL at layer Metal2 at (0, 1021900, 2000, 1022660, 'FIRM')...
Wrote pin rst_n_CS at layer Metal2 at (0, 752520, 2000, 753280, 'FIRM')...
Wrote pin rst_n_IE at layer Metal2 at (0, 736470, 2000, 737230, 'FIRM')...
Wrote pin rst_n_IN at layer Metal2 at (0, 617520, 2000, 618280, 'FIRM')...
Wrote pin rst_n_OE at layer Metal2 at (0, 618980, 2000, 619740, 'FIRM')...
Wrote pin rst_n_OUT at layer Metal2 at (0, 620440, 2000, 621200, 'FIRM')...
Wrote pin rst_n_PD at layer Metal2 at (0, 738580, 2000, 739340, 'FIRM')...
Wrote pin rst_n_PU at layer Metal2 at (0, 747310, 2000, 748070, 'FIRM')...
Wrote pin rst_n_SL at layer Metal2 at (0, 621900, 2000, 622660, 'FIRM')...
Wrote pin sclk_CS at layer Metal2 at (0, 952520, 2000, 953280, 'FIRM')...
Wrote pin sclk_IE at layer Metal2 at (0, 936470, 2000, 937230, 'FIRM')...
Wrote pin sclk_IN at layer Metal2 at (0, 817520, 2000, 818280, 'FIRM')...
Wrote pin sclk_OE at layer Metal2 at (0, 818980, 2000, 819740, 'FIRM')...
Wrote pin sclk_OUT at layer Metal2 at (0, 820440, 2000, 821200, 'FIRM')...
Wrote pin sclk_PD at layer Metal2 at (0, 938580, 2000, 939340, 'FIRM')...
Wrote pin sclk_PU at layer Metal2 at (0, 947310, 2000, 948070, 'FIRM')...
Wrote pin sclk_SL at layer Metal2 at (0, 821900, 2000, 822660, 'FIRM')...
Wrote pin VSS at layer Metal2 at (0, 138280, 2000, 157280, 'FIRM')...
Wrote pin VSS at layer Metal2 at (0, 111980, 2000, 132480, 'FIRM')...
Wrote pin VSS at layer Metal2 at (0, 88280, 2000, 108780, 'FIRM')...
Wrote pin VSS at layer Metal2 at (0, 61220, 2000, 81720, 'FIRM')...
Wrote pin VSS at layer Metal2 at (0, 37520, 2000, 58020, 'FIRM')...
Wrote pin VSS at layer Metal2 at (0, 12720, 2000, 31720, 'FIRM')...
Wrote pin VDD at layer Metal2 at (0, 338280, 2000, 357280, 'FIRM')...
Wrote pin VDD at layer Metal2 at (0, 311980, 2000, 332480, 'FIRM')...
Wrote pin VDD at layer Metal2 at (0, 288280, 2000, 308780, 'FIRM')...
Wrote pin VDD at layer Metal2 at (0, 261220, 2000, 281720, 'FIRM')...
Wrote pin VDD at layer Metal2 at (0, 237520, 2000, 258020, 'FIRM')...
Wrote pin VDD at layer Metal2 at (0, 212720, 2000, 231720, 'FIRM')...
