Clock: clk_IN
Sources: clk_IN 
Generated: no
Virtual: yes
Propagated: no
Period: 62.500000

===========================================================================
report_clock_properties
============================================================================
Clock                   Period          Waveform
----------------------------------------------------
clk_IN               62.500000    0.000000 31.250000

===========================================================================
report_clock_latency
============================================================================
Clock clk_IN
rise -> rise
    min     max
0.000000 0.000000 source latency
2.214115         network latency _18939_/CLK
        2.371278 network latency _17682_/CLK
---------------
2.214115 2.371278 latency
        0.157163 skew

fall -> fall
    min     max
0.000000 0.000000 source latency
2.244029         network latency _18939_/CLK
        2.399709 network latency _17682_/CLK
---------------
2.244029 2.399709 latency
        0.155680 skew



===========================================================================
report_clock_min_period
============================================================================
clk_IN period_min = 15.97 fmax = 62.63
Clock: sclk_IN
Sources: sclk_IN 
Generated: no
Virtual: yes
Propagated: no
Period: 2000.000000

===========================================================================
report_clock_properties
============================================================================
Clock                   Period          Waveform
----------------------------------------------------
sclk_IN             2000.000000    0.0000001000.000000

===========================================================================
report_clock_latency
============================================================================
Clock sclk_IN
rise -> rise
    min     max
0.000000 0.000000 source latency
1.327701         network latency _16979_/CLKN
        1.710386 network latency _16927_/CLK
---------------
1.327701 1.710386 latency
        0.382685 skew

fall -> fall
    min     max
0.000000 0.000000 source latency
1.337753         network latency _16979_/CLKN
        1.713374 network latency _16927_/CLK
---------------
1.337753 1.713374 latency
        0.375621 skew



===========================================================================
report_clock_min_period
============================================================================
sclk_IN period_min = 8.94 fmax = 111.85
