
===========================================================================
 report_power
============================================================================
======================= min_ff_n40C_3v60 Corner ===================================

Group                    Internal    Switching      Leakage        Total
                            Power        Power        Power        Power (Watts)
------------------------------------------------------------------------
Sequential           1.101740e-02 4.928711e-07 5.740146e-07 1.101847e-02  62.0%
Combinational        8.276192e-06 1.065947e-05 1.095562e-06 2.003123e-05   0.1%
Clock                2.629470e-03 4.096655e-03 1.457734e-06 6.727582e-03  37.9%
Macro                0.000000e+00 0.000000e+00 0.000000e+00 0.000000e+00   0.0%
Pad                  0.000000e+00 0.000000e+00 0.000000e+00 0.000000e+00   0.0%
------------------------------------------------------------------------
Total                1.365516e-02 4.107810e-03 3.126796e-06 1.776610e-02 100.0%
                            76.9%        23.1%         0.0%

