Net: clk_IN
  Pin:   clkbuf_0_clk_IN/I (gf180mcu_fd_sc_mcu7t5v0__clkbuf_4)
    Layer: Via1
      Partial area ratio:    0.06
      Required ratio:   20.00 (Gate area) 
      Cumulative area ratio:    0.06
      Required ratio:    0.00 (Cumulative area) 

    Layer: Metal2
      Partial area ratio:    0.81
      Required ratio:    0.00 (Gate area) 
      Cumulative area ratio:    0.81
      Required ratio:    0.00 (Cumulative area) 
      Partial area ratio:    3.39
      Required ratio:  400.00 (Side area) 
      Cumulative area ratio:    3.39
      Required ratio:    0.00 (Cumulative side area) 

    Layer: Via2
      Partial area ratio:    0.11
      Required ratio:   20.00 (Gate area) 
      Cumulative area ratio:    0.17
      Required ratio:    0.00 (Cumulative area) 

    Layer: Metal3
      Partial area ratio:    6.14
      Required ratio:    0.00 (Gate area) 
      Cumulative area ratio:    6.96
      Required ratio:    0.00 (Cumulative area) 
      Partial area ratio:   24.21
      Required ratio:  400.00 (Side area) 
      Cumulative area ratio:   27.60
      Required ratio:    0.00 (Cumulative side area) 

    Layer: Via3
      Partial area ratio:    0.06
      Required ratio:   20.00 (Gate area) 
      Cumulative area ratio:    0.23
      Required ratio:    0.00 (Cumulative area) 

    Layer: Metal4
      Partial area ratio:    2.10
      Required ratio:    0.00 (Gate area) 
      Cumulative area ratio:    9.06
      Required ratio:    0.00 (Cumulative area) 
      Partial area ratio:    8.36
      Required ratio:  400.00 (Side area) 
      Cumulative area ratio:   35.97
      Required ratio:    0.00 (Cumulative side area) 

    Layer: Via4
      Partial area ratio:    0.06
      Required ratio:   20.00 (Gate area) 
      Cumulative area ratio:    0.29
      Required ratio:    0.00 (Cumulative area) 

    Layer: Metal5
      Partial area ratio:  190.74
      Required ratio:    0.00 (Gate area) 
      Cumulative area ratio:  199.80
      Required ratio:    0.00 (Cumulative area) 
      Partial area ratio: 1032.63
      Required ratio:  400.00 (Side area) (VIOLATED)
      Cumulative area ratio: 1068.60
      Required ratio:    0.00 (Cumulative side area) 



Net: sclk_IN
  Pin:   clkbuf_0_sclk_IN/I (gf180mcu_fd_sc_mcu7t5v0__clkbuf_4)
    Layer: Via1
      Partial area ratio:    0.06
      Required ratio:   20.00 (Gate area) 
      Cumulative area ratio:    0.06
      Required ratio:    0.00 (Cumulative area) 

    Layer: Metal2
      Partial area ratio:    0.81
      Required ratio:    0.00 (Gate area) 
      Cumulative area ratio:    0.81
      Required ratio:    0.00 (Cumulative area) 
      Partial area ratio:    3.36
      Required ratio:  400.00 (Side area) 
      Cumulative area ratio:    3.36
      Required ratio:    0.00 (Cumulative side area) 

    Layer: Via2
      Partial area ratio:    0.11
      Required ratio:   20.00 (Gate area) 
      Cumulative area ratio:    0.17
      Required ratio:    0.00 (Cumulative area) 

    Layer: Metal3
      Partial area ratio:    0.18
      Required ratio:    0.00 (Gate area) 
      Cumulative area ratio:    0.99
      Required ratio:    0.00 (Cumulative area) 
      Partial area ratio:    1.21
      Required ratio:  400.00 (Side area) 
      Cumulative area ratio:    4.57
      Required ratio:    0.00 (Cumulative side area) 

    Layer: Via3
      Partial area ratio:    0.06
      Required ratio:   20.00 (Gate area) 
      Cumulative area ratio:    0.23
      Required ratio:    0.00 (Cumulative area) 

    Layer: Metal4
      Partial area ratio:    0.09
      Required ratio:    0.00 (Gate area) 
      Cumulative area ratio:    1.08
      Required ratio:    0.00 (Cumulative area) 
      Partial area ratio:    0.60
      Required ratio:  400.00 (Side area) 
      Cumulative area ratio:    5.17
      Required ratio:    0.00 (Cumulative side area) 

    Layer: Via4
      Partial area ratio:    0.06
      Required ratio:   20.00 (Gate area) 
      Cumulative area ratio:    0.29
      Required ratio:    0.00 (Cumulative area) 

    Layer: Metal5
      Partial area ratio:   78.27
      Required ratio:    0.00 (Gate area) 
      Cumulative area ratio:   79.35
      Required ratio:    0.00 (Cumulative area) 
      Partial area ratio:  424.26
      Required ratio:  400.00 (Side area) (VIOLATED)
      Cumulative area ratio:  429.43
      Required ratio:    0.00 (Cumulative side area) 



Net: net1299
  Pin:   wire1294/I (gf180mcu_fd_sc_mcu7t5v0__buf_1)
    Layer: Via1
      Partial area ratio:    0.14
      Required ratio:   20.00 (Gate area) 
      Cumulative area ratio:    0.14
      Required ratio:    0.00 (Cumulative area) 

    Layer: Metal2
      Partial area ratio:  104.55
      Required ratio:    0.00 (Gate area) 
      Cumulative area ratio:  104.55
      Required ratio:    0.00 (Cumulative area) 
      Partial area ratio:  403.88
      Required ratio:  400.00 (Side area) (VIOLATED)
      Cumulative area ratio:  403.88
      Required ratio:    0.00 (Cumulative side area) 

    Layer: Via2
      Partial area ratio:    0.27
      Required ratio:   20.00 (Gate area) 
      Cumulative area ratio:    0.41
      Required ratio:    0.00 (Cumulative area) 

    Layer: Metal3
      Partial area ratio:    1.33
      Required ratio:    0.00 (Gate area) 
      Cumulative area ratio:  105.88
      Required ratio:    0.00 (Cumulative area) 
      Partial area ratio:    5.58
      Required ratio:  400.00 (Side area) 
      Cumulative area ratio:  409.47
      Required ratio:    0.00 (Cumulative side area) 



[INFO ANT-0002] Found 3 net violations.
[INFO ANT-0001] Found 3 pin violations.
