Starting…
Running 'Verilator.Lint' at 'runs/run11/01-verilator-lint'…
Logging subprocess to [repr.filename]'runs/run11/01-verilator-lint/verilator-lint.log'[/repr.filename]…
Running 'Checker.LintTimingConstructs' at 'runs/run11/02-checker-linttimingconstructs'…
Check for Lint Timing Errors clear.
Running 'Checker.LintErrors' at 'runs/run11/03-checker-linterrors'…
Check for Lint errors clear.
Running 'Checker.LintWarnings' at 'runs/run11/04-checker-lintwarnings'…
12 Lint warnings found.
Running 'Yosys.JsonHeader' at 'runs/run11/05-yosys-jsonheader'…
Logging subprocess to [repr.filename]'runs/run11/05-yosys-jsonheader/yosys-jsonheader.log'[/repr.filename]…
Running 'Yosys.Synthesis' at 'runs/run11/06-yosys-synthesis'…
Logging subprocess to [repr.filename]'runs/run11/06-yosys-synthesis/yosys-synthesis.log'[/repr.filename]…
Parsing synthesis checks…
Running 'Checker.YosysUnmappedCells' at 'runs/run11/07-checker-yosysunmappedcells'…
Check for Unmapped Yosys instances clear.
Running 'Checker.YosysSynthChecks' at 'runs/run11/08-checker-yosyssynthchecks'…
Check for Yosys check errors clear.
Running 'Checker.NetlistAssignStatements' at 'runs/run11/09-checker-netlistassignstatements'…
Running 'OpenROAD.CheckSDCFiles' at 'runs/run11/10-openroad-checksdcfiles'…
Running 'OpenROAD.CheckMacroInstances' at 'runs/run11/11-openroad-checkmacroinstances'…
No macros found, skipping instance check…
Running 'OpenROAD.STAPrePNR' at 'runs/run11/12-openroad-staprepnr'…
Starting STA for the nom_tt_025C_3v30 timing corner…
Starting STA for the max_ss_125C_3v00 timing corner…
Starting STA for the min_ff_n40C_3v60 timing corner…
Logging subprocess to [repr.filename]'runs/run11/12-openroad-staprepnr/nom_tt_025C_3v30/sta.log'[/repr.filename]…
Logging subprocess to [repr.filename]'runs/run11/12-openroad-staprepnr/max_ss_125C_3v00/sta.log'[/repr.filename]…
Logging subprocess to [repr.filename]'runs/run11/12-openroad-staprepnr/min_ff_n40C_3v60/sta.log'[/repr.filename]…
Finished STA for the min_ff_n40C_3v60 timing corner.
Finished STA for the nom_tt_025C_3v30 timing corner.
Finished STA for the max_ss_125C_3v00 timing corner.
Running 'OpenROAD.Floorplan' at 'runs/run11/13-openroad-floorplan'…
Logging subprocess to [repr.filename]'runs/run11/13-openroad-floorplan/openroad-floorplan.log'[/repr.filename]…
[IFP-0028] Core area lower left (20.000, 20.000) snapped to (20.160, 23.520).
Running 'OpenROAD.DumpRCValues' at 'runs/run11/14-openroad-dumprcvalues'…
Logging subprocess to [repr.filename]'runs/run11/14-openroad-dumprcvalues/openroad-dumprcvalues.log'[/repr.filename]…
Running 'Odb.CheckMacroAntennaProperties' at 'runs/run11/15-odb-checkmacroantennaproperties'…
No cells provided, skipping 'Odb.CheckMacroAntennaProperties'…
Running 'Odb.SetPowerConnections' at 'runs/run11/16-odb-setpowerconnections'…
Logging subprocess to [repr.filename]'runs/run11/16-odb-setpowerconnections/odb-setpowerconnections.log'[/repr.filename]…
Running 'Odb.ManualMacroPlacement' at 'runs/run11/17-odb-manualmacroplacement'…
No instances found, skipping 'Odb.ManualMacroPlacement'…
Running 'OpenROAD.CutRows' at 'runs/run11/18-openroad-cutrows'…
Logging subprocess to [repr.filename]'runs/run11/18-openroad-cutrows/openroad-cutrows.log'[/repr.filename]…
Running 'OpenROAD.TapEndcapInsertion' at 'runs/run11/19-openroad-tapendcapinsertion'…
Logging subprocess to [repr.filename]'runs/run11/19-openroad-tapendcapinsertion/openroad-tapendcapinsertion.log'[/repr.filename]…
Running 'Odb.AddPDNObstructions' at 'runs/run11/20-odb-addpdnobstructions'…
'PDN_OBSTRUCTIONS' is not defined. Skipping 'Odb.AddPDNObstructions'…
Running 'OpenROAD.GeneratePDN' at 'runs/run11/21-openroad-generatepdn'…
Logging subprocess to [repr.filename]'runs/run11/21-openroad-generatepdn/openroad-generatepdn.log'[/repr.filename]…
Running 'Odb.RemovePDNObstructions' at 'runs/run11/22-odb-removepdnobstructions'…
'PDN_OBSTRUCTIONS' is not defined. Skipping 'Odb.RemovePDNObstructions'…
Running 'Odb.AddRoutingObstructions' at 'runs/run11/23-odb-addroutingobstructions'…
'ROUTING_OBSTRUCTIONS' is not defined. Skipping 'Odb.AddRoutingObstructions'…
Running 'OpenROAD.GlobalPlacementSkipIO' at 'runs/run11/24-openroad-globalplacementskipio'…
I/O pins were loaded from /foss/designs/ascon_run_deffile/A10_A.def. Returning state unaltered…
Running 'OpenROAD.IOPlacement' at 'runs/run11/25-openroad-ioplacement'…
I/O pins were loaded from /foss/designs/ascon_run_deffile/A10_A.def. Skipping OpenROAD.IOPlacement…
Running 'Odb.CustomIOPlacement' at 'runs/run11/26-odb-customioplacement'…
No custom I/O placement file configured, skipping 'Odb.CustomIOPlacement'…
Running 'Odb.ApplyDEFTemplate' at 'runs/run11/27-odb-applydeftemplate'…
Logging subprocess to [repr.filename]'runs/run11/27-odb-applydeftemplate/odb-applydeftemplate.log'[/repr.filename]…
Bterm VSS is declared as a 'GROUND' pin. It will be ignored.
Bterm VDD is declared as a 'POWER' pin. It will be ignored.
VDD not found in template layout, but found in design layout.
VSS not found in template layout, but found in design layout.
The die area specificied in FP_DEF_TEMPLATE is different than the design die area. Pin placement may be incorrect.
Design area: 0.0 0.0 1110.0 1110.0. Template def area: 0.0 0.0 11100.0 11100.0
Running 'OpenROAD.GlobalPlacement' at 'runs/run11/28-openroad-globalplacement'…
Logging subprocess to [repr.filename]'runs/run11/28-openroad-globalplacement/openroad-globalplacement.log'[/repr.filename]…
[GRT-0281] Net clk_IN has a large fanout of 2457 terminals.
[GRT-0281] Net u_core.rst_n_clk has a large fanout of 2455 terminals.
Running 'Odb.WriteVerilogHeader' at 'runs/run11/29-odb-writeverilogheader'…
Logging subprocess to [repr.filename]'runs/run11/29-odb-writeverilogheader/odb-writeverilogheader.log'[/repr.filename]…
Running 'Checker.PowerGridViolations' at 'runs/run11/30-checker-powergridviolations'…
Check for power grid violations (as reported by OpenROAD PSM- you may ignore these if LVS passes) clear.
Running 'OpenROAD.STAMidPNR' at 'runs/run11/31-openroad-stamidpnr'…
Logging subprocess to [repr.filename]'runs/run11/31-openroad-stamidpnr/openroad-stamidpnr.log'[/repr.filename]…
Running 'OpenROAD.RepairDesignPostGPL' at 'runs/run11/32-openroad-repairdesignpostgpl'…
Logging subprocess to [repr.filename]'runs/run11/32-openroad-repairdesignpostgpl/openroad-repairdesignpostgpl.log'[/repr.filename]…
[RSZ-0065] max wire length less than 28858u increases wire delays.
[RSZ-0020] found 2 floating nets.
Running 'Odb.ManualGlobalPlacement' at 'runs/run11/33-odb-manualglobalplacement'…
'MANUAL_GLOBAL_PLACEMENTS' not set. Skipping 'Odb.ManualGlobalPlacement'…
Running 'OpenROAD.DetailedPlacement' at 'runs/run11/34-openroad-detailedplacement'…
Logging subprocess to [repr.filename]'runs/run11/34-openroad-detailedplacement/openroad-detailedplacement.log'[/repr.filename]…
Running 'OpenROAD.CTS' at 'runs/run11/35-openroad-cts'…
Logging subprocess to [repr.filename]'runs/run11/35-openroad-cts/openroad-cts.log'[/repr.filename]…
Running 'OpenROAD.STAMidPNR-1' at 'runs/run11/36-openroad-stamidpnr-1'…
Logging subprocess to [repr.filename]'runs/run11/36-openroad-stamidpnr-1/openroad-stamidpnr-1.log'[/repr.filename]…
Running 'OpenROAD.ResizerTimingPostCTS' at 'runs/run11/37-openroad-resizertimingpostcts'…
Logging subprocess to [repr.filename]'runs/run11/37-openroad-resizertimingpostcts/openroad-resizertimingpostcts.log'[/repr.filename]…
Running 'OpenROAD.STAMidPNR-2' at 'runs/run11/38-openroad-stamidpnr-2'…
Logging subprocess to [repr.filename]'runs/run11/38-openroad-stamidpnr-2/openroad-stamidpnr-2.log'[/repr.filename]…
Running 'OpenROAD.GlobalRouting' at 'runs/run11/39-openroad-globalrouting'…
Logging subprocess to [repr.filename]'runs/run11/39-openroad-globalrouting/openroad-globalrouting.log'[/repr.filename]…
Running 'OpenROAD.CheckAntennas' at 'runs/run11/40-openroad-checkantennas'…
Logging subprocess to [repr.filename]'runs/run11/40-openroad-checkantennas/openroad-checkantennas.log'[/repr.filename]…
Running 'OpenROAD.RepairDesignPostGRT' at 'runs/run11/41-openroad-repairdesignpostgrt'…
Logging subprocess to [repr.filename]'runs/run11/41-openroad-repairdesignpostgrt/openroad-repairdesignpostgrt.log'[/repr.filename]…
Running 'Odb.DiodesOnPorts' at 'runs/run11/42-odb-diodesonports'…
Running 'Odb.PortDiodePlacement' at 'runs/run11/42-odb-diodesonports/1-odb-portdiodeplacement'…
Logging subprocess to [repr.filename]'runs/run11/42-odb-diodesonports/1-odb-portdiodeplacement/odb-portdiodeplacement.log'[/repr.filename]…
Running 'OpenROAD.DetailedPlacement' at 'runs/run11/42-odb-diodesonports/2-openroad-detailedplacement'…
Logging subprocess to [repr.filename]'runs/run11/42-odb-diodesonports/2-openroad-detailedplacement/openroad-detailedplacement.log'[/repr.filename]…
Running 'OpenROAD.GlobalRouting' at 'runs/run11/42-odb-diodesonports/3-openroad-globalrouting'…
Logging subprocess to [repr.filename]'runs/run11/42-odb-diodesonports/3-openroad-globalrouting/openroad-globalrouting.log'[/repr.filename]…
Running 'Odb.HeuristicDiodeInsertion' at 'runs/run11/43-odb-heuristicdiodeinsertion'…
Running 'Odb.FuzzyDiodePlacement' at 'runs/run11/43-odb-heuristicdiodeinsertion/1-odb-fuzzydiodeplacement'…
Logging subprocess to [repr.filename]'runs/run11/43-odb-heuristicdiodeinsertion/1-odb-fuzzydiodeplacement/odb-fuzzydiodeplacement.log'[/repr.filename]…
Running 'OpenROAD.DetailedPlacement' at 'runs/run11/43-odb-heuristicdiodeinsertion/2-openroad-detailedplacement'…
Logging subprocess to [repr.filename]'runs/run11/43-odb-heuristicdiodeinsertion/2-openroad-detailedplacement/openroad-detailedplacement.log'[/repr.filename]…
Running 'OpenROAD.GlobalRouting' at 'runs/run11/43-odb-heuristicdiodeinsertion/3-openroad-globalrouting'…
Logging subprocess to [repr.filename]'runs/run11/43-odb-heuristicdiodeinsertion/3-openroad-globalrouting/openroad-globalrouting.log'[/repr.filename]…
Running 'OpenROAD.RepairAntennas' at 'runs/run11/44-openroad-repairantennas'…
Running 'OpenROAD.DiodeInsertion' at 'runs/run11/44-openroad-repairantennas/1-openroad-diodeinsertion'…
Logging subprocess to [repr.filename]'runs/run11/44-openroad-repairantennas/1-openroad-diodeinsertion/openroad-diodeinsertion.log'[/repr.filename]…
Running 'OpenROAD.CheckAntennas' at 'runs/run11/44-openroad-repairantennas/2-openroad-checkantennas'…
Logging subprocess to [repr.filename]'runs/run11/44-openroad-repairantennas/2-openroad-checkantennas/openroad-checkantennas.log'[/repr.filename]…
Running 'OpenROAD.ResizerTimingPostGRT' at 'runs/run11/45-openroad-resizertimingpostgrt'…
Logging subprocess to [repr.filename]'runs/run11/45-openroad-resizertimingpostgrt/openroad-resizertimingpostgrt.log'[/repr.filename]…
Running 'OpenROAD.STAMidPNR-3' at 'runs/run11/46-openroad-stamidpnr-3'…
Logging subprocess to [repr.filename]'runs/run11/46-openroad-stamidpnr-3/openroad-stamidpnr-3.log'[/repr.filename]…
Running 'OpenROAD.DetailedRouting' at 'runs/run11/47-openroad-detailedrouting'…
Running TritonRoute with 12 threads…
Logging subprocess to [repr.filename]'runs/run11/47-openroad-detailedrouting/openroad-detailedrouting.log'[/repr.filename]…
[DRT-0349] LEF58_ENCLOSURE with no CUTCLASS is not supported. Skipping for layer Via1
[DRT-0349] LEF58_ENCLOSURE with no CUTCLASS is not supported. Skipping for layer Via1
[DRT-0349] LEF58_ENCLOSURE with no CUTCLASS is not supported. Skipping for layer Via2
[DRT-0349] LEF58_ENCLOSURE with no CUTCLASS is not supported. Skipping for layer Via2
[DRT-0349] LEF58_ENCLOSURE with no CUTCLASS is not supported. Skipping for layer Via3
[DRT-0349] LEF58_ENCLOSURE with no CUTCLASS is not supported. Skipping for layer Via3
[DRT-0349] LEF58_ENCLOSURE with no CUTCLASS is not supported. Skipping for layer Via4
[DRT-0349] LEF58_ENCLOSURE with no CUTCLASS is not supported. Skipping for layer Via4
Running 'Odb.RemoveRoutingObstructions' at 'runs/run11/48-odb-removeroutingobstructions'…
'ROUTING_OBSTRUCTIONS' is not defined. Skipping 'Odb.RemoveRoutingObstructions'…
Running 'OpenROAD.CheckAntennas-1' at 'runs/run11/49-openroad-checkantennas-1'…
Logging subprocess to [repr.filename]'runs/run11/49-openroad-checkantennas-1/openroad-checkantennas-1.log'[/repr.filename]…
Running 'Checker.TrDRC' at 'runs/run11/50-checker-trdrc'…
Check for Routing DRC errors clear.
Running 'Odb.ReportDisconnectedPins' at 'runs/run11/51-odb-reportdisconnectedpins'…
Logging subprocess to [repr.filename]'runs/run11/51-odb-reportdisconnectedpins/odb-reportdisconnectedpins.log'[/repr.filename]…
Running 'Checker.DisconnectedPins' at 'runs/run11/52-checker-disconnectedpins'…
Check for critical disconnected pins clear.
Running 'Odb.ReportWireLength' at 'runs/run11/53-odb-reportwirelength'…
Logging subprocess to [repr.filename]'runs/run11/53-odb-reportwirelength/odb-reportwirelength.log'[/repr.filename]…
Running 'Checker.WireLength' at 'runs/run11/54-checker-wirelength'…
Threshold for Threshold-surpassing long wires is not set. The checker will be skipped.
Running 'OpenROAD.FillInsertion' at 'runs/run11/55-openroad-fillinsertion'…
Logging subprocess to [repr.filename]'runs/run11/55-openroad-fillinsertion/openroad-fillinsertion.log'[/repr.filename]…
Running 'Odb.CellFrequencyTables' at 'runs/run11/56-odb-cellfrequencytables'…
Logging subprocess to [repr.filename]'runs/run11/56-odb-cellfrequencytables/buffer_list.txt'[/repr.filename]…
Logging subprocess to [repr.filename]'runs/run11/56-odb-cellfrequencytables/odb-cellfrequencytables.log'[/repr.filename]…
Running 'OpenROAD.RCX' at 'runs/run11/57-openroad-rcx'…
Running RCX for corners matching nom_* (/foss/designs/ascon_run_deffile/runs/run11/57-openroad-rcx/nom/rcx.log)…
Running RCX for corners matching max_* (/foss/designs/ascon_run_deffile/runs/run11/57-openroad-rcx/max/rcx.log)…
Running RCX for corners matching min_* (/foss/designs/ascon_run_deffile/runs/run11/57-openroad-rcx/min/rcx.log)…
Logging subprocess to [repr.filename]'runs/run11/57-openroad-rcx/nom/rcx.log'[/repr.filename]…
Logging subprocess to [repr.filename]'runs/run11/57-openroad-rcx/min/rcx.log'[/repr.filename]…
Logging subprocess to [repr.filename]'runs/run11/57-openroad-rcx/max/rcx.log'[/repr.filename]…
Finished RCX for corners matching nom_*.
Finished RCX for corners matching min_*.
Finished RCX for corners matching max_*.
Running 'OpenROAD.STAPostPNR' at 'runs/run11/58-openroad-stapostpnr'…
Starting STA for the nom_tt_025C_3v30 timing corner…
Starting STA for the max_ss_125C_3v00 timing corner…
Starting STA for the min_ff_n40C_3v60 timing corner…
Logging subprocess to [repr.filename]'runs/run11/58-openroad-stapostpnr/nom_tt_025C_3v30/sta.log'[/repr.filename]…
Logging subprocess to [repr.filename]'runs/run11/58-openroad-stapostpnr/max_ss_125C_3v00/sta.log'[/repr.filename]…
Logging subprocess to [repr.filename]'runs/run11/58-openroad-stapostpnr/min_ff_n40C_3v60/sta.log'[/repr.filename]…
Finished STA for the max_ss_125C_3v00 timing corner.
Finished STA for the nom_tt_025C_3v30 timing corner.
Logging subprocess to [repr.filename]'runs/run11/58-openroad-stapostpnr/max_ss_125C_3v00/filter_unannotated.log'[/repr.filename]…
Logging subprocess to [repr.filename]'runs/run11/58-openroad-stapostpnr/nom_tt_025C_3v30/filter_unannotated.log'[/repr.filename]…
Finished STA for the min_ff_n40C_3v60 timing corner.
Logging subprocess to [repr.filename]'runs/run11/58-openroad-stapostpnr/min_ff_n40C_3v60/filter_unannotated.log'[/repr.filename]…
Running 'OpenROAD.IRDropReport' at 'runs/run11/59-openroad-irdropreport'…
'VSRC_LOC_FILES' was not given a value, which may make the results of IR drop analysis inaccurate. If you are not integrating a top-level chip for manufacture, you may ignore this warning, otherwise, see the documentation for 'VSRC_LOC_FILES'.
Logging subprocess to [repr.filename]'runs/run11/59-openroad-irdropreport/openroad-irdropreport.log'[/repr.filename]…
+ analyze_power_grid -net VDD -voltage_file /foss/designs/ascon_run_deffile/runs/run11/59-openroad-irdropreport/net-VDD.csv
[INFO PSM-0040] All shapes on net VDD are connected.
########## IR report #################
Net              : VDD
Corner           : max_ss_125C_3v00
Total power      : 1.26e-02 W
Supply voltage   : 3.00e+00 V
Worstcase voltage: 2.99e+00 V
Average voltage  : 2.99e+00 V
Average IR drop  : 9.07e-03 V
Worstcase IR drop: 1.12e-02 V
Percentage drop  : 0.37 %
######################################
+ analyze_power_grid -net VSS -voltage_file /foss/designs/ascon_run_deffile/runs/run11/59-openroad-irdropreport/net-VSS.csv
[INFO PSM-0040] All shapes on net VSS are connected.
########## IR report #################
Net              : VSS
Corner           : max_ss_125C_3v00
Total power      : 1.26e-02 W
Supply voltage   : 0.00e+00 V
Worstcase voltage: 1.24e-02 V
Average voltage  : 1.02e-02 V
Average IR drop  : 1.02e-02 V
Worstcase IR drop: 1.24e-02 V
Percentage drop  : 0.41 %
######################################

Running 'Magic.StreamOut' at 'runs/run11/60-magic-streamout'…
Logging subprocess to [repr.filename]'runs/run11/60-magic-streamout/magic-streamout.log'[/repr.filename]…
Running 'KLayout.StreamOut' at 'runs/run11/61-klayout-streamout'…
Logging subprocess to [repr.filename]'runs/run11/61-klayout-streamout/klayout-streamout.log'[/repr.filename]…
Running 'KLayout.Render' at 'runs/run11/62-klayout-render'…
Logging subprocess to [repr.filename]'runs/run11/62-klayout-render/klayout-render.log'[/repr.filename]…
Running 'Magic.WriteLEF' at 'runs/run11/63-magic-writelef'…
Logging subprocess to [repr.filename]'runs/run11/63-magic-writelef/magic-writelef.log'[/repr.filename]…
Running 'Odb.CheckDesignAntennaProperties' at 'runs/run11/64-odb-checkdesignantennaproperties'…
Logging subprocess to [repr.filename]'runs/run11/64-odb-checkdesignantennaproperties/odb-checkdesignantennaproperties.log'[/repr.filename]…
Cell 'A10_A' has (1) input pin(s) without antenna gate information. They might not be connected to a gate.
Running 'KLayout.XOR' at 'runs/run11/65-klayout-xor'…
Running XOR with 12 threads…
Logging subprocess to [repr.filename]'runs/run11/65-klayout-xor/klayout-xor.log'[/repr.filename]…
Running 'Checker.XOR' at 'runs/run11/66-checker-xor'…
Check for XOR differences clear.
Running 'Magic.DRC' at 'runs/run11/67-magic-drc'…
Logging subprocess to [repr.filename]'runs/run11/67-magic-drc/magic-drc.log'[/repr.filename]…
Running 'KLayout.DRC' at 'runs/run11/68-klayout-drc'…
KLAYOUT_DRC_RUNSET is unset. KLayout.DRC may not be supported for the gf180mcuD PDK. This step will be skipped.
Running 'Checker.MagicDRC' at 'runs/run11/69-checker-magicdrc'…
Check for Magic DRC errors clear.
Running 'Checker.KLayoutDRC' at 'runs/run11/70-checker-klayoutdrc'…
The KLayout DRC errors metric was not found. Are you sure the relevant step was run?
Running 'Magic.SpiceExtraction' at 'runs/run11/71-magic-spiceextraction'…
Logging subprocess to [repr.filename]'runs/run11/71-magic-spiceextraction/magic-spiceextraction.log'[/repr.filename]…
Running 'Checker.IllegalOverlap' at 'runs/run11/72-checker-illegaloverlap'…
Check for Magic Illegal Overlap errors clear.
Running 'Netgen.LVS' at 'runs/run11/73-netgen-lvs'…
Logging subprocess to [repr.filename]'runs/run11/73-netgen-lvs/netgen-lvs.log'[/repr.filename]…
Running 'Checker.LVS' at 'runs/run11/74-checker-lvs'…
Check for LVS errors clear.
Gating variable for step 'Yosys.EQY' set to 'False'- the step will be skipped.
Skipping step 'Equivalence Check'…
Running 'Checker.SetupViolations' at 'runs/run11/75-checker-setupviolations'…
No setup violations found
Running 'Checker.HoldViolations' at 'runs/run11/76-checker-holdviolations'…
No hold violations found
Running 'Checker.MaxSlewViolations' at 'runs/run11/77-checker-maxslewviolations'…
Max Slew violations found in the following corners:
* max_ss_125C_3v00
No max slew violations found
Running 'Checker.MaxCapViolations' at 'runs/run11/78-checker-maxcapviolations'…
No max cap violations found
Running 'Misc.ReportManufacturability' at 'runs/run11/79-misc-reportmanufacturability'…
klayout__drc_error__count not reported. KLayout.DRC may have been skipped.
Saving views to '/foss/designs/ascon_run_deffile/runs/run11/final'…
Flow complete.
